<html>
<body>
<pre>
<h1>礦ision Build Log</h1>
<h2>Tool Versions:</h2>
IDE-Version: μVision V5.18.0.0
Copyright (C) 2016 ARM Ltd and ARM Germany GmbH. All rights reserved.
License Information: w w, w, LIC=R4HLQ-NFPUT-EY9VT-REYBD-9KMDG-M5B7X
 
Tool Versions:
Toolchain:       MDK-ARM Professional  Version: 5.18
Toolchain Path:  C:\Keil_v5\ARM\ARMCC\Bin
C Compiler:      Armcc.exe V5.06 update 1 (build 61)
Assembler:       Armasm.exe V5.06 update 1 (build 61)
Linker/Locator:  ArmLink.exe V5.06 update 1 (build 61)
Library Manager: ArmAr.exe V5.06 update 1 (build 61)
Hex Converter:   FromElf.exe V5.06 update 1 (build 61)
CPU DLL:         SARMCM3.DLL V5.18
Dialog DLL:      DARMSTM.DLL V1.65.0.0
Target DLL:      Segger\JL2CM3.dll V2.99.18.0
Dialog DLL:      TARMSTM.DLL V1.64.0.0
 
<h2>Project:</h2>
C:\Users\Administrator\Desktop\usb\战舰STM32开发板光盘资料\4，程序源码\标准例程-V3.5库函数版本\实验52 ENC28J60网络模块实验\USER\ENC28J60.uvprojx
Project File Date:  11/12/2017

<h2>Output:</h2>
*** Using Compiler 'V5.06 update 1 (build 61)', folder: 'C:\Keil_v5\ARM\ARMCC\Bin'
Build target 'Target 1'
compiling stm32f10x_it.c...
compiling system_stm32f10x.c...
compiling led.c...
compiling key.c...
compiling main.c...
compiling rtc.c...
compiling tsensor.c...
compiling lcd.c...
compiling adc.c...
compiling timerx.c...
compiling spi.c...
compiling delay.c...
compiling sys.c...
compiling enc28j60.c...
compiling usart.c...
assembling startup_stm32f10x_hd.s...
compiling core_cm3.c...
compiling misc.c...
compiling stm32f10x_bkp.c...
compiling stm32f10x_dbgmcu.c...
compiling stm32f10x_gpio.c...
compiling stm32f10x_fsmc.c...
compiling stm32f10x_pwr.c...
compiling stm32f10x_rcc.c...
compiling stm32f10x_usart.c...
compiling stm32f10x_rtc.c...
compiling stm32f10x_tim.c...
compiling stm32f10x_spi.c...
compiling stm32f10x_adc.c...
compiling usmart.c...
compiling usmart_str.c...
compiling usmart_config.c...
compiling timer.c...
compiling psock.c...
compiling uip_arp.c...
compiling uip.c...
compiling uiplib.c...
compiling uip-fw.c...
compiling uip-neighbor.c...
compiling clock-arch.c...
compiling uip-split.c...
compiling tapdev.c...
compiling tcp_client_demo.c...
compiling tcp_demo.c...
compiling tcp_server_demo.c...
compiling httpd-cgi.c...
compiling httpd.c...
compiling http-strings.c...
compiling httpd-fs.c...
linking...
Program Size: Code=47228 RO-data=9604 RW-data=2280 ZI-data=8192  
FromELF: creating hex file...
"..\OBJ\ENC28J60.axf" - 0 Error(s), 0 Warning(s).

<h2>Software Packages used:</h2>

Package Vendor: ARM
                http://www.keil.com/pack/ARM.CMSIS.4.5.0.pack
                ARM::CMSIS:CORE:4.3.0
                CMSIS (Cortex Microcontroller Software Interface Standard)
   * Component: CORE Version: 4.3.0

<h2>Collection of Component include folders:</h2>
  C:\Users\Administrator\Desktop\usb\战舰STM32开发板光盘资料\4，程序源码\标准例程-V3.5库函数版本\实验52 ENC28J60网络模块实验\USER\RTE
  C:\Keil_v5\ARM\PACK\ARM\CMSIS\4.5.0\CMSIS\Include
  C:\Keil_v5\ARM\PACK\Keil\STM32F1xx_DFP\2.1.0\Device\Include

<h2>Collection of Component Files used:</h2>

   * Component: ARM::CMSIS:CORE:4.3.0
Build Time Elapsed:  00:00:10
</pre>
</body>
</html>
