Component: ARM Compiler 5.06 update 1 (build 61) Tool: armlink [4d35a8]

==============================================================================

Section Cross References

    main.o(i.GPIO_Configuration) refers to stm32f10x_rcc.o(i.RCC_APB2PeriphClockCmd) for RCC_APB2PeriphClockCmd
    main.o(i.GPIO_Configuration) refers to stm32f10x_gpio.o(i.GPIO_Init) for GPIO_Init
    main.o(i.GPIO_Configuration) refers to stm32f10x_gpio.o(i.GPIO_SetBits) for GPIO_SetBits
    main.o(i.NVIC_Configuration) refers to misc.o(i.NVIC_PriorityGroupConfig) for NVIC_PriorityGroupConfig
    main.o(i.NVIC_Configuration) refers to misc.o(i.NVIC_Init) for NVIC_Init
    main.o(i.NVIC_Configuration) refers to stm32f10x_gpio.o(i.GPIO_EXTILineConfig) for GPIO_EXTILineConfig
    main.o(i.NVIC_Configuration) refers to stm32f10x_exti.o(i.EXTI_Init) for EXTI_Init
    main.o(i.RCC_Configuration) refers to system_stm32f10x.o(i.SystemInit) for SystemInit
    main.o(i.RCC_Configuration) refers to stm32f10x_rcc.o(i.RCC_APB2PeriphClockCmd) for RCC_APB2PeriphClockCmd
    main.o(i.Usart1_Init) refers to stm32f10x_rcc.o(i.RCC_APB2PeriphClockCmd) for RCC_APB2PeriphClockCmd
    main.o(i.Usart1_Init) refers to stm32f10x_gpio.o(i.GPIO_Init) for GPIO_Init
    main.o(i.Usart1_Init) refers to stm32f10x_usart.o(i.USART_Init) for USART_Init
    main.o(i.Usart1_Init) refers to stm32f10x_usart.o(i.USART_Cmd) for USART_Cmd
    main.o(i.main) refers to main.o(i.RCC_Configuration) for RCC_Configuration
    main.o(i.main) refers to main.o(i.NVIC_Configuration) for NVIC_Configuration
    main.o(i.main) refers to main.o(i.GPIO_Configuration) for GPIO_Configuration
    main.o(i.main) refers to main.o(i.Usart1_Init) for Usart1_Init
    main.o(i.main) refers to printf8.o(i.__0printf$8) for __2printf
    main.o(i.main) refers to spi.o(i.SPI1_Init) for SPI1_Init
    main.o(i.main) refers to tapdev.o(i.tapdev_init) for tapdev_init
    main.o(i.main) refers to uip.o(i.uip_init) for uip_init
    main.o(i.main) refers to uip.o(i.uip_listen) for uip_listen
    main.o(i.main) refers to tcp_client_demo.o(i.tcp_client_reconnect) for tcp_client_reconnect
    main.o(i.main) refers to main.o(i.uip_polling) for uip_polling
    main.o(i.main) refers to printf8.o(i.__0sprintf$8) for __2sprintf
    main.o(i.main) refers to main.o(.data) for ipaddr
    main.o(i.main) refers to uip.o(.data) for uip_hostaddr
    main.o(i.main) refers to tcp_server_demo.o(.data) for tcp_server_sta
    main.o(i.main) refers to tcp_server_demo.o(.bss) for tcp_server_databuf
    main.o(i.main) refers to tcp_client_demo.o(.data) for tcp_client_sta
    main.o(i.main) refers to tcp_client_demo.o(.bss) for tcp_client_databuf
    main.o(i.sys_now) refers to main.o(.data) for system_tick_num
    main.o(i.uip_polling) refers to timer.o(i.timer_set) for timer_set
    main.o(i.uip_polling) refers to tapdev.o(i.tapdev_read) for tapdev_read
    main.o(i.uip_polling) refers to uip.o(i.htons) for htons
    main.o(i.uip_polling) refers to uip.o(i.uip_process) for uip_process
    main.o(i.uip_polling) refers to uip_arp.o(i.uip_arp_out) for uip_arp_out
    main.o(i.uip_polling) refers to tapdev.o(i.tapdev_send) for tapdev_send
    main.o(i.uip_polling) refers to uip_arp.o(i.uip_arp_arpin) for uip_arp_arpin
    main.o(i.uip_polling) refers to timer.o(i.timer_expired) for timer_expired
    main.o(i.uip_polling) refers to timer.o(i.timer_reset) for timer_reset
    main.o(i.uip_polling) refers to uip_arp.o(i.uip_arp_timer) for uip_arp_timer
    main.o(i.uip_polling) refers to main.o(.data) for timer_ok
    main.o(i.uip_polling) refers to uip.o(.data) for uip_len
    main.o(i.uip_polling) refers to uip.o(.bss) for uip_buf
    stm32f10x_it.o(i.EXTI1_IRQHandler) refers to stm32f10x_exti.o(i.EXTI_GetITStatus) for EXTI_GetITStatus
    stm32f10x_it.o(i.EXTI1_IRQHandler) refers to stm32f10x_exti.o(i.EXTI_ClearITPendingBit) for EXTI_ClearITPendingBit
    stm32f10x_it.o(i.EXTI1_IRQHandler) refers to ethernetif.o(i.process_mac) for process_mac
    stm32f10x_it.o(i.SysTick_Handler) refers to main.o(.data) for system_tick_num
    stm32f10x_it.o(i.SysTick_Handler) refers to stm32f10x_it.o(.data) for uip_timer
    lwipdemo.o(i.lwip_demo) refers to lwipdemo.o(i.lwip_init_task) for lwip_init_task
    lwipdemo.o(i.lwip_demo) refers to loopback.o(i.tcpserver_init) for tcpserver_init
    lwipdemo.o(i.lwip_demo) refers to loopback.o(i.loopclient_init) for loopclient_init
    lwipdemo.o(i.lwip_demo) refers to ethernetif.o(i.process_mac) for process_mac
    lwipdemo.o(i.lwip_demo) refers to timers.o(i.sys_check_timeouts) for sys_check_timeouts
    lwipdemo.o(i.lwip_demo) refers to netif.o(i.netif_poll_all) for netif_poll_all
    lwipdemo.o(i.lwip_init_task) refers to init.o(i.lwip_init) for lwip_init
    lwipdemo.o(i.lwip_init_task) refers to netif.o(i.netif_add) for netif_add
    lwipdemo.o(i.lwip_init_task) refers to netif.o(i.netif_set_default) for netif_set_default
[...]
    ..\..\lwip\src\core\pbuf.c               0x00000000   Number         0  pbuf.o ABSOLUTE
    ..\..\lwip\src\core\raw.c                0x00000000   Number         0  raw.o ABSOLUTE
    ..\..\lwip\src\core\stats.c              0x00000000   Number         0  stats.o ABSOLUTE
    ..\..\lwip\src\core\sys.c                0x00000000   Number         0  sys.o ABSOLUTE
    ..\..\lwip\src\core\tcp.c                0x00000000   Number         0  tcp.o ABSOLUTE
    ..\..\lwip\src\core\tcp_in.c             0x00000000   Number         0  tcp_in.o ABSOLUTE
    ..\..\lwip\src\core\tcp_out.c            0x00000000   Number         0  tcp_out.o ABSOLUTE
    ..\..\lwip\src\core\timers.c             0x00000000   Number         0  timers.o ABSOLUTE
    ..\..\lwip\src\core\udp.c                0x00000000   Number         0  udp.o ABSOLUTE
    ..\..\lwip\src\netif\etharp.c            0x00000000   Number         0  etharp.o ABSOLUTE
    ..\..\lwip\src\netif\ethernetif.c        0x00000000   Number         0  ethernetif.o ABSOLUTE
    ..\..\lwip\src\netif\slipif.c            0x00000000   Number         0  slipif.o ABSOLUTE
    ..\\..\\Libraries\\CMSIS\\core_cm3.c     0x00000000   Number         0  core_cm3.o ABSOLUTE
    ..\\..\\Source\\src\\main.c              0x00000000   Number         0  main.o ABSOLUTE
    cdrcmple.s                               0x00000000   Number         0  cdrcmple.o ABSOLUTE
    dc.s                                     0x00000000   Number         0  dc.o ABSOLUTE
    handlers.s                               0x00000000   Number         0  handlers.o ABSOLUTE
    init.s                                   0x00000000   Number         0  init.o ABSOLUTE
    RESET                                    0x08000000   Section      304  startup_stm32f10x_hd.o(RESET)
    .ARM.Collect$$$$00000000                 0x08000130   Section        0  entry.o(.ARM.Collect$$$$00000000)
    .ARM.Collect$$$$00000001                 0x08000130   Section        4  entry2.o(.ARM.Collect$$$$00000001)
    .ARM.Collect$$$$00000004                 0x08000134   Section        4  entry5.o(.ARM.Collect$$$$00000004)
    .ARM.Collect$$$$00000008                 0x08000138   Section        0  entry7b.o(.ARM.Collect$$$$00000008)
    .ARM.Collect$$$$0000000A                 0x08000138   Section        0  entry8b.o(.ARM.Collect$$$$0000000A)
    .ARM.Collect$$$$0000000B                 0x08000138   Section        8  entry9a.o(.ARM.Collect$$$$0000000B)
    .ARM.Collect$$$$0000000D                 0x08000140   Section        0  entry10a.o(.ARM.Collect$$$$0000000D)
    .ARM.Collect$$$$0000000F                 0x08000140   Section        0  entry11a.o(.ARM.Collect$$$$0000000F)
    .ARM.Collect$$$$00002712                 0x08000140   Section        4  entry2.o(.ARM.Collect$$$$00002712)
    __lit__00000000                          0x08000140   Data           4  entry2.o(.ARM.Collect$$$$00002712)
    .text                                    0x08000144   Section       36  startup_stm32f10x_hd.o(.text)
    .text                                    0x08000168   Section        0  memcpya.o(.text)
    .text                                    0x0800018c   Section        0  memseta.o(.text)
    .text                                    0x080001b0   Section        0  strstr.o(.text)
    .text                                    0x080001d4   Section        0  strncpy.o(.text)
    .text                                    0x080001ec   Section        0  strchr.o(.text)
    .text                                    0x08000200   Section        0  strlen.o(.text)
    .text                                    0x0800020e   Section        0  strcpy.o(.text)
    .text                                    0x08000220   Section        0  strncmp.o(.text)
    .text                                    0x0800023e   Section        0  strrchr.o(.text)
    .text                                    0x0800025e   Section        0  uldiv.o(.text)
    .text                                    0x080002c0   Section       36  init.o(.text)
    .text                                    0x080002e4   Section        0  llshl.o(.text)
    .text                                    0x08000302   Section        0  llushr.o(.text)
    .text                                    0x08000322   Section        0  __dclz77c.o(.text)
    i.BusFault_Handler                       0x08000380   Section        0  stm32f10x_it.o(i.BusFault_Handler)
    i.DebugMon_Handler                       0x08000384   Section        0  stm32f10x_it.o(i.DebugMon_Handler)
    i.EXTI1_IRQHandler                       0x08000386   Section        0  stm32f10x_it.o(i.EXTI1_IRQHandler)
    i.EXTI_ClearITPendingBit                 0x080003a0   Section        0  stm32f10x_exti.o(i.EXTI_ClearITPendingBit)
    i.EXTI_GetITStatus                       0x080003ac   Section        0  stm32f10x_exti.o(i.EXTI_GetITStatus)
    i.EXTI_Init                              0x080003d4   Section        0  stm32f10x_exti.o(i.EXTI_Init)
    i.GPIO_Configuration                     0x08000468   Section        0  main.o(i.GPIO_Configuration)
    i.GPIO_EXTILineConfig                    0x080004fc   Section        0  stm32f10x_gpio.o(i.GPIO_EXTILineConfig)
    i.GPIO_Init                              0x0800053c   Section        0  stm32f10x_gpio.o(i.GPIO_Init)
    i.GPIO_SetBits                           0x08000652   Section        0  stm32f10x_gpio.o(i.GPIO_SetBits)
    i.HardFault_Handler                      0x08000656   Section        0  stm32f10x_it.o(i.HardFault_Handler)
    i.MemManage_Handler                      0x0800065a   Section        0  stm32f10x_it.o(i.MemManage_Handler)
    i.NMI_Handler                            0x0800065e   Section        0  stm32f10x_it.o(i.NMI_Handler)
    i.NVIC_Configuration                     0x08000660   Section        0  main.o(i.NVIC_Configuration)
    i.NVIC_Init                              0x080006a8   Section        0  misc.o(i.NVIC_Init)
    i.NVIC_PriorityGroupConfig               0x08000718   Section        0  misc.o(i.NVIC_PriorityGroupConfig)
    i.PacketReceive                          0x0800072c   Section        0  ethernetif.o(i.PacketReceive)
    i.PendSV_Handler                         0x080007c0   Section        0  stm32f10x_it.o(i.PendSV_Handler)
    i.RCC_APB2PeriphClockCmd                 0x080007c4   Section        0  stm32f10x_rcc.o(i.RCC_APB2PeriphClockCmd)
    i.RCC_Configuration                      0x080007e4   Section        0  main.o(i.RCC_Configuration)
    i.RCC_GetClocksFreq                      0x080007f4   Section        0  stm32f10x_rcc.o(i.RCC_GetClocksFreq)
    i.SPI1_Init                              0x080008c8   Section        0  spi.o(i.SPI1_Init)
    i.SPI1_ReadWrite                         0x08000964   Section        0  spi.o(i.SPI1_ReadWrite)
    i.SPI_Cmd                                0x0800099c   Section        0  stm32f10x_spi.o(i.SPI_Cmd)
    i.SPI_I2S_GetFlagStatus                  0x080009b4   Section        0  stm32f10x_spi.o(i.SPI_I2S_GetFlagStatus)
    i.SPI_I2S_ReceiveData                    0x080009c6   Section        0  stm32f10x_spi.o(i.SPI_I2S_ReceiveData)
    i.SPI_I2S_SendData                       0x080009cc   Section        0  stm32f10x_spi.o(i.SPI_I2S_SendData)
    i.SPI_Init                               0x080009d0   Section        0  stm32f10x_spi.o(i.SPI_Init)
    i.SVC_Handler                            0x08000a0c   Section        0  stm32f10x_it.o(i.SVC_Handler)
    i.SetSysClock                            0x08000a0e   Section        0  system_stm32f10x.o(i.SetSysClock)
    SetSysClock                              0x08000a0f   Thumb Code     8  system_stm32f10x.o(i.SetSysClock)
    i.SetSysClockTo72                        0x08000a18   Section        0  system_stm32f10x.o(i.SetSysClockTo72)
    SetSysClockTo72                          0x08000a19   Thumb Code   214  system_stm32f10x.o(i.SetSysClockTo72)
    i.SysTick_Handler                        0x08000af8   Section        0  stm32f10x_it.o(i.SysTick_Handler)
    i.SystemInit                             0x08000b18   Section        0  system_stm32f10x.o(i.SystemInit)
    i.USART_Cmd                              0x08000b78   Section        0  stm32f10x_usart.o(i.USART_Cmd)
    i.USART_GetFlagStatus                    0x08000b90   Section        0  stm32f10x_usart.o(i.USART_GetFlagStatus)
    i.USART_Init                             0x08000bac   Section        0  stm32f10x_usart.o(i.USART_Init)
    i.USART_SendData                         0x08000c84   Section        0  stm32f10x_usart.o(i.USART_SendData)
    i.UsageFault_Handler                     0x08000c8c   Section        0  stm32f10x_it.o(i.UsageFault_Handler)
    i.Usart1_Init                            0x08000c90   Section        0  main.o(i.Usart1_Init)
    i.__0printf$8                            0x08000d08   Section        0  printf8.o(i.__0printf$8)
    i.__0snprintf$8                          0x08000d28   Section        0  printf8.o(i.__0snprintf$8)
    i.__0sprintf$8                           0x08000d50   Section        0  printf8.o(i.__0sprintf$8)
    i.__scatterload_copy                     0x08000d78   Section       14  handlers.o(i.__scatterload_copy)
    i.__scatterload_null                     0x08000d86   Section        2  handlers.o(i.__scatterload_null)
    i.__scatterload_zeroinit                 0x08000d88   Section       14  handlers.o(i.__scatterload_zeroinit)
    i._printf_core                           0x08000d98   Section        0  printf8.o(i._printf_core)
    _printf_core                             0x08000d99   Thumb Code   996  printf8.o(i._printf_core)
    i._printf_post_padding                   0x080011a8   Section        0  printf8.o(i._printf_post_padding)
    _printf_post_padding                     0x080011a9   Thumb Code    36  printf8.o(i._printf_post_padding)
    i._printf_pre_padding                    0x080011cc   Section        0  printf8.o(i._printf_pre_padding)
    _printf_pre_padding                      0x080011cd   Thumb Code    46  printf8.o(i._printf_pre_padding)
    i._snputc                                0x080011fa   Section        0  printf8.o(i._snputc)
    _snputc                                  0x080011fb   Thumb Code    22  printf8.o(i._snputc)
    i._sputc                                 0x08001210   Section        0  printf8.o(i._sputc)
    _sputc                                   0x08001211   Thumb Code    10  printf8.o(i._sputc)
    i.buf_bufto                              0x0800121a   Section        0  psock.o(i.buf_bufto)
    buf_bufto                                0x0800121b   Thumb Code   102  psock.o(i.buf_bufto)
    i.buf_setup                              0x08001280   Section        0  psock.o(i.buf_setup)
    buf_setup                                0x08001281   Thumb Code     6  psock.o(i.buf_setup)
    i.chksum                                 0x08001286   Section        0  uip.o(i.chksum)
    chksum                                   0x08001287   Thumb Code    70  uip.o(i.chksum)
    i.clock_time                             0x080012cc   Section        0  clock-arch.o(i.clock_time)
    i.data_acked                             0x080012d8   Section        0  psock.o(i.data_acked)
    data_acked                               0x080012d9   Thumb Code    82  psock.o(i.data_acked)
    i.enc28j60Init                           0x08001334   Section        0  enc28j60.o(i.enc28j60Init)
    i.enc28j60PacketReceive                  0x0800154c   Section        0  enc28j60.o(i.enc28j60PacketReceive)
    i.enc28j60PacketSend                     0x0800160c   Section        0  enc28j60.o(i.enc28j60PacketSend)
    i.enc28j60PhyWrite                       0x08001688   Section        0  enc28j60.o(i.enc28j60PhyWrite)
    i.enc28j60Read                           0x080016ba   Section        0  enc28j60.o(i.enc28j60Read)
    i.enc28j60ReadBuffer                     0x080016d0   Section        0  enc28j60.o(i.enc28j60ReadBuffer)
    i.enc28j60ReadOp                         0x08001708   Section        0  enc28j60.o(i.enc28j60ReadOp)
    i.enc28j60SetBank                        0x0800174c   Section        0  enc28j60.o(i.enc28j60SetBank)
    i.enc28j60Write                          0x08001780   Section        0  enc28j60.o(i.enc28j60Write)
    i.enc28j60WriteBuffer                    0x08001798   Section        0  enc28j60.o(i.enc28j60WriteBuffer)
    i.enc28j60WriteOp                        0x080017c8   Section        0  enc28j60.o(i.enc28j60WriteOp)
    i.enc28j60clkout                         0x08001800   Section        0  enc28j60.o(i.enc28j60clkout)
    i.ethernetif_input                       0x08001810   Section        0  ethernetif.o(i.ethernetif_input)
    ethernetif_input                         0x08001811   Thumb Code    88  ethernetif.o(i.ethernetif_input)
    i.file_stats                             0x08001868   Section        0  httpd-cgi.o(i.file_stats)
    file_stats                               0x08001869   Thumb Code    66  httpd-cgi.o(i.file_stats)
    i.fputc                                  0x080018b0   Section        0  usart_printf.o(i.fputc)
    i.generate_file_stats                    0x080018d4   Section        0  httpd-cgi.o(i.generate_file_stats)
    generate_file_stats                      0x080018d5   Thumb Code    34  httpd-cgi.o(i.generate_file_stats)
    i.generate_net_stats                     0x08001900   Section        0  httpd-cgi.o(i.generate_net_stats)
    generate_net_stats                       0x08001901   Thumb Code    34  httpd-cgi.o(i.generate_net_stats)
    i.generate_part_of_file                  0x08001934   Section        0  httpd.o(i.generate_part_of_file)
    generate_part_of_file                    0x08001935   Thumb Code    62  httpd.o(i.generate_part_of_file)
    i.generate_tcp_stats                     0x0800197c   Section        0  httpd-cgi.o(i.generate_tcp_stats)
    generate_tcp_stats                       0x0800197d   Thumb Code   164  httpd-cgi.o(i.generate_tcp_stats)
    i.get_temperature                        0x08001a30   Section        0  httpd.o(i.get_temperature)
    i.get_time                               0x08001a4a   Section        0  httpd.o(i.get_time)
    i.handle_connection                      0x08001a60   Section        0  httpd.o(i.handle_connection)
    handle_connection                        0x08001a61   Thumb Code    26  httpd.o(i.handle_connection)
    i.handle_input                           0x08001a7c   Section        0  httpd.o(i.handle_input)
    handle_input                             0x08001a7d   Thumb Code   522  httpd.o(i.handle_input)
    i.handle_output                          0x08001cf4   Section        0  httpd.o(i.handle_output)
    handle_output                            0x08001cf5   Thumb Code   246  httpd.o(i.handle_output)
    i.handle_script                          0x08001e00   Section        0  httpd.o(i.handle_script)
    handle_script                            0x08001e01   Thumb Code   372  httpd.o(i.handle_script)
    i.htons                                  0x08001f78   Section        0  uip.o(i.htons)
    i.httpd_appcall                          0x08001f84   Section        0  httpd.o(i.httpd_appcall)
    i.httpd_cgi                              0x08002028   Section        0  httpd-cgi.o(i.httpd_cgi)
    i.httpd_fs_count                         0x08002064   Section        0  httpd-fs.o(i.httpd_fs_count)
    i.httpd_fs_open                          0x08002098   Section        0  httpd-fs.o(i.httpd_fs_open)
    i.httpd_fs_strcmp                        0x080020e4   Section        0  httpd-fs.o(i.httpd_fs_strcmp)
    httpd_fs_strcmp                          0x080020e5   Thumb Code    48  httpd-fs.o(i.httpd_fs_strcmp)
    i.low_level_input                        0x08002114   Section        0  ethernetif.o(i.low_level_input)
    low_level_input                          0x08002115   Thumb Code    12  ethernetif.o(i.low_level_input)
    i.lwip_htons                             0x08002120   Section        0  def.o(i.lwip_htons)
    i.main                                   0x0800212c   Section        0  main.o(i.main)
    i.mem_free                               0x0800255c   Section        0  mem.o(i.mem_free)
    i.mem_malloc                             0x0800266c   Section        0  mem.o(i.mem_malloc)
    i.memp_free                              0x080028e0   Section        0  memp.o(i.memp_free)
    i.memp_malloc                            0x08002950   Section        0  memp.o(i.memp_malloc)
    i.mymacinit                              0x08002a34   Section        0  enc28j60.o(i.mymacinit)
    i.net_stats                              0x08002a50   Section        0  httpd-cgi.o(i.net_stats)
    net_stats                                0x08002a51   Thumb Code    82  httpd-cgi.o(i.net_stats)
    i.next_scriptstate                       0x08002aa8   Section        0  httpd.o(i.next_scriptstate)
    next_scriptstate                         0x08002aa9   Thumb Code    34  httpd.o(i.next_scriptstate)
    i.nullfunction                           0x08002aca   Section        0  httpd-cgi.o(i.nullfunction)
    nullfunction                             0x08002acb   Thumb Code    18  httpd-cgi.o(i.nullfunction)
    i.pbuf_alloc                             0x08002adc   Section        0  pbuf.o(i.pbuf_alloc)
    i.pbuf_free                              0x08002e64   Section        0  pbuf.o(i.pbuf_free)
    i.pbuf_pool_is_empty                     0x08002fa8   Section        0  pbuf.o(i.pbuf_pool_is_empty)
    pbuf_pool_is_empty                       0x08002fa9   Thumb Code     8  pbuf.o(i.pbuf_pool_is_empty)
    i.plug_holes                             0x08002fb4   Section        0  mem.o(i.plug_holes)
    plug_holes                               0x08002fb5   Thumb Code   194  mem.o(i.plug_holes)
    i.process_mac                            0x08003100   Section        0  ethernetif.o(i.process_mac)
    i.psock_datalen                          0x08003118   Section        0  psock.o(i.psock_datalen)
    i.psock_generator_send                   0x08003124   Section        0  psock.o(i.psock_generator_send)
    i.psock_init                             0x080031a8   Section        0  psock.o(i.psock_init)
    i.psock_newdata                          0x080031d0   Section        0  psock.o(i.psock_newdata)
    i.psock_readto                           0x08003204   Section        0  psock.o(i.psock_readto)
    i.psock_send                             0x08003298   Section        0  psock.o(i.psock_send)
    i.send_data                              0x08003300   Section        0  psock.o(i.send_data)
    send_data                                0x08003301   Thumb Code    70  psock.o(i.send_data)
    i.send_file                              0x08003350   Section        0  httpd.o(i.send_file)
    send_file                                0x08003351   Thumb Code    90  httpd.o(i.send_file)
    i.send_headers                           0x080033b0   Section        0  httpd.o(i.send_headers)
    send_headers                             0x080033b1   Thumb Code   446  httpd.o(i.send_headers)
    i.send_part_of_file                      0x080035a4   Section        0  httpd.o(i.send_part_of_file)
    send_part_of_file                        0x080035a5   Thumb Code    58  httpd.o(i.send_part_of_file)
    i.tapdev_init                            0x080035e0   Section        0  tapdev.o(i.tapdev_init)
    i.tapdev_read                            0x080035f0   Section        0  tapdev.o(i.tapdev_read)
    i.tapdev_send                            0x08003604   Section        0  tapdev.o(i.tapdev_send)
    i.tcp_client_aborted                     0x0800361c   Section        0  tcp_client_demo.o(i.tcp_client_aborted)
    i.tcp_client_acked                       0x08003654   Section        0  tcp_client_demo.o(i.tcp_client_acked)
    i.tcp_client_closed                      0x08003684   Section        0  tcp_client_demo.o(i.tcp_client_closed)
    i.tcp_client_connected                   0x080036bc   Section        0  tcp_client_demo.o(i.tcp_client_connected)
    i.tcp_client_demo_appcall                0x0800373c   Section        0  tcp_client_demo.o(i.tcp_client_demo_appcall)
    i.tcp_client_reconnect                   0x0800383c   Section        0  tcp_client_demo.o(i.tcp_client_reconnect)
    i.tcp_client_senddata                    0x08003868   Section        0  tcp_client_demo.o(i.tcp_client_senddata)
    i.tcp_client_timedout                    0x08003888   Section        0  tcp_client_demo.o(i.tcp_client_timedout)
    i.tcp_demo_appcall                       0x080038bc   Section        0  tcp_demo.o(i.tcp_demo_appcall)
    i.tcp_server_aborted                     0x08003904   Section        0  tcp_server_demo.o(i.tcp_server_aborted)
    i.tcp_server_acked                       0x08003938   Section        0  tcp_server_demo.o(i.tcp_server_acked)
    i.tcp_server_closed                      0x08003968   Section        0  tcp_server_demo.o(i.tcp_server_closed)
    i.tcp_server_connected                   0x0800399c   Section        0  tcp_server_demo.o(i.tcp_server_connected)
    i.tcp_server_demo_appcall                0x08003a1c   Section        0  tcp_server_demo.o(i.tcp_server_demo_appcall)
    i.tcp_server_senddata                    0x08003b1c   Section        0  tcp_server_demo.o(i.tcp_server_senddata)
    i.tcp_server_timedout                    0x08003b3c   Section        0  tcp_server_demo.o(i.tcp_server_timedout)
    i.tcp_stats                              0x08003b70   Section        0  httpd-cgi.o(i.tcp_stats)
    tcp_stats                                0x08003b71   Thumb Code   104  httpd-cgi.o(i.tcp_stats)
    i.timer_expired                          0x08003be0   Section        0  timer.o(i.timer_expired)
    i.timer_reset                            0x08003bfa   Section        0  timer.o(i.timer_reset)
    i.timer_set                              0x08003c04   Section        0  timer.o(i.timer_set)
    i.uip_add32                              0x08003c14   Section        0  uip.o(i.uip_add32)
    i.uip_add_rcv_nxt                        0x08003c84   Section        0  uip.o(i.uip_add_rcv_nxt)
    uip_add_rcv_nxt                          0x08003c85   Thumb Code    58  uip.o(i.uip_add_rcv_nxt)
    i.uip_arp_arpin                          0x08003cc8   Section        0  uip_arp.o(i.uip_arp_arpin)
    i.uip_arp_out                            0x08003db0   Section        0  uip_arp.o(i.uip_arp_out)
    i.uip_arp_timer                          0x08003f50   Section        0  uip_arp.o(i.uip_arp_timer)
    i.uip_arp_update                         0x08003fa8   Section        0  uip_arp.o(i.uip_arp_update)
    uip_arp_update                           0x08003fa9   Thumb Code   272  uip_arp.o(i.uip_arp_update)
    i.uip_connect                            0x080040cc   Section        0  uip.o(i.uip_connect)
    i.uip_init                               0x080041dc   Section        0  uip.o(i.uip_init)
    i.uip_ipchksum                           0x08004248   Section        0  uip.o(i.uip_ipchksum)
    i.uip_listen                             0x0800426c   Section        0  uip.o(i.uip_listen)
    i.uip_log                                0x080042ac   Section        0  tcp_demo.o(i.uip_log)
    i.uip_polling                            0x080042cc   Section        0  main.o(i.uip_polling)
    uip_polling                              0x080042cd   Thumb Code   208  main.o(i.uip_polling)
    i.uip_process                            0x080043b8   Section        0  uip.o(i.uip_process)
    i.uip_send                               0x08005364   Section        0  uip.o(i.uip_send)
    i.uip_tcpchksum                          0x08005394   Section        0  uip.o(i.uip_tcpchksum)
    i.upper_layer_chksum                     0x080053a0   Section        0  uip.o(i.upper_layer_chksum)
    upper_layer_chksum                       0x080053a1   Thumb Code    66  uip.o(i.upper_layer_chksum)
    .constdata                               0x080053e8   Section        4  uip.o(.constdata)
    all_zeroes_addr                          0x080053e8   Data           4  uip.o(.constdata)
    .constdata                               0x080053ec   Section       10  uip_arp.o(.constdata)
    broadcast_ethaddr                        0x080053ec   Data           6  uip_arp.o(.constdata)
    broadcast_ipaddr                         0x080053f2   Data           4  uip_arp.o(.constdata)
    .constdata                               0x080053f8   Section      110  httpd-cgi.o(.constdata)
    file                                     0x080053f8   Data           8  httpd-cgi.o(.constdata)
    tcp                                      0x08005400   Data           8  httpd-cgi.o(.constdata)
    net                                      0x08005408   Data           8  httpd-cgi.o(.constdata)
    closed                                   0x08005410   Data           7  httpd-cgi.o(.constdata)
    syn_rcvd                                 0x08005417   Data           9  httpd-cgi.o(.constdata)
    syn_sent                                 0x08005420   Data           9  httpd-cgi.o(.constdata)
    established                              0x08005429   Data          12  httpd-cgi.o(.constdata)
    fin_wait_1                               0x08005435   Data          11  httpd-cgi.o(.constdata)
    fin_wait_2                               0x08005440   Data          11  httpd-cgi.o(.constdata)
    closing                                  0x0800544b   Data           8  httpd-cgi.o(.constdata)
    time_wait                                0x08005453   Data          10  httpd-cgi.o(.constdata)
    last_ack                                 0x0800545d   Data           9  httpd-cgi.o(.constdata)
    .constdata                               0x08005468   Section     4828  httpd-fs.o(.constdata)
    data_processes_shtml                     0x08005468   Data         226  httpd-fs.o(.constdata)
    data_404_html                            0x0800554a   Data         171  httpd-fs.o(.constdata)
    data_files_shtml                         0x080055f5   Data        1267  httpd-fs.o(.constdata)
    data_footer_html                         0x08005ae8   Data          31  httpd-fs.o(.constdata)
    data_header_html                         0x08005b07   Data         642  httpd-fs.o(.constdata)
    data_style_css                           0x08005d89   Data        1026  httpd-fs.o(.constdata)
    data_tcp_shtml                           0x0800618b   Data         222  httpd-fs.o(.constdata)
    data_fade_png                            0x08006269   Data         207  httpd-fs.o(.constdata)
    data_stats_shtml                         0x08006338   Data         835  httpd-fs.o(.constdata)
    .constdata                               0x08006744   Section      586  http-strings.o(.constdata)
    .conststring                             0x08006990   Section      249  httpd.o(.conststring)
    .conststring                             0x08006a8c   Section      134  httpd-cgi.o(.conststring)
    .data                                    0x20000000   Section       29  main.o(.data)
    ipaddr                                   0x20000004   Data           4  main.o(.data)
    periodic_timer                           0x2000000c   Data           8  main.o(.data)
    arp_timer                                0x20000014   Data           8  main.o(.data)
    timer_ok                                 0x2000001c   Data           1  main.o(.data)
    .data                                    0x20000020   Section        4  stm32f10x_it.o(.data)
    .data                                    0x20000024   Section       20  stm32f10x_rcc.o(.data)
    APBAHBPrescTable                         0x20000024   Data          16  stm32f10x_rcc.o(.data)
    ADCPrescTable                            0x20000034   Data           4  stm32f10x_rcc.o(.data)
    .data                                    0x20000038   Section        8  enc28j60.o(.data)
    Enc28j60Bank                             0x20000038   Data           1  enc28j60.o(.data)
    NextPacketPtr                            0x2000003c   Data           4  enc28j60.o(.data)
    .data                                    0x20000040   Section       12  mem.o(.data)
    ram                                      0x20000040   Data           4  mem.o(.data)
    ram_end                                  0x20000044   Data           4  mem.o(.data)
    lfree                                    0x20000048   Data           4  mem.o(.data)
    .data                                    0x2000004c   Section        1  pbuf.o(.data)
    .data                                    0x20000050   Section       56  uip.o(.data)
    ipid                                     0x20000078   Data           2  uip.o(.data)
    iss                                      0x2000007a   Data           4  uip.o(.data)
    lastport                                 0x2000007e   Data           2  uip.o(.data)
    c                                        0x20000084   Data           1  uip.o(.data)
    opt                                      0x20000085   Data           1  uip.o(.data)
    tmp16                                    0x20000086   Data           2  uip.o(.data)
    .data                                    0x20000088   Section        8  uip_arp.o(.data)
    ipaddr                                   0x20000088   Data           4  uip_arp.o(.data)
    i                                        0x2000008c   Data           1  uip_arp.o(.data)
    c                                        0x2000008d   Data           1  uip_arp.o(.data)
    arptime                                  0x2000008e   Data           1  uip_arp.o(.data)
    tmpage                                   0x2000008f   Data           1  uip_arp.o(.data)
    .data                                    0x20000090   Section        6  tapdev.o(.data)
    .data                                    0x20000096   Section        1  tcp_client_demo.o(.data)
    .data                                    0x20000097   Section        1  tcp_server_demo.o(.data)
    .data                                    0x20000098   Section       12  httpd.o(.data)
    .data                                    0x200000a4   Section       52  httpd-cgi.o(.data)
    calls                                    0x200000a4   Data          16  httpd-cgi.o(.data)
    states                                   0x200000b4   Data          36  httpd-cgi.o(.data)
    .data                                    0x200000d8   Section     1673  httpd-fs.o(.data)
    .data                                    0x20000764   Section        4  stdout.o(.data)
    .bss                                     0x20000768   Section       56  lwipdemo.o(.bss)
    .bss                                     0x200007a0   Section     3000  ethernetif.o(.bss)
    MySendbuf                                0x200007a0   Data        1500  ethernetif.o(.bss)
    MyRecvbuf                                0x20000d7c   Data        1500  ethernetif.o(.bss)
    .bss                                     0x20001358   Section    19563  memp.o(.bss)
    memp_tab                                 0x20001358   Data          40  memp.o(.bss)
    memp_memory                              0x20001380   Data       19523  memp.o(.bss)
    .bss                                     0x20005fc4   Section      344  stats.o(.bss)
    .bss                                     0x2000611c   Section     5824  uip.o(.bss)
    .bss                                     0x200077dc   Section       96  uip_arp.o(.bss)
    arp_table                                0x200077dc   Data          96  uip_arp.o(.bss)
    .bss                                     0x2000783c   Section      200  tcp_client_demo.o(.bss)
    .bss                                     0x20007904   Section      200  tcp_server_demo.o(.bss)
    .bss                                     0x200079cc   Section       20  httpd-fs.o(.bss)
    count                                    0x200079cc   Data          20  httpd-fs.o(.bss)
    STACK                                    0x200079e0   Section     1024  startup_stm32f10x_hd.o(STACK)

    Global Symbols

    Symbol Name                              Value     Ov Type        Size  Object(Section)

    BuildAttributes$$THM_ISAv4$P$D$K$B$S$PE$A:L22UL41UL21$X:L11$S22US41US21$IEEE1$IW$USESV6$~STKCKD$USESV7$~SHL$OSPACE$ROPI$EBA8$MICROLIB$REQ8$PRES8$EABIv2 0x00000000   Number         0  anon$$obj.o ABSOLUTE
    __ARM_use_no_argv                        0x00000000   Number         0  main.o ABSOLUTE
    _printf_a                                0x00000000   Number         0  stubs.o ABSOLUTE
    _printf_c                                0x00000000   Number         0  stubs.o ABSOLUTE
    _printf_charcount                        0x00000000   Number         0  stubs.o ABSOLUTE
    _printf_d                                0x00000000   Number         0  stubs.o ABSOLUTE
    _printf_e                                0x00000000   Number         0  stubs.o ABSOLUTE
    _printf_f                                0x00000000   Number         0  stubs.o ABSOLUTE
    _printf_flags                            0x00000000   Number         0  stubs.o ABSOLUTE
    _printf_fp_dec                           0x00000000   Number         0  stubs.o ABSOLUTE
    _printf_fp_hex                           0x00000000   Number         0  stubs.o ABSOLUTE
    _printf_g                                0x00000000   Number         0  stubs.o ABSOLUTE
    _printf_i                                0x00000000   Number         0  stubs.o ABSOLUTE
    _printf_int_dec                          0x00000000   Number         0  stubs.o ABSOLUTE
    _printf_l                                0x00000000   Number         0  stubs.o ABSOLUTE
    _printf_lc                               0x00000000   Number         0  stubs.o ABSOLUTE
    _printf_ll                               0x00000000   Number         0  stubs.o ABSOLUTE
    _printf_lld                              0x00000000   Number         0  stubs.o ABSOLUTE
    _printf_lli                              0x00000000   Number         0  stubs.o ABSOLUTE
    _printf_llo                              0x00000000   Number         0  stubs.o ABSOLUTE
    _printf_llu                              0x00000000   Number         0  stubs.o ABSOLUTE
    _printf_llx                              0x00000000   Number         0  stubs.o ABSOLUTE
    _printf_longlong_dec                     0x00000000   Number         0  stubs.o ABSOLUTE
    _printf_longlong_hex                     0x00000000   Number         0  stubs.o ABSOLUTE
    _printf_longlong_oct                     0x00000000   Number         0  stubs.o ABSOLUTE
    _printf_ls                               0x00000000   Number         0  stubs.o ABSOLUTE
    _printf_mbtowc                           0x00000000   Number         0  stubs.o ABSOLUTE
    _printf_n                                0x00000000   Number         0  stubs.o ABSOLUTE
    _printf_o                                0x00000000   Number         0  stubs.o ABSOLUTE
    _printf_p                                0x00000000   Number         0  stubs.o ABSOLUTE
    _printf_percent                          0x00000000   Number         0  stubs.o ABSOLUTE
    _printf_pre_padding                      0x00000000   Number         0  stubs.o ABSOLUTE
    _printf_return_value                     0x00000000   Number         0  stubs.o ABSOLUTE
    _printf_s                                0x00000000   Number         0  stubs.o ABSOLUTE
    _printf_sizespec                         0x00000000   Number         0  stubs.o ABSOLUTE
    _printf_str                              0x00000000   Number         0  stubs.o ABSOLUTE
    _printf_truncate_signed                  0x00000000   Number         0  stubs.o ABSOLUTE
    _printf_truncate_unsigned                0x00000000   Number         0  stubs.o ABSOLUTE
    _printf_u                                0x00000000   Number         0  stubs.o ABSOLUTE
    _printf_wc                               0x00000000   Number         0  stubs.o ABSOLUTE
    _printf_wctomb                           0x00000000   Number         0  stubs.o ABSOLUTE
    _printf_widthprec                        0x00000000   Number         0  stubs.o ABSOLUTE
    _printf_x                                0x00000000   Number         0  stubs.o ABSOLUTE
    __cpp_initialize__aeabi_                  - Undefined Weak Reference
    __cxa_finalize                            - Undefined Weak Reference
    _clock_init                               - Undefined Weak Reference
    _microlib_exit                            - Undefined Weak Reference
    __Vectors_Size                           0x00000130   Number         0  startup_stm32f10x_hd.o ABSOLUTE
    __Vectors                                0x08000000   Data           4  startup_stm32f10x_hd.o(RESET)
    __Vectors_End                            0x08000130   Data           0  startup_stm32f10x_hd.o(RESET)
    __main                                   0x08000131   Thumb Code     0  entry.o(.ARM.Collect$$$$00000000)
    _main_stk                                0x08000131   Thumb Code     0  entry2.o(.ARM.Collect$$$$00000001)
    _main_scatterload                        0x08000135   Thumb Code     0  entry5.o(.ARM.Collect$$$$00000004)
    __main_after_scatterload                 0x08000139   Thumb Code     0  entry5.o(.ARM.Collect$$$$00000004)
    _main_clock                              0x08000139   Thumb Code     0  entry7b.o(.ARM.Collect$$$$00000008)
    _main_cpp_init                           0x08000139   Thumb Code     0  entry8b.o(.ARM.Collect$$$$0000000A)
    _main_init                               0x08000139   Thumb Code     0  entry9a.o(.ARM.Collect$$$$0000000B)
    __rt_final_cpp                           0x08000141   Thumb Code     0  entry10a.o(.ARM.Collect$$$$0000000D)
    __rt_final_exit                          0x08000141   Thumb Code     0  entry11a.o(.ARM.Collect$$$$0000000F)
    Reset_Handler                            0x08000145   Thumb Code     8  startup_stm32f10x_hd.o(.text)
    ADC1_2_IRQHandler                        0x0800015f   Thumb Code     0  startup_stm32f10x_hd.o(.text)
    ADC3_IRQHandler                          0x0800015f   Thumb Code     0  startup_stm32f10x_hd.o(.text)
    CAN1_RX1_IRQHandler                      0x0800015f   Thumb Code     0  startup_stm32f10x_hd.o(.text)
    CAN1_SCE_IRQHandler                      0x0800015f   Thumb Code     0  startup_stm32f10x_hd.o(.text)
    DMA1_Channel1_IRQHandler                 0x0800015f   Thumb Code     0  startup_stm32f10x_hd.o(.text)
    DMA1_Channel2_IRQHandler                 0x0800015f   Thumb Code     0  startup_stm32f10x_hd.o(.text)
    DMA1_Channel3_IRQHandler                 0x0800015f   Thumb Code     0  startup_stm32f10x_hd.o(.text)
    DMA1_Channel4_IRQHandler                 0x0800015f   Thumb Code     0  startup_stm32f10x_hd.o(.text)
    DMA1_Channel5_IRQHandler                 0x0800015f   Thumb Code     0  startup_stm32f10x_hd.o(.text)
    DMA1_Channel6_IRQHandler                 0x0800015f   Thumb Code     0  startup_stm32f10x_hd.o(.text)
    DMA1_Channel7_IRQHandler                 0x0800015f   Thumb Code     0  startup_stm32f10x_hd.o(.text)
    DMA2_Channel1_IRQHandler                 0x0800015f   Thumb Code     0  startup_stm32f10x_hd.o(.text)
    DMA2_Channel2_IRQHandler                 0x0800015f   Thumb Code     0  startup_stm32f10x_hd.o(.text)
    DMA2_Channel3_IRQHandler                 0x0800015f   Thumb Code     0  startup_stm32f10x_hd.o(.text)
    DMA2_Channel4_5_IRQHandler               0x0800015f   Thumb Code     0  startup_stm32f10x_hd.o(.text)
    EXTI0_IRQHandler                         0x0800015f   Thumb Code     0  startup_stm32f10x_hd.o(.text)
    EXTI15_10_IRQHandler                     0x0800015f   Thumb Code     0  startup_stm32f10x_hd.o(.text)
    EXTI2_IRQHandler                         0x0800015f   Thumb Code     0  startup_stm32f10x_hd.o(.text)
    EXTI3_IRQHandler                         0x0800015f   Thumb Code     0  startup_stm32f10x_hd.o(.text)
    EXTI4_IRQHandler                         0x0800015f   Thumb Code     0  startup_stm32f10x_hd.o(.text)
    EXTI9_5_IRQHandler                       0x0800015f   Thumb Code     0  startup_stm32f10x_hd.o(.text)
    FLASH_IRQHandler                         0x0800015f   Thumb Code     0  startup_stm32f10x_hd.o(.text)
    FSMC_IRQHandler                          0x0800015f   Thumb Code     0  startup_stm32f10x_hd.o(.text)
    I2C1_ER_IRQHandler                       0x0800015f   Thumb Code     0  startup_stm32f10x_hd.o(.text)
    I2C1_EV_IRQHandler                       0x0800015f   Thumb Code     0  startup_stm32f10x_hd.o(.text)
    I2C2_ER_IRQHandler                       0x0800015f   Thumb Code     0  startup_stm32f10x_hd.o(.text)
    I2C2_EV_IRQHandler                       0x0800015f   Thumb Code     0  startup_stm32f10x_hd.o(.text)
    PVD_IRQHandler                           0x0800015f   Thumb Code     0  startup_stm32f10x_hd.o(.text)
    RCC_IRQHandler                           0x0800015f   Thumb Code     0  startup_stm32f10x_hd.o(.text)
    RTCAlarm_IRQHandler                      0x0800015f   Thumb Code     0  startup_stm32f10x_hd.o(.text)
    RTC_IRQHandler                           0x0800015f   Thumb Code     0  startup_stm32f10x_hd.o(.text)
    SDIO_IRQHandler                          0x0800015f   Thumb Code     0  startup_stm32f10x_hd.o(.text)
    SPI1_IRQHandler                          0x0800015f   Thumb Code     0  startup_stm32f10x_hd.o(.text)
    SPI2_IRQHandler                          0x0800015f   Thumb Code     0  startup_stm32f10x_hd.o(.text)
    SPI3_IRQHandler                          0x0800015f   Thumb Code     0  startup_stm32f10x_hd.o(.text)
    TAMPER_IRQHandler                        0x0800015f   Thumb Code     0  startup_stm32f10x_hd.o(.text)
    TIM1_BRK_IRQHandler                      0x0800015f   Thumb Code     0  startup_stm32f10x_hd.o(.text)
    TIM1_CC_IRQHandler                       0x0800015f   Thumb Code     0  startup_stm32f10x_hd.o(.text)
    TIM1_TRG_COM_IRQHandler                  0x0800015f   Thumb Code     0  startup_stm32f10x_hd.o(.text)
    TIM1_UP_IRQHandler                       0x0800015f   Thumb Code     0  startup_stm32f10x_hd.o(.text)
    TIM2_IRQHandler                          0x0800015f   Thumb Code     0  startup_stm32f10x_hd.o(.text)
    TIM3_IRQHandler                          0x0800015f   Thumb Code     0  startup_stm32f10x_hd.o(.text)
    TIM4_IRQHandler                          0x0800015f   Thumb Code     0  startup_stm32f10x_hd.o(.text)
    TIM5_IRQHandler                          0x0800015f   Thumb Code     0  startup_stm32f10x_hd.o(.text)
    TIM6_IRQHandler                          0x0800015f   Thumb Code     0  startup_stm32f10x_hd.o(.text)
    TIM7_IRQHandler                          0x0800015f   Thumb Code     0  startup_stm32f10x_hd.o(.text)
    TIM8_BRK_IRQHandler                      0x0800015f   Thumb Code     0  startup_stm32f10x_hd.o(.text)
    TIM8_CC_IRQHandler                       0x0800015f   Thumb Code     0  startup_stm32f10x_hd.o(.text)
    TIM8_TRG_COM_IRQHandler                  0x0800015f   Thumb Code     0  startup_stm32f10x_hd.o(.text)
    TIM8_UP_IRQHandler                       0x0800015f   Thumb Code     0  startup_stm32f10x_hd.o(.text)
    UART4_IRQHandler                         0x0800015f   Thumb Code     0  startup_stm32f10x_hd.o(.text)
    UART5_IRQHandler                         0x0800015f   Thumb Code     0  startup_stm32f10x_hd.o(.text)
    USART1_IRQHandler                        0x0800015f   Thumb Code     0  startup_stm32f10x_hd.o(.text)
    USART2_IRQHandler                        0x0800015f   Thumb Code     0  startup_stm32f10x_hd.o(.text)
    USART3_IRQHandler                        0x0800015f   Thumb Code     0  startup_stm32f10x_hd.o(.text)
    USBWakeUp_IRQHandler                     0x0800015f   Thumb Code     0  startup_stm32f10x_hd.o(.text)
    USB_HP_CAN1_TX_IRQHandler                0x0800015f   Thumb Code     0  startup_stm32f10x_hd.o(.text)
    USB_LP_CAN1_RX0_IRQHandler               0x0800015f   Thumb Code     0  startup_stm32f10x_hd.o(.text)
    WWDG_IRQHandler                          0x0800015f   Thumb Code     0  startup_stm32f10x_hd.o(.text)
    __aeabi_memcpy                           0x08000169   Thumb Code    36  memcpya.o(.text)
    __aeabi_memcpy4                          0x08000169   Thumb Code     0  memcpya.o(.text)
    __aeabi_memcpy8                          0x08000169   Thumb Code     0  memcpya.o(.text)
    __aeabi_memset                           0x0800018d   Thumb Code    14  memseta.o(.text)
    __aeabi_memset4                          0x0800018d   Thumb Code     0  memseta.o(.text)
    __aeabi_memset8                          0x0800018d   Thumb Code     0  memseta.o(.text)
    __aeabi_memclr                           0x0800019b   Thumb Code     4  memseta.o(.text)
    __aeabi_memclr4                          0x0800019b   Thumb Code     0  memseta.o(.text)
    __aeabi_memclr8                          0x0800019b   Thumb Code     0  memseta.o(.text)
    _memset$wrapper                          0x0800019f   Thumb Code    18  memseta.o(.text)
    strstr                                   0x080001b1   Thumb Code    36  strstr.o(.text)
    strncpy                                  0x080001d5   Thumb Code    24  strncpy.o(.text)
    strchr                                   0x080001ed   Thumb Code    20  strchr.o(.text)
    strlen                                   0x08000201   Thumb Code    14  strlen.o(.text)
    strcpy                                   0x0800020f   Thumb Code    18  strcpy.o(.text)
    strncmp                                  0x08000221   Thumb Code    30  strncmp.o(.text)
    strrchr                                  0x0800023f   Thumb Code    32  strrchr.o(.text)
    __aeabi_uldivmod                         0x0800025f   Thumb Code    98  uldiv.o(.text)
    __scatterload                            0x080002c1   Thumb Code    28  init.o(.text)
    __scatterload_rt2                        0x080002c1   Thumb Code     0  init.o(.text)
    __aeabi_llsl                             0x080002e5   Thumb Code    30  llshl.o(.text)
    _ll_shift_l                              0x080002e5   Thumb Code     0  llshl.o(.text)
    __aeabi_llsr                             0x08000303   Thumb Code    32  llushr.o(.text)
    _ll_ushift_r                             0x08000303   Thumb Code     0  llushr.o(.text)
    __decompress                             0x08000323   Thumb Code     0  __dclz77c.o(.text)
    __decompress2                            0x08000323   Thumb Code    94  __dclz77c.o(.text)
    BusFault_Handler                         0x08000381   Thumb Code     4  stm32f10x_it.o(i.BusFault_Handler)
    DebugMon_Handler                         0x08000385   Thumb Code     2  stm32f10x_it.o(i.DebugMon_Handler)
    EXTI1_IRQHandler                         0x08000387   Thumb Code    24  stm32f10x_it.o(i.EXTI1_IRQHandler)
    EXTI_ClearITPendingBit                   0x080003a1   Thumb Code     6  stm32f10x_exti.o(i.EXTI_ClearITPendingBit)
    EXTI_GetITStatus                         0x080003ad   Thumb Code    34  stm32f10x_exti.o(i.EXTI_GetITStatus)
    EXTI_Init                                0x080003d5   Thumb Code   142  stm32f10x_exti.o(i.EXTI_Init)
    GPIO_Configuration                       0x08000469   Thumb Code   130  main.o(i.GPIO_Configuration)
    GPIO_EXTILineConfig                      0x080004fd   Thumb Code    60  stm32f10x_gpio.o(i.GPIO_EXTILineConfig)
    GPIO_Init                                0x0800053d   Thumb Code   278  stm32f10x_gpio.o(i.GPIO_Init)
    GPIO_SetBits                             0x08000653   Thumb Code     4  stm32f10x_gpio.o(i.GPIO_SetBits)
    HardFault_Handler                        0x08000657   Thumb Code     4  stm32f10x_it.o(i.HardFault_Handler)
    MemManage_Handler                        0x0800065b   Thumb Code     4  stm32f10x_it.o(i.MemManage_Handler)
    NMI_Handler                              0x0800065f   Thumb Code     2  stm32f10x_it.o(i.NMI_Handler)
    NVIC_Configuration                       0x08000661   Thumb Code    70  main.o(i.NVIC_Configuration)
    NVIC_Init                                0x080006a9   Thumb Code   100  misc.o(i.NVIC_Init)
    NVIC_PriorityGroupConfig                 0x08000719   Thumb Code    10  misc.o(i.NVIC_PriorityGroupConfig)
    PacketReceive                            0x0800072d   Thumb Code    98  ethernetif.o(i.PacketReceive)
    PendSV_Handler                           0x080007c1   Thumb Code     2  stm32f10x_it.o(i.PendSV_Handler)
    RCC_APB2PeriphClockCmd                   0x080007c5   Thumb Code    26  stm32f10x_rcc.o(i.RCC_APB2PeriphClockCmd)
    RCC_Configuration                        0x080007e5   Thumb Code    16  main.o(i.RCC_Configuration)
    RCC_GetClocksFreq                        0x080007f5   Thumb Code   192  stm32f10x_rcc.o(i.RCC_GetClocksFreq)
    SPI1_Init                                0x080008c9   Thumb Code   146  spi.o(i.SPI1_Init)
    SPI1_ReadWrite                           0x08000965   Thumb Code    50  spi.o(i.SPI1_ReadWrite)
    SPI_Cmd                                  0x0800099d   Thumb Code    24  stm32f10x_spi.o(i.SPI_Cmd)
    SPI_I2S_GetFlagStatus                    0x080009b5   Thumb Code    18  stm32f10x_spi.o(i.SPI_I2S_GetFlagStatus)
    SPI_I2S_ReceiveData                      0x080009c7   Thumb Code     6  stm32f10x_spi.o(i.SPI_I2S_ReceiveData)
    SPI_I2S_SendData                         0x080009cd   Thumb Code     4  stm32f10x_spi.o(i.SPI_I2S_SendData)
    SPI_Init                                 0x080009d1   Thumb Code    60  stm32f10x_spi.o(i.SPI_Init)
    SVC_Handler                              0x08000a0d   Thumb Code     2  stm32f10x_it.o(i.SVC_Handler)
    SysTick_Handler                          0x08000af9   Thumb Code    22  stm32f10x_it.o(i.SysTick_Handler)
    SystemInit                               0x08000b19   Thumb Code    78  system_stm32f10x.o(i.SystemInit)
    USART_Cmd                                0x08000b79   Thumb Code    24  stm32f10x_usart.o(i.USART_Cmd)
    USART_GetFlagStatus                      0x08000b91   Thumb Code    26  stm32f10x_usart.o(i.USART_GetFlagStatus)
    USART_Init                               0x08000bad   Thumb Code   210  stm32f10x_usart.o(i.USART_Init)
    USART_SendData                           0x08000c85   Thumb Code     8  stm32f10x_usart.o(i.USART_SendData)
    UsageFault_Handler                       0x08000c8d   Thumb Code     4  stm32f10x_it.o(i.UsageFault_Handler)
    Usart1_Init                              0x08000c91   Thumb Code   112  main.o(i.Usart1_Init)
    __0printf$8                              0x08000d09   Thumb Code    22  printf8.o(i.__0printf$8)
    __1printf$8                              0x08000d09   Thumb Code     0  printf8.o(i.__0printf$8)
    __2printf                                0x08000d09   Thumb Code     0  printf8.o(i.__0printf$8)
    __0snprintf$8                            0x08000d29   Thumb Code    36  printf8.o(i.__0snprintf$8)
    __1snprintf$8                            0x08000d29   Thumb Code     0  printf8.o(i.__0snprintf$8)
    __2snprintf                              0x08000d29   Thumb Code     0  printf8.o(i.__0snprintf$8)
    __0sprintf$8                             0x08000d51   Thumb Code    34  printf8.o(i.__0sprintf$8)
    __1sprintf$8                             0x08000d51   Thumb Code     0  printf8.o(i.__0sprintf$8)
    __2sprintf                               0x08000d51   Thumb Code     0  printf8.o(i.__0sprintf$8)
    __scatterload_copy                       0x08000d79   Thumb Code    14  handlers.o(i.__scatterload_copy)
    __scatterload_null                       0x08000d87   Thumb Code     2  handlers.o(i.__scatterload_null)
    __scatterload_zeroinit                   0x08000d89   Thumb Code    14  handlers.o(i.__scatterload_zeroinit)
    clock_time                               0x080012cd   Thumb Code     6  clock-arch.o(i.clock_time)
    enc28j60Init                             0x08001335   Thumb Code   432  enc28j60.o(i.enc28j60Init)
    enc28j60PacketReceive                    0x0800154d   Thumb Code   188  enc28j60.o(i.enc28j60PacketReceive)
    enc28j60PacketSend                       0x0800160d   Thumb Code   124  enc28j60.o(i.enc28j60PacketSend)
    enc28j60PhyWrite                         0x08001689   Thumb Code    50  enc28j60.o(i.enc28j60PhyWrite)
    enc28j60Read                             0x080016bb   Thumb Code    20  enc28j60.o(i.enc28j60Read)
    enc28j60ReadBuffer                       0x080016d1   Thumb Code    50  enc28j60.o(i.enc28j60ReadBuffer)
    enc28j60ReadOp                           0x08001709   Thumb Code    62  enc28j60.o(i.enc28j60ReadOp)
    enc28j60SetBank                          0x0800174d   Thumb Code    48  enc28j60.o(i.enc28j60SetBank)
    enc28j60Write                            0x08001781   Thumb Code    24  enc28j60.o(i.enc28j60Write)
    enc28j60WriteBuffer                      0x08001799   Thumb Code    44  enc28j60.o(i.enc28j60WriteBuffer)
    enc28j60WriteOp                          0x080017c9   Thumb Code    52  enc28j60.o(i.enc28j60WriteOp)
    enc28j60clkout                           0x08001801   Thumb Code    16  enc28j60.o(i.enc28j60clkout)
    fputc                                    0x080018b1   Thumb Code    32  usart_printf.o(i.fputc)
    get_temperature                          0x08001a31   Thumb Code    26  httpd.o(i.get_temperature)
    get_time                                 0x08001a4b   Thumb Code    22  httpd.o(i.get_time)
    htons                                    0x08001f79   Thumb Code    12  uip.o(i.htons)
    httpd_appcall                            0x08001f85   Thumb Code   154  httpd.o(i.httpd_appcall)
    httpd_cgi                                0x08002029   Thumb Code    50  httpd-cgi.o(i.httpd_cgi)
    httpd_fs_count                           0x08002065   Thumb Code    42  httpd-fs.o(i.httpd_fs_count)
    httpd_fs_open                            0x08002099   Thumb Code    66  httpd-fs.o(i.httpd_fs_open)
    lwip_htons                               0x08002121   Thumb Code    12  def.o(i.lwip_htons)
    main                                     0x0800212d   Thumb Code   474  main.o(i.main)
    mem_free                                 0x0800255d   Thumb Code   174  mem.o(i.mem_free)
    mem_malloc                               0x0800266d   Thumb Code   450  mem.o(i.mem_malloc)
    memp_free                                0x080028e1   Thumb Code    70  memp.o(i.memp_free)
    memp_malloc                              0x08002951   Thumb Code   150  memp.o(i.memp_malloc)
    mymacinit                                0x08002a35   Thumb Code    28  enc28j60.o(i.mymacinit)
    pbuf_alloc                               0x08002add   Thumb Code   582  pbuf.o(i.pbuf_alloc)
    pbuf_free                                0x08002e65   Thumb Code   226  pbuf.o(i.pbuf_free)
    process_mac                              0x08003101   Thumb Code    20  ethernetif.o(i.process_mac)
    psock_datalen                            0x08003119   Thumb Code    12  psock.o(i.psock_datalen)
    psock_generator_send                     0x08003125   Thumb Code   124  psock.o(i.psock_generator_send)
    psock_init                               0x080031a9   Thumb Code    40  psock.o(i.psock_init)
    psock_newdata                            0x080031d1   Thumb Code    48  psock.o(i.psock_newdata)
    psock_readto                             0x08003205   Thumb Code   138  psock.o(i.psock_readto)
    psock_send                               0x08003299   Thumb Code   102  psock.o(i.psock_send)
    tapdev_init                              0x080035e1   Thumb Code    12  tapdev.o(i.tapdev_init)
    tapdev_read                              0x080035f1   Thumb Code    16  tapdev.o(i.tapdev_read)
    tapdev_send                              0x08003605   Thumb Code    14  tapdev.o(i.tapdev_send)
    tcp_client_aborted                       0x0800361d   Thumb Code    26  tcp_client_demo.o(i.tcp_client_aborted)
    tcp_client_acked                         0x08003655   Thumb Code    22  tcp_client_demo.o(i.tcp_client_acked)
    tcp_client_closed                        0x08003685   Thumb Code    26  tcp_client_demo.o(i.tcp_client_closed)
    tcp_client_connected                     0x080036bd   Thumb Code    48  tcp_client_demo.o(i.tcp_client_connected)
    tcp_client_demo_appcall                  0x0800373d   Thumb Code   230  tcp_client_demo.o(i.tcp_client_demo_appcall)
    tcp_client_reconnect                     0x0800383d   Thumb Code    42  tcp_client_demo.o(i.tcp_client_reconnect)
    tcp_client_senddata                      0x08003869   Thumb Code    26  tcp_client_demo.o(i.tcp_client_senddata)
    tcp_client_timedout                      0x08003889   Thumb Code    22  tcp_client_demo.o(i.tcp_client_timedout)
    tcp_demo_appcall                         0x080038bd   Thumb Code    66  tcp_demo.o(i.tcp_demo_appcall)
    tcp_server_aborted                       0x08003905   Thumb Code    22  tcp_server_demo.o(i.tcp_server_aborted)
    tcp_server_acked                         0x08003939   Thumb Code    22  tcp_server_demo.o(i.tcp_server_acked)
    tcp_server_closed                        0x08003969   Thumb Code    22  tcp_server_demo.o(i.tcp_server_closed)
    tcp_server_connected                     0x0800399d   Thumb Code    48  tcp_server_demo.o(i.tcp_server_connected)
    tcp_server_demo_appcall                  0x08003a1d   Thumb Code   230  tcp_server_demo.o(i.tcp_server_demo_appcall)
    tcp_server_senddata                      0x08003b1d   Thumb Code    26  tcp_server_demo.o(i.tcp_server_senddata)
    tcp_server_timedout                      0x08003b3d   Thumb Code    22  tcp_server_demo.o(i.tcp_server_timedout)
    timer_expired                            0x08003be1   Thumb Code    26  timer.o(i.timer_expired)
    timer_reset                              0x08003bfb   Thumb Code    10  timer.o(i.timer_reset)
    timer_set                                0x08003c05   Thumb Code    16  timer.o(i.timer_set)
    uip_add32                                0x08003c15   Thumb Code   106  uip.o(i.uip_add32)
    uip_arp_arpin                            0x08003cc9   Thumb Code   216  uip_arp.o(i.uip_arp_arpin)
    uip_arp_out                              0x08003db1   Thumb Code   366  uip_arp.o(i.uip_arp_out)
    uip_arp_timer                            0x08003f51   Thumb Code    76  uip_arp.o(i.uip_arp_timer)
    uip_connect                              0x080040cd   Thumb Code   254  uip.o(i.uip_connect)
    uip_init                                 0x080041dd   Thumb Code    92  uip.o(i.uip_init)
    uip_ipchksum                             0x08004249   Thumb Code    30  uip.o(i.uip_ipchksum)
    uip_listen                               0x0800426d   Thumb Code    54  uip.o(i.uip_listen)
    uip_log                                  0x080042ad   Thumb Code    14  tcp_demo.o(i.uip_log)
    uip_process                              0x080043b9   Thumb Code  3988  uip.o(i.uip_process)
    uip_send                                 0x08005365   Thumb Code    38  uip.o(i.uip_send)
    uip_tcpchksum                            0x08005395   Thumb Code    10  uip.o(i.uip_tcpchksum)
    file_processes_shtml                     0x0800667c   Data          20  httpd-fs.o(.constdata)
    file_404_html                            0x08006690   Data          20  httpd-fs.o(.constdata)
    file_files_shtml                         0x080066a4   Data          20  httpd-fs.o(.constdata)
    file_footer_html                         0x080066b8   Data          20  httpd-fs.o(.constdata)
    file_header_html                         0x080066cc   Data          20  httpd-fs.o(.constdata)
    file_index_html                          0x080066e0   Data          20  httpd-fs.o(.constdata)
    file_style_css                           0x080066f4   Data          20  httpd-fs.o(.constdata)
    file_tcp_shtml                           0x08006708   Data          20  httpd-fs.o(.constdata)
    file_fade_png                            0x0800671c   Data          20  httpd-fs.o(.constdata)
    file_stats_shtml                         0x08006730   Data          20  httpd-fs.o(.constdata)
    http_http                                0x08006744   Data           8  http-strings.o(.constdata)
    http_200                                 0x0800674c   Data           5  http-strings.o(.constdata)
    http_301                                 0x08006751   Data           5  http-strings.o(.constdata)
    http_302                                 0x08006756   Data           5  http-strings.o(.constdata)
    http_get                                 0x0800675b   Data           5  http-strings.o(.constdata)
    http_10                                  0x08006760   Data           9  http-strings.o(.constdata)
    http_11                                  0x08006769   Data           9  http-strings.o(.constdata)
    http_content_type                        0x08006772   Data          15  http-strings.o(.constdata)
    http_texthtml                            0x08006781   Data          10  http-strings.o(.constdata)
    http_location                            0x0800678b   Data          11  http-strings.o(.constdata)
    http_host                                0x08006796   Data           7  http-strings.o(.constdata)
    http_crnl                                0x0800679d   Data           3  http-strings.o(.constdata)
    http_index_html                          0x080067a0   Data          12  http-strings.o(.constdata)
    http_404_html                            0x080067ac   Data          10  http-strings.o(.constdata)
    http_referer                             0x080067b6   Data           9  http-strings.o(.constdata)
    http_header_200                          0x080067bf   Data          84  http-strings.o(.constdata)
    http_header_404                          0x08006813   Data          91  http-strings.o(.constdata)
    http_content_type_plain                  0x0800686e   Data          29  http-strings.o(.constdata)
    http_content_type_html                   0x0800688b   Data          28  http-strings.o(.constdata)
    http_content_type_css                    0x080068a7   Data          27  http-strings.o(.constdata)
    http_content_type_text                   0x080068c2   Data          28  http-strings.o(.constdata)
    http_content_type_png                    0x080068de   Data          28  http-strings.o(.constdata)
    http_content_type_gif                    0x080068fa   Data          28  http-strings.o(.constdata)
    http_content_type_jpg                    0x08006916   Data          29  http-strings.o(.constdata)
    http_content_type_binary                 0x08006933   Data          43  http-strings.o(.constdata)
    http_html                                0x0800695e   Data           6  http-strings.o(.constdata)
    http_shtml                               0x08006964   Data           7  http-strings.o(.constdata)
    http_htm                                 0x0800696b   Data           5  http-strings.o(.constdata)
    http_css                                 0x08006970   Data           5  http-strings.o(.constdata)
    http_png                                 0x08006975   Data           5  http-strings.o(.constdata)
    http_gif                                 0x0800697a   Data           5  http-strings.o(.constdata)
    http_jpg                                 0x0800697f   Data           5  http-strings.o(.constdata)
    http_text                                0x08006984   Data           5  http-strings.o(.constdata)
    http_txt                                 0x08006989   Data           5  http-strings.o(.constdata)
    Region$$Table$$Base                      0x08006b14   Number         0  anon$$obj.o(Region$$Table)
    Region$$Table$$Limit                     0x08006b34   Number         0  anon$$obj.o(Region$$Table)
    system_tick_num                          0x20000000   Data           4  main.o(.data)
    tcnt                                     0x20000008   Data           2  main.o(.data)
    uip_timer                                0x20000020   Data           4  stm32f10x_it.o(.data)
    pbuf_free_ooseq_pending                  0x2000004c   Data           1  pbuf.o(.data)
    uip_hostaddr                             0x20000050   Data           4  uip.o(.data)
    uip_draddr                               0x20000054   Data           4  uip.o(.data)
    uip_netmask                              0x20000058   Data           4  uip.o(.data)
    uip_ethaddr                              0x2000005c   Data           6  uip.o(.data)
    uip_appdata                              0x20000064   Data           4  uip.o(.data)
    uip_sappdata                             0x20000068   Data           4  uip.o(.data)
    uip_len                                  0x2000006c   Data           2  uip.o(.data)
    uip_slen                                 0x2000006e   Data           2  uip.o(.data)
    uip_flags                                0x20000070   Data           1  uip.o(.data)
    uip_conn                                 0x20000074   Data           4  uip.o(.data)
    uip_acc32                                0x20000080   Data           4  uip.o(.data)
    mymac                                    0x20000090   Data           6  tapdev.o(.data)
    tcp_client_sta                           0x20000096   Data           1  tcp_client_demo.o(.data)
    tcp_server_sta                           0x20000097   Data           1  tcp_server_demo.o(.data)
    LED0_ON_PIC_ADDR                         0x20000098   Data           4  httpd.o(.data)
    LED1_ON_PIC_ADDR                         0x2000009c   Data           4  httpd.o(.data)
    LED_OFF_PIC_ADDR                         0x200000a0   Data           4  httpd.o(.data)
    data_index_html                          0x200000d8   Data        1673  httpd-fs.o(.data)
    __stdout                                 0x20000764   Data           4  stdout.o(.data)
    enc28j60_netif                           0x20000768   Data          56  lwipdemo.o(.bss)
    lwip_stats                               0x20005fc4   Data         344  stats.o(.bss)
    uip_buf                                  0x2000611c   Data        4098  uip.o(.bss)
    uip_conns                                0x20007120   Data        1600  uip.o(.bss)
    uip_listenports                          0x20007760   Data          80  uip.o(.bss)
    uip_stat                                 0x200077b0   Data          44  uip.o(.bss)
    tcp_client_databuf                       0x2000783c   Data         200  tcp_client_demo.o(.bss)
    tcp_server_databuf                       0x20007904   Data         200  tcp_server_demo.o(.bss)
    __initial_sp                             0x20007de0   Data           0  startup_stm32f10x_hd.o(STACK)



==============================================================================

Memory Map of the image

  Image Entry point : 0x08000131

  Load Region LR_IROM1 (Base: 0x08000000, Size: 0x0000729c, Max: 0x00080000, ABSOLUTE, COMPRESSED[0x00006f1c])

    Execution Region ER_IROM1 (Base: 0x08000000, Size: 0x00006b34, Max: 0x00080000, ABSOLUTE)

    Base Addr    Size         Type   Attr      Idx    E Section Name        Object

    0x08000000   0x00000130   Data   RO          393    RESET               startup_stm32f10x_hd.o
    0x08000130   0x00000000   Code   RO         3551  * .ARM.Collect$$$$00000000  mc_w.l(entry.o)
    0x08000130   0x00000004   Code   RO         3837    .ARM.Collect$$$$00000001  mc_w.l(entry2.o)
    0x08000134   0x00000004   Code   RO         3840    .ARM.Collect$$$$00000004  mc_w.l(entry5.o)
    0x08000138   0x00000000   Code   RO         3842    .ARM.Collect$$$$00000008  mc_w.l(entry7b.o)
    0x08000138   0x00000000   Code   RO         3844    .ARM.Collect$$$$0000000A  mc_w.l(entry8b.o)
    0x08000138   0x00000008   Code   RO         3845    .ARM.Collect$$$$0000000B  mc_w.l(entry9a.o)
    0x08000140   0x00000000   Code   RO         3847    .ARM.Collect$$$$0000000D  mc_w.l(entry10a.o)
    0x08000140   0x00000000   Code   RO         3849    .ARM.Collect$$$$0000000F  mc_w.l(entry11a.o)
    0x08000140   0x00000004   Code   RO         3838    .ARM.Collect$$$$00002712  mc_w.l(entry2.o)
    0x08000144   0x00000024   Code   RO          394    .text               startup_stm32f10x_hd.o
    0x08000168   0x00000024   Code   RO         3554    .text               mc_w.l(memcpya.o)
    0x0800018c   0x00000024   Code   RO         3556    .text               mc_w.l(memseta.o)
    0x080001b0   0x00000024   Code   RO         3558    .text               mc_w.l(strstr.o)
    0x080001d4   0x00000018   Code   RO         3560    .text               mc_w.l(strncpy.o)
    0x080001ec   0x00000014   Code   RO         3562    .text               mc_w.l(strchr.o)
    0x08000200   0x0000000e   Code   RO         3564    .text               mc_w.l(strlen.o)
    0x0800020e   0x00000012   Code   RO         3568    .text               mc_w.l(strcpy.o)
    0x08000220   0x0000001e   Code   RO         3570    .text               mc_w.l(strncmp.o)
    0x0800023e   0x00000020   Code   RO         3572    .text               mc_w.l(strrchr.o)
    0x0800025e   0x00000062   Code   RO         3854    .text               mc_w.l(uldiv.o)
    0x080002c0   0x00000024   Code   RO         3867    .text               mc_w.l(init.o)
    0x080002e4   0x0000001e   Code   RO         3869    .text               mc_w.l(llshl.o)
    0x08000302   0x00000020   Code   RO         3871    .text               mc_w.l(llushr.o)
    0x08000322   0x0000005e   Code   RO         3885    .text               mc_w.l(__dclz77c.o)
    0x08000380   0x00000004   Code   RO          141    i.BusFault_Handler  stm32f10x_it.o
    0x08000384   0x00000002   Code   RO          142    i.DebugMon_Handler  stm32f10x_it.o
    0x08000386   0x00000018   Code   RO          143    i.EXTI1_IRQHandler  stm32f10x_it.o
    0x0800039e   0x00000002   PAD
    0x080003a0   0x0000000c   Code   RO         1076    i.EXTI_ClearITPendingBit  stm32f10x_exti.o
    0x080003ac   0x00000028   Code   RO         1080    i.EXTI_GetITStatus  stm32f10x_exti.o
    0x080003d4   0x00000094   Code   RO         1081    i.EXTI_Init         stm32f10x_exti.o
    0x08000468   0x00000094   Code   RO            2    i.GPIO_Configuration  main.o
    0x080004fc   0x00000040   Code   RO          817    i.GPIO_EXTILineConfig  stm32f10x_gpio.o
    0x0800053c   0x00000116   Code   RO          820    i.GPIO_Init         stm32f10x_gpio.o
    0x08000652   0x00000004   Code   RO          828    i.GPIO_SetBits      stm32f10x_gpio.o
    0x08000656   0x00000004   Code   RO          144    i.HardFault_Handler  stm32f10x_it.o
    0x0800065a   0x00000004   Code   RO          145    i.MemManage_Handler  stm32f10x_it.o
    0x0800065e   0x00000002   Code   RO          146    i.NMI_Handler       stm32f10x_it.o
    0x08000660   0x00000046   Code   RO            3    i.NVIC_Configuration  main.o
    0x080006a6   0x00000002   PAD
    0x080006a8   0x00000070   Code   RO          398    i.NVIC_Init         misc.o
    0x08000718   0x00000014   Code   RO          399    i.NVIC_PriorityGroupConfig  misc.o
    0x0800072c   0x00000094   Code   RO         1289    i.PacketReceive     ethernetif.o
    0x080007c0   0x00000002   Code   RO          147    i.PendSV_Handler    stm32f10x_it.o
    0x080007c2   0x00000002   PAD
    0x080007c4   0x00000020   Code   RO          438    i.RCC_APB2PeriphClockCmd  stm32f10x_rcc.o
    0x080007e4   0x00000010   Code   RO            4    i.RCC_Configuration  main.o
    0x080007f4   0x000000d4   Code   RO          446    i.RCC_GetClocksFreq  stm32f10x_rcc.o
    0x080008c8   0x0000009c   Code   RO         1268    i.SPI1_Init         spi.o
    0x08000964   0x00000038   Code   RO         1269    i.SPI1_ReadWrite    spi.o
    0x0800099c   0x00000018   Code   RO          933    i.SPI_Cmd           stm32f10x_spi.o
    0x080009b4   0x00000012   Code   RO          941    i.SPI_I2S_GetFlagStatus  stm32f10x_spi.o
    0x080009c6   0x00000006   Code   RO          944    i.SPI_I2S_ReceiveData  stm32f10x_spi.o
    0x080009cc   0x00000004   Code   RO          945    i.SPI_I2S_SendData  stm32f10x_spi.o
    0x080009d0   0x0000003c   Code   RO          946    i.SPI_Init          stm32f10x_spi.o
    0x08000a0c   0x00000002   Code   RO          148    i.SVC_Handler       stm32f10x_it.o
    0x08000a0e   0x00000008   Code   RO         1139    i.SetSysClock       system_stm32f10x.o
    0x08000a16   0x00000002   PAD
    0x08000a18   0x000000e0   Code   RO         1140    i.SetSysClockTo72   system_stm32f10x.o
    0x08000af8   0x00000020   Code   RO          149    i.SysTick_Handler   stm32f10x_it.o
    0x08000b18   0x00000060   Code   RO         1142    i.SystemInit        system_stm32f10x.o
    0x08000b78   0x00000018   Code   RO          638    i.USART_Cmd         stm32f10x_usart.o
    0x08000b90   0x0000001a   Code   RO          641    i.USART_GetFlagStatus  stm32f10x_usart.o
    0x08000baa   0x00000002   PAD
    0x08000bac   0x000000d8   Code   RO          645    i.USART_Init        stm32f10x_usart.o
    0x08000c84   0x00000008   Code   RO          655    i.USART_SendData    stm32f10x_usart.o
    0x08000c8c   0x00000004   Code   RO          150    i.UsageFault_Handler  stm32f10x_it.o
    0x08000c90   0x00000078   Code   RO            5    i.Usart1_Init       main.o
    0x08000d08   0x00000020   Code   RO         3783    i.__0printf$8       mc_w.l(printf8.o)
    0x08000d28   0x00000028   Code   RO         3784    i.__0snprintf$8     mc_w.l(printf8.o)
    0x08000d50   0x00000028   Code   RO         3785    i.__0sprintf$8      mc_w.l(printf8.o)
    0x08000d78   0x0000000e   Code   RO         3879    i.__scatterload_copy  mc_w.l(handlers.o)
    0x08000d86   0x00000002   Code   RO         3880    i.__scatterload_null  mc_w.l(handlers.o)
    0x08000d88   0x0000000e   Code   RO         3881    i.__scatterload_zeroinit  mc_w.l(handlers.o)
    0x08000d96   0x00000002   PAD
    0x08000d98   0x00000410   Code   RO         3790    i._printf_core      mc_w.l(printf8.o)
    0x080011a8   0x00000024   Code   RO         3791    i._printf_post_padding  mc_w.l(printf8.o)
    0x080011cc   0x0000002e   Code   RO         3792    i._printf_pre_padding  mc_w.l(printf8.o)
    0x080011fa   0x00000016   Code   RO         3793    i._snputc           mc_w.l(printf8.o)
    0x08001210   0x0000000a   Code   RO         3794    i._sputc            mc_w.l(printf8.o)
    0x0800121a   0x00000066   Code   RO         2776    i.buf_bufto         psock.o
    0x08001280   0x00000006   Code   RO         2777    i.buf_setup         psock.o
    0x08001286   0x00000046   Code   RO         2878    i.chksum            uip.o
    0x080012cc   0x0000000c   Code   RO         3178    i.clock_time        clock-arch.o
    0x080012d8   0x0000005c   Code   RO         2778    i.data_acked        psock.o
    0x08001334   0x00000218   Code   RO         1173    i.enc28j60Init      enc28j60.o
    0x0800154c   0x000000c0   Code   RO         1174    i.enc28j60PacketReceive  enc28j60.o
    0x0800160c   0x0000007c   Code   RO         1175    i.enc28j60PacketSend  enc28j60.o
    0x08001688   0x00000032   Code   RO         1176    i.enc28j60PhyWrite  enc28j60.o
    0x080016ba   0x00000014   Code   RO         1177    i.enc28j60Read      enc28j60.o
    0x080016ce   0x00000002   PAD
    0x080016d0   0x00000038   Code   RO         1178    i.enc28j60ReadBuffer  enc28j60.o
    0x08001708   0x00000044   Code   RO         1179    i.enc28j60ReadOp    enc28j60.o
    0x0800174c   0x00000034   Code   RO         1180    i.enc28j60SetBank   enc28j60.o
    0x08001780   0x00000018   Code   RO         1181    i.enc28j60Write     enc28j60.o
    0x08001798   0x00000030   Code   RO         1182    i.enc28j60WriteBuffer  enc28j60.o
    0x080017c8   0x00000038   Code   RO         1183    i.enc28j60WriteOp   enc28j60.o
    0x08001800   0x00000010   Code   RO         1184    i.enc28j60clkout    enc28j60.o
    0x08001810   0x00000058   Code   RO         1292    i.ethernetif_input  ethernetif.o
    0x08001868   0x00000048   Code   RO         3453    i.file_stats        httpd-cgi.o
    0x080018b0   0x00000024   Code   RO          311    i.fputc             usart_printf.o
    0x080018d4   0x0000002c   Code   RO         3454    i.generate_file_stats  httpd-cgi.o
    0x08001900   0x00000034   Code   RO         3455    i.generate_net_stats  httpd-cgi.o
    0x08001934   0x00000048   Code   RO         3368    i.generate_part_of_file  httpd.o
    0x0800197c   0x000000b4   Code   RO         3456    i.generate_tcp_stats  httpd-cgi.o
    0x08001a30   0x0000001a   Code   RO         3369    i.get_temperature   httpd.o
    0x08001a4a   0x00000016   Code   RO         3370    i.get_time          httpd.o
    0x08001a60   0x0000001a   Code   RO         3371    i.handle_connection  httpd.o
    0x08001a7a   0x00000002   PAD
    0x08001a7c   0x00000278   Code   RO         3372    i.handle_input      httpd.o
    0x08001cf4   0x0000010c   Code   RO         3373    i.handle_output     httpd.o
    0x08001e00   0x00000178   Code   RO         3374    i.handle_script     httpd.o
    0x08001f78   0x0000000c   Code   RO         2879    i.htons             uip.o
    0x08001f84   0x000000a4   Code   RO         3375    i.httpd_appcall     httpd.o
    0x08002028   0x0000003c   Code   RO         3457    i.httpd_cgi         httpd-cgi.o
    0x08002064   0x00000034   Code   RO         3504    i.httpd_fs_count    httpd-fs.o
    0x08002098   0x0000004c   Code   RO         3506    i.httpd_fs_open     httpd-fs.o
    0x080020e4   0x00000030   Code   RO         3507    i.httpd_fs_strcmp   httpd-fs.o
    0x08002114   0x0000000c   Code   RO         1294    i.low_level_input   ethernetif.o
    0x08002120   0x0000000c   Code   RO         1472    i.lwip_htons        def.o
    0x0800212c   0x00000430   Code   RO            6    i.main              main.o
    0x0800255c   0x00000110   Code   RO         1557    i.mem_free          mem.o
    0x0800266c   0x00000274   Code   RO         1559    i.mem_malloc        mem.o
    0x080028e0   0x00000070   Code   RO         1601    i.memp_free         memp.o
    0x08002950   0x000000e4   Code   RO         1603    i.memp_malloc       memp.o
    0x08002a34   0x0000001c   Code   RO         1186    i.mymacinit         enc28j60.o
    0x08002a50   0x00000058   Code   RO         3458    i.net_stats         httpd-cgi.o
    0x08002aa8   0x00000022   Code   RO         3377    i.next_scriptstate  httpd.o
    0x08002aca   0x00000012   Code   RO         3459    i.nullfunction      httpd-cgi.o
    0x08002adc   0x00000388   Code   RO         1760    i.pbuf_alloc        pbuf.o
    0x08002e64   0x00000144   Code   RO         1769    i.pbuf_free         pbuf.o
    0x08002fa8   0x0000000c   Code   RO         1775    i.pbuf_pool_is_empty  pbuf.o
    0x08002fb4   0x0000014c   Code   RO         1561    i.plug_holes        mem.o
    0x08003100   0x00000018   Code   RO         1296    i.process_mac       ethernetif.o
    0x08003118   0x0000000c   Code   RO         2779    i.psock_datalen     psock.o
    0x08003124   0x00000084   Code   RO         2780    i.psock_generator_send  psock.o
    0x080031a8   0x00000028   Code   RO         2781    i.psock_init        psock.o
    0x080031d0   0x00000034   Code   RO         2782    i.psock_newdata     psock.o
    0x08003204   0x00000094   Code   RO         2784    i.psock_readto      psock.o
    0x08003298   0x00000066   Code   RO         2785    i.psock_send        psock.o
    0x080032fe   0x00000002   PAD
    0x08003300   0x00000050   Code   RO         2786    i.send_data         psock.o
    0x08003350   0x00000060   Code   RO         3378    i.send_file         httpd.o
    0x080033b0   0x000001f4   Code   RO         3379    i.send_headers      httpd.o
    0x080035a4   0x0000003a   Code   RO         3380    i.send_part_of_file  httpd.o
    0x080035de   0x00000002   PAD
    0x080035e0   0x00000010   Code   RO         3191    i.tapdev_init       tapdev.o
    0x080035f0   0x00000014   Code   RO         3192    i.tapdev_read       tapdev.o
    0x08003604   0x00000018   Code   RO         3193    i.tapdev_send       tapdev.o
    0x0800361c   0x00000038   Code   RO         3218    i.tcp_client_aborted  tcp_client_demo.o
    0x08003654   0x00000030   Code   RO         3219    i.tcp_client_acked  tcp_client_demo.o
    0x08003684   0x00000038   Code   RO         3220    i.tcp_client_closed  tcp_client_demo.o
    0x080036bc   0x00000080   Code   RO         3221    i.tcp_client_connected  tcp_client_demo.o
    0x0800373c   0x00000100   Code   RO         3222    i.tcp_client_demo_appcall  tcp_client_demo.o
    0x0800383c   0x0000002a   Code   RO         3223    i.tcp_client_reconnect  tcp_client_demo.o
    0x08003866   0x00000002   PAD
    0x08003868   0x00000020   Code   RO         3224    i.tcp_client_senddata  tcp_client_demo.o
    0x08003888   0x00000034   Code   RO         3225    i.tcp_client_timedout  tcp_client_demo.o
    0x080038bc   0x00000048   Code   RO         3284    i.tcp_demo_appcall  tcp_demo.o
    0x08003904   0x00000034   Code   RO         3308    i.tcp_server_aborted  tcp_server_demo.o
    0x08003938   0x00000030   Code   RO         3309    i.tcp_server_acked  tcp_server_demo.o
    0x08003968   0x00000034   Code   RO         3310    i.tcp_server_closed  tcp_server_demo.o
    0x0800399c   0x00000080   Code   RO         3311    i.tcp_server_connected  tcp_server_demo.o
    0x08003a1c   0x00000100   Code   RO         3312    i.tcp_server_demo_appcall  tcp_server_demo.o
    0x08003b1c   0x00000020   Code   RO         3313    i.tcp_server_senddata  tcp_server_demo.o
    0x08003b3c   0x00000034   Code   RO         3314    i.tcp_server_timedout  tcp_server_demo.o
    0x08003b70   0x00000070   Code   RO         3460    i.tcp_stats         httpd-cgi.o
    0x08003be0   0x0000001a   Code   RO         2848    i.timer_expired     timer.o
    0x08003bfa   0x0000000a   Code   RO         2849    i.timer_reset       timer.o
    0x08003c04   0x00000010   Code   RO         2851    i.timer_set         timer.o
    0x08003c14   0x00000070   Code   RO         2880    i.uip_add32         uip.o
    0x08003c84   0x00000044   Code   RO         2881    i.uip_add_rcv_nxt   uip.o
    0x08003cc8   0x000000e8   Code   RO         2995    i.uip_arp_arpin     uip_arp.o
    0x08003db0   0x000001a0   Code   RO         2997    i.uip_arp_out       uip_arp.o
    0x08003f50   0x00000058   Code   RO         2998    i.uip_arp_timer     uip_arp.o
    0x08003fa8   0x00000124   Code   RO         2999    i.uip_arp_update    uip_arp.o
    0x080040cc   0x00000110   Code   RO         2883    i.uip_connect       uip.o
    0x080041dc   0x0000006c   Code   RO         2884    i.uip_init          uip.o
    0x08004248   0x00000024   Code   RO         2885    i.uip_ipchksum      uip.o
    0x0800426c   0x00000040   Code   RO         2886    i.uip_listen        uip.o
    0x080042ac   0x00000020   Code   RO         3285    i.uip_log           tcp_demo.o
    0x080042cc   0x000000ec   Code   RO            8    i.uip_polling       main.o
    0x080043b8   0x00000fac   Code   RO         2887    i.uip_process       uip.o
    0x08005364   0x00000030   Code   RO         2888    i.uip_send          uip.o
    0x08005394   0x0000000a   Code   RO         2890    i.uip_tcpchksum     uip.o
    0x0800539e   0x00000002   PAD
    0x080053a0   0x00000048   Code   RO         2893    i.upper_layer_chksum  uip.o
    0x080053e8   0x00000004   Data   RO         2895    .constdata          uip.o
    0x080053ec   0x0000000a   Data   RO         3001    .constdata          uip_arp.o
    0x080053f6   0x00000002   PAD
    0x080053f8   0x0000006e   Data   RO         3461    .constdata          httpd-cgi.o
    0x08005466   0x00000002   PAD
    0x08005468   0x000012dc   Data   RO         3509    .constdata          httpd-fs.o
    0x08006744   0x0000024a   Data   RO         3544    .constdata          http-strings.o
    0x0800698e   0x00000002   PAD
    0x08006990   0x000000f9   Data   RO         3381    .conststring        httpd.o
    0x08006a89   0x00000003   PAD
    0x08006a8c   0x00000086   Data   RO         3462    .conststring        httpd-cgi.o
    0x08006b12   0x00000002   PAD
    0x08006b14   0x00000020   Data   RO         3877    Region$$Table       anon$$obj.o


    Execution Region RW_IRAM1 (Base: 0x20000000, Size: 0x00007de0, Max: 0x00010000, ABSOLUTE, COMPRESSED[0x000003e8])

    Base Addr    Size         Type   Attr      Idx    E Section Name        Object

    0x20000000   0x0000001d   Data   RW            9    .data               main.o
    0x2000001d   0x00000003   PAD
    0x20000020   0x00000004   Data   RW          151    .data               stm32f10x_it.o
    0x20000024   0x00000014   Data   RW          466    .data               stm32f10x_rcc.o
    0x20000038   0x00000008   Data   RW         1187    .data               enc28j60.o
    0x20000040   0x0000000c   Data   RW         1563    .data               mem.o
    0x2000004c   0x00000001   Data   RW         1780    .data               pbuf.o
    0x2000004d   0x00000003   PAD
    0x20000050   0x00000038   Data   RW         2896    .data               uip.o
    0x20000088   0x00000008   Data   RW         3002    .data               uip_arp.o
    0x20000090   0x00000006   Data   RW         3194    .data               tapdev.o
    0x20000096   0x00000001   Data   RW         3227    .data               tcp_client_demo.o
    0x20000097   0x00000001   Data   RW         3316    .data               tcp_server_demo.o
    0x20000098   0x0000000c   Data   RW         3382    .data               httpd.o
    0x200000a4   0x00000034   Data   RW         3463    .data               httpd-cgi.o
    0x200000d8   0x00000689   Data   RW         3510    .data               httpd-fs.o
    0x20000761   0x00000003   PAD
    0x20000764   0x00000004   Data   RW         3851    .data               mc_w.l(stdout.o)
    0x20000768   0x00000038   Zero   RW          223    .bss                lwipdemo.o
    0x200007a0   0x00000bb8   Zero   RW         1297    .bss                ethernetif.o
    0x20001358   0x00004c6b   Zero   RW         1604    .bss                memp.o
    0x20005fc3   0x00000001   PAD
    0x20005fc4   0x00000158   Zero   RW         1966    .bss                stats.o
    0x2000611c   0x000016c0   Zero   RW         2894    .bss                uip.o
    0x200077dc   0x00000060   Zero   RW         3000    .bss                uip_arp.o
    0x2000783c   0x000000c8   Zero   RW         3226    .bss                tcp_client_demo.o
    0x20007904   0x000000c8   Zero   RW         3315    .bss                tcp_server_demo.o
    0x200079cc   0x00000014   Zero   RW         3508    .bss                httpd-fs.o
    0x200079e0   0x00000400   Zero   RW          391    STACK               startup_stm32f10x_hd.o


==============================================================================

Image component sizes


      Code (inc. data)   RO Data    RW Data    ZI Data      Debug   Object Name

        12          6          0          0          0        473   clock-arch.o
        12          0          0          0          0        505   def.o
      1270        132          0          8          0       8511   enc28j60.o
       272         54          0          0       3000       4163   ethernetif.o
         0          0        586          0          0       2273   http-strings.o
       626         74        244         52          0       6224   httpd-cgi.o
       176         20       4828       1673         20       4878   httpd-fs.o
      2274        216        249         12          0       9656   httpd.o
         0          0          0          0          0       1667   loopback.o
         0          0          0          0         56      11861   lwipdemo.o
      1662        652          0         29          0     267113   main.o
      1232        414          0         12          0       3567   mem.o
       340        120          0          0      19563       2786   memp.o
       132         22          0          0          0       1707   misc.o
      1240        424          0          1          0       4851   pbuf.o
       766         42          0          0          0       7184   psock.o
       212         16          0          0          0       8173   spi.o
        36          8        304          0       1024        832   startup_stm32f10x_hd.o
         0          0          0          0        344       3257   stats.o
       200         18          0          0          0       2336   stm32f10x_exti.o
       346          4          0          0          0       3345   stm32f10x_gpio.o
        80         10          0          4          0       4837   stm32f10x_it.o
       244         26          0         20          0       4069   stm32f10x_rcc.o
       112          0          0          0          0      11150   stm32f10x_spi.o
       274          6          0          0          0       4296   stm32f10x_usart.o
       328         28          0          0          0       2013   system_stm32f10x.o
        60         18          0          6          0       2158   tapdev.o
       670        228          0          1        200      12298   tcp_client_demo.o
       104         24          0          0          0       2109   tcp_demo.o
       620        228          0          1        200       5225   tcp_server_demo.o
        52          0          0          0          0       1974   timer.o
      4884        566          4         56       5824      17658   uip.o
      1028         98         10          8         96       3994   uip_arp.o
        36          4          0          0          0        580   usart_printf.o

    ----------------------------------------------------------------------
     19322       3458       6268       1892      30328     427723   Object Totals
         0          0         32          0          0          0   (incl. Generated)
        22          0         11          9          1          0   (incl. Padding)

    ----------------------------------------------------------------------

      Code (inc. data)   RO Data    RW Data    ZI Data      Debug   Library Member Name

        94          0          0          0          0          0   __dclz77c.o
         0          0          0          0          0          0   entry.o
         0          0          0          0          0          0   entry10a.o
         0          0          0          0          0          0   entry11a.o
         8          4          0          0          0          0   entry2.o
         4          0          0          0          0          0   entry5.o
         0          0          0          0          0          0   entry7b.o
         0          0          0          0          0          0   entry8b.o
         8          4          0          0          0          0   entry9a.o
        30          0          0          0          0          0   handlers.o
        36          8          0          0          0         68   init.o
        30          0          0          0          0         68   llshl.o
        32          0          0          0          0         68   llushr.o
        36          0          0          0          0         68   memcpya.o
        36          0          0          0          0        108   memseta.o
      1266         64          0          0          0        656   printf8.o
         0          0          0          4          0          0   stdout.o
        20          0          0          0          0         68   strchr.o
        18          0          0          0          0         68   strcpy.o
        14          0          0          0          0         68   strlen.o
        30          0          0          0          0         80   strncmp.o
        24          0          0          0          0         76   strncpy.o
        32          0          0          0          0         68   strrchr.o
        36          0          0          0          0         80   strstr.o
        98          0          0          0          0         92   uldiv.o

    ----------------------------------------------------------------------
      1854         80          0          4          0       1636   Library Totals
         2          0          0          0          0          0   (incl. Padding)

    ----------------------------------------------------------------------

      Code (inc. data)   RO Data    RW Data    ZI Data      Debug   Library Name

      1852         80          0          4          0       1636   mc_w.l

    ----------------------------------------------------------------------
      1854         80          0          4          0       1636   Library Totals

    ----------------------------------------------------------------------

==============================================================================


      Code (inc. data)   RO Data    RW Data    ZI Data      Debug   

     21176       3538       6268       1896      30328     421635   Grand Totals
     21176       3538       6268       1000      30328     421635   ELF Image Totals (compressed)
     21176       3538       6268       1000          0          0   ROM Totals

==============================================================================

    Total RO  Size (Code + RO Data)                27444 (  26.80kB)
    Total RW  Size (RW Data + ZI Data)             32224 (  31.47kB)
    Total ROM Size (Code + RO Data + RW Data)      28444 (  27.78kB)

==============================================================================

