Component: ARM Compiler 5.06 update 1 (build 61) Tool: armlink [4d35a8]

==============================================================================

Section Cross References

    main.o(i.GPIO_Configuration) refers to stm32f10x_rcc.o(i.RCC_APB2PeriphClockCmd) for RCC_APB2PeriphClockCmd
    main.o(i.GPIO_Configuration) refers to stm32f10x_gpio.o(i.GPIO_Init) for GPIO_Init
    main.o(i.GPIO_Configuration) refers to stm32f10x_gpio.o(i.GPIO_SetBits) for GPIO_SetBits
    main.o(i.NVIC_Configuration) refers to misc.o(i.NVIC_PriorityGroupConfig) for NVIC_PriorityGroupConfig
    main.o(i.NVIC_Configuration) refers to misc.o(i.NVIC_Init) for NVIC_Init
    main.o(i.NVIC_Configuration) refers to stm32f10x_gpio.o(i.GPIO_EXTILineConfig) for GPIO_EXTILineConfig
    main.o(i.NVIC_Configuration) refers to stm32f10x_exti.o(i.EXTI_Init) for EXTI_Init
    main.o(i.RCC_Configuration) refers to system_stm32f10x.o(i.SystemInit) for SystemInit
    main.o(i.RCC_Configuration) refers to stm32f10x_rcc.o(i.RCC_APB2PeriphClockCmd) for RCC_APB2PeriphClockCmd
    main.o(i.Usart1_Init) refers to stm32f10x_rcc.o(i.RCC_APB2PeriphClockCmd) for RCC_APB2PeriphClockCmd
    main.o(i.Usart1_Init) refers to stm32f10x_gpio.o(i.GPIO_Init) for GPIO_Init
    main.o(i.Usart1_Init) refers to stm32f10x_usart.o(i.USART_Init) for USART_Init
    main.o(i.Usart1_Init) refers to stm32f10x_usart.o(i.USART_Cmd) for USART_Cmd
    main.o(i.main) refers to main.o(i.RCC_Configuration) for RCC_Configuration
    main.o(i.main) refers to main.o(i.NVIC_Configuration) for NVIC_Configuration
    main.o(i.main) refers to main.o(i.GPIO_Configuration) for GPIO_Configuration
    main.o(i.main) refers to main.o(i.Usart1_Init) for Usart1_Init
    main.o(i.main) refers to printf8.o(i.__0printf$8) for __2printf
    main.o(i.main) refers to spi.o(i.SPI1_Init) for SPI1_Init
    main.o(i.main) refers to tapdev.o(i.tapdev_init) for tapdev_init
    main.o(i.main) refers to uip.o(i.uip_init) for uip_init
    main.o(i.main) refers to uip.o(i.uip_udp_new) for uip_udp_new
    main.o(i.main) refers to main.o(i.uip_polling) for uip_polling
    main.o(i.main) refers to main.o(.data) for ipaddr
    main.o(i.main) refers to uip.o(.data) for uip_hostaddr
    main.o(i.main) refers to uip.o(.bss) for uip_udp_conns
    main.o(i.sys_now) refers to main.o(.data) for system_tick_num
    main.o(i.uip_polling) refers to timer.o(i.timer_set) for timer_set
    main.o(i.uip_polling) refers to tapdev.o(i.tapdev_read) for tapdev_read
    main.o(i.uip_polling) refers to uip.o(i.htons) for htons
    main.o(i.uip_polling) refers to uip.o(i.uip_process) for uip_process
    main.o(i.uip_polling) refers to uip_arp.o(i.uip_arp_out) for uip_arp_out
    main.o(i.uip_polling) refers to tapdev.o(i.tapdev_send) for tapdev_send
    main.o(i.uip_polling) refers to uip_arp.o(i.uip_arp_arpin) for uip_arp_arpin
    main.o(i.uip_polling) refers to timer.o(i.timer_expired) for timer_expired
    main.o(i.uip_polling) refers to timer.o(i.timer_reset) for timer_reset
    main.o(i.uip_polling) refers to uip_arp.o(i.uip_arp_timer) for uip_arp_timer
    main.o(i.uip_polling) refers to main.o(.data) for timer_ok
    main.o(i.uip_polling) refers to uip.o(.data) for uip_len
    main.o(i.uip_polling) refers to uip.o(.bss) for uip_buf
    stm32f10x_it.o(i.EXTI1_IRQHandler) refers to stm32f10x_exti.o(i.EXTI_GetITStatus) for EXTI_GetITStatus
    stm32f10x_it.o(i.EXTI1_IRQHandler) refers to stm32f10x_exti.o(i.EXTI_ClearITPendingBit) for EXTI_ClearITPendingBit
    stm32f10x_it.o(i.EXTI1_IRQHandler) refers to ethernetif.o(i.process_mac) for process_mac
    stm32f10x_it.o(i.SysTick_Handler) refers to main.o(.data) for system_tick_num
    stm32f10x_it.o(i.SysTick_Handler) refers to stm32f10x_it.o(.data) for uip_timer
    lwipdemo.o(i.lwip_demo) refers to lwipdemo.o(i.lwip_init_task) for lwip_init_task
    lwipdemo.o(i.lwip_demo) refers to loopback.o(i.tcpserver_init) for tcpserver_init
    lwipdemo.o(i.lwip_demo) refers to loopback.o(i.loopclient_init) for loopclient_init
    lwipdemo.o(i.lwip_demo) refers to ethernetif.o(i.process_mac) for process_mac
    lwipdemo.o(i.lwip_demo) refers to timers.o(i.sys_check_timeouts) for sys_check_timeouts
    lwipdemo.o(i.lwip_demo) refers to netif.o(i.netif_poll_all) for netif_poll_all
    lwipdemo.o(i.lwip_init_task) refers to init.o(i.lwip_init) for lwip_init
    lwipdemo.o(i.lwip_init_task) refers to netif.o(i.netif_add) for netif_add
    lwipdemo.o(i.lwip_init_task) refers to netif.o(i.netif_set_default) for netif_set_default
    lwipdemo.o(i.lwip_init_task) refers to netif.o(i.netif_set_up) for netif_set_up
    lwipdemo.o(i.lwip_init_task) refers to etharp.o(i.ethernet_input) for ethernet_input
    lwipdemo.o(i.lwip_init_task) refers to ethernetif.o(i.ethernetif_init) for ethernetif_init
    lwipdemo.o(i.lwip_init_task) refers to lwipdemo.o(.bss) for enc28j60_netif
[...]
    ..\..\lwip\src\core\timers.c             0x00000000   Number         0  timers.o ABSOLUTE
    ..\..\lwip\src\core\udp.c                0x00000000   Number         0  udp.o ABSOLUTE
    ..\..\lwip\src\netif\etharp.c            0x00000000   Number         0  etharp.o ABSOLUTE
    ..\..\lwip\src\netif\ethernetif.c        0x00000000   Number         0  ethernetif.o ABSOLUTE
    ..\..\lwip\src\netif\slipif.c            0x00000000   Number         0  slipif.o ABSOLUTE
    ..\\..\\Libraries\\CMSIS\\core_cm3.c     0x00000000   Number         0  core_cm3.o ABSOLUTE
    ..\\..\\Source\\src\\main.c              0x00000000   Number         0  main.o ABSOLUTE
    cdrcmple.s                               0x00000000   Number         0  cdrcmple.o ABSOLUTE
    dc.s                                     0x00000000   Number         0  dc.o ABSOLUTE
    handlers.s                               0x00000000   Number         0  handlers.o ABSOLUTE
    init.s                                   0x00000000   Number         0  init.o ABSOLUTE
    RESET                                    0x08000000   Section      304  startup_stm32f10x_hd.o(RESET)
    .ARM.Collect$$$$00000000                 0x08000130   Section        0  entry.o(.ARM.Collect$$$$00000000)
    .ARM.Collect$$$$00000001                 0x08000130   Section        4  entry2.o(.ARM.Collect$$$$00000001)
    .ARM.Collect$$$$00000004                 0x08000134   Section        4  entry5.o(.ARM.Collect$$$$00000004)
    .ARM.Collect$$$$00000008                 0x08000138   Section        0  entry7b.o(.ARM.Collect$$$$00000008)
    .ARM.Collect$$$$0000000A                 0x08000138   Section        0  entry8b.o(.ARM.Collect$$$$0000000A)
    .ARM.Collect$$$$0000000B                 0x08000138   Section        8  entry9a.o(.ARM.Collect$$$$0000000B)
    .ARM.Collect$$$$0000000D                 0x08000140   Section        0  entry10a.o(.ARM.Collect$$$$0000000D)
    .ARM.Collect$$$$0000000F                 0x08000140   Section        0  entry11a.o(.ARM.Collect$$$$0000000F)
    .ARM.Collect$$$$00002712                 0x08000140   Section        4  entry2.o(.ARM.Collect$$$$00002712)
    __lit__00000000                          0x08000140   Data           4  entry2.o(.ARM.Collect$$$$00002712)
    .text                                    0x08000144   Section       36  startup_stm32f10x_hd.o(.text)
    .text                                    0x08000168   Section        0  memcpya.o(.text)
    .text                                    0x0800018c   Section        0  memseta.o(.text)
    .text                                    0x080001b0   Section        0  strstr.o(.text)
    .text                                    0x080001d4   Section        0  strncpy.o(.text)
    .text                                    0x080001ec   Section        0  strchr.o(.text)
    .text                                    0x08000200   Section        0  strlen.o(.text)
    .text                                    0x0800020e   Section        0  strcpy.o(.text)
    .text                                    0x08000220   Section        0  strncmp.o(.text)
    .text                                    0x0800023e   Section        0  strrchr.o(.text)
    .text                                    0x0800025e   Section        0  uldiv.o(.text)
    .text                                    0x080002c0   Section       36  init.o(.text)
    .text                                    0x080002e4   Section        0  llshl.o(.text)
    .text                                    0x08000302   Section        0  llushr.o(.text)
    .text                                    0x08000322   Section        0  __dclz77c.o(.text)
    i.BusFault_Handler                       0x08000380   Section        0  stm32f10x_it.o(i.BusFault_Handler)
    i.DebugMon_Handler                       0x08000384   Section        0  stm32f10x_it.o(i.DebugMon_Handler)
    i.EXTI1_IRQHandler                       0x08000386   Section        0  stm32f10x_it.o(i.EXTI1_IRQHandler)
    i.EXTI_ClearITPendingBit                 0x080003a0   Section        0  stm32f10x_exti.o(i.EXTI_ClearITPendingBit)
    i.EXTI_GetITStatus                       0x080003ac   Section        0  stm32f10x_exti.o(i.EXTI_GetITStatus)
    i.EXTI_Init                              0x080003d4   Section        0  stm32f10x_exti.o(i.EXTI_Init)
    i.GPIO_Configuration                     0x08000468   Section        0  main.o(i.GPIO_Configuration)
    i.GPIO_EXTILineConfig                    0x080004fc   Section        0  stm32f10x_gpio.o(i.GPIO_EXTILineConfig)
    i.GPIO_Init                              0x0800053c   Section        0  stm32f10x_gpio.o(i.GPIO_Init)
    i.GPIO_SetBits                           0x08000652   Section        0  stm32f10x_gpio.o(i.GPIO_SetBits)
    i.HardFault_Handler                      0x08000656   Section        0  stm32f10x_it.o(i.HardFault_Handler)
    i.MemManage_Handler                      0x0800065a   Section        0  stm32f10x_it.o(i.MemManage_Handler)
    i.NMI_Handler                            0x0800065e   Section        0  stm32f10x_it.o(i.NMI_Handler)
    i.NVIC_Configuration                     0x08000660   Section        0  main.o(i.NVIC_Configuration)
    i.NVIC_Init                              0x080006a8   Section        0  misc.o(i.NVIC_Init)
    i.NVIC_PriorityGroupConfig               0x08000718   Section        0  misc.o(i.NVIC_PriorityGroupConfig)
    i.PacketReceive                          0x0800072c   Section        0  ethernetif.o(i.PacketReceive)
    i.PendSV_Handler                         0x080007c0   Section        0  stm32f10x_it.o(i.PendSV_Handler)
    i.RCC_APB2PeriphClockCmd                 0x080007c4   Section        0  stm32f10x_rcc.o(i.RCC_APB2PeriphClockCmd)
    i.RCC_Configuration                      0x080007e4   Section        0  main.o(i.RCC_Configuration)
    i.RCC_GetClocksFreq                      0x080007f4   Section        0  stm32f10x_rcc.o(i.RCC_GetClocksFreq)
    i.SPI1_Init                              0x080008c8   Section        0  spi.o(i.SPI1_Init)
    i.SPI1_ReadWrite                         0x08000964   Section        0  spi.o(i.SPI1_ReadWrite)
    i.SPI_Cmd                                0x0800099c   Section        0  stm32f10x_spi.o(i.SPI_Cmd)
    i.SPI_I2S_GetFlagStatus                  0x080009b4   Section        0  stm32f10x_spi.o(i.SPI_I2S_GetFlagStatus)
    i.SPI_I2S_ReceiveData                    0x080009c6   Section        0  stm32f10x_spi.o(i.SPI_I2S_ReceiveData)
    i.SPI_I2S_SendData                       0x080009cc   Section        0  stm32f10x_spi.o(i.SPI_I2S_SendData)
    i.SPI_Init                               0x080009d0   Section        0  stm32f10x_spi.o(i.SPI_Init)
    i.SVC_Handler                            0x08000a0c   Section        0  stm32f10x_it.o(i.SVC_Handler)
    i.SetSysClock                            0x08000a0e   Section        0  system_stm32f10x.o(i.SetSysClock)
    SetSysClock                              0x08000a0f   Thumb Code     8  system_stm32f10x.o(i.SetSysClock)
    i.SetSysClockTo72                        0x08000a18   Section        0  system_stm32f10x.o(i.SetSysClockTo72)
    SetSysClockTo72                          0x08000a19   Thumb Code   214  system_stm32f10x.o(i.SetSysClockTo72)
    i.SysTick_Handler                        0x08000af8   Section        0  stm32f10x_it.o(i.SysTick_Handler)
    i.SystemInit                             0x08000b18   Section        0  system_stm32f10x.o(i.SystemInit)
    i.USART_Cmd                              0x08000b78   Section        0  stm32f10x_usart.o(i.USART_Cmd)
    i.USART_GetFlagStatus                    0x08000b90   Section        0  stm32f10x_usart.o(i.USART_GetFlagStatus)
    i.USART_Init                             0x08000bac   Section        0  stm32f10x_usart.o(i.USART_Init)
    i.USART_SendData                         0x08000c84   Section        0  stm32f10x_usart.o(i.USART_SendData)
    i.UsageFault_Handler                     0x08000c8c   Section        0  stm32f10x_it.o(i.UsageFault_Handler)
    i.Usart1_Init                            0x08000c90   Section        0  main.o(i.Usart1_Init)
    i.__0printf$8                            0x08000d08   Section        0  printf8.o(i.__0printf$8)
    i.__0snprintf$8                          0x08000d28   Section        0  printf8.o(i.__0snprintf$8)
    i.__scatterload_copy                     0x08000d50   Section       14  handlers.o(i.__scatterload_copy)
    i.__scatterload_null                     0x08000d5e   Section        2  handlers.o(i.__scatterload_null)
    i.__scatterload_zeroinit                 0x08000d60   Section       14  handlers.o(i.__scatterload_zeroinit)
    i._printf_core                           0x08000d70   Section        0  printf8.o(i._printf_core)
    _printf_core                             0x08000d71   Thumb Code   996  printf8.o(i._printf_core)
    i._printf_post_padding                   0x08001180   Section        0  printf8.o(i._printf_post_padding)
    _printf_post_padding                     0x08001181   Thumb Code    36  printf8.o(i._printf_post_padding)
    i._printf_pre_padding                    0x080011a4   Section        0  printf8.o(i._printf_pre_padding)
    _printf_pre_padding                      0x080011a5   Thumb Code    46  printf8.o(i._printf_pre_padding)
    i._snputc                                0x080011d2   Section        0  printf8.o(i._snputc)
    _snputc                                  0x080011d3   Thumb Code    22  printf8.o(i._snputc)
    i.buf_bufto                              0x080011e8   Section        0  psock.o(i.buf_bufto)
    buf_bufto                                0x080011e9   Thumb Code   102  psock.o(i.buf_bufto)
    i.buf_setup                              0x0800124e   Section        0  psock.o(i.buf_setup)
    buf_setup                                0x0800124f   Thumb Code     6  psock.o(i.buf_setup)
    i.chksum                                 0x08001254   Section        0  uip.o(i.chksum)
    chksum                                   0x08001255   Thumb Code    70  uip.o(i.chksum)
    i.clock_time                             0x0800129c   Section        0  clock-arch.o(i.clock_time)
    i.data_acked                             0x080012a8   Section        0  psock.o(i.data_acked)
    data_acked                               0x080012a9   Thumb Code    82  psock.o(i.data_acked)
    i.enc28j60Init                           0x08001304   Section        0  enc28j60.o(i.enc28j60Init)
    i.enc28j60PacketReceive                  0x0800151c   Section        0  enc28j60.o(i.enc28j60PacketReceive)
    i.enc28j60PacketSend                     0x080015dc   Section        0  enc28j60.o(i.enc28j60PacketSend)
    i.enc28j60PhyWrite                       0x08001658   Section        0  enc28j60.o(i.enc28j60PhyWrite)
    i.enc28j60Read                           0x0800168a   Section        0  enc28j60.o(i.enc28j60Read)
    i.enc28j60ReadBuffer                     0x080016a0   Section        0  enc28j60.o(i.enc28j60ReadBuffer)
    i.enc28j60ReadOp                         0x080016d8   Section        0  enc28j60.o(i.enc28j60ReadOp)
    i.enc28j60SetBank                        0x0800171c   Section        0  enc28j60.o(i.enc28j60SetBank)
    i.enc28j60Write                          0x08001750   Section        0  enc28j60.o(i.enc28j60Write)
    i.enc28j60WriteBuffer                    0x08001768   Section        0  enc28j60.o(i.enc28j60WriteBuffer)
    i.enc28j60WriteOp                        0x08001798   Section        0  enc28j60.o(i.enc28j60WriteOp)
    i.enc28j60clkout                         0x080017d0   Section        0  enc28j60.o(i.enc28j60clkout)
    i.ethernetif_input                       0x080017e0   Section        0  ethernetif.o(i.ethernetif_input)
    ethernetif_input                         0x080017e1   Thumb Code    88  ethernetif.o(i.ethernetif_input)
    i.file_stats                             0x08001838   Section        0  httpd-cgi.o(i.file_stats)
    file_stats                               0x08001839   Thumb Code    66  httpd-cgi.o(i.file_stats)
    i.fputc                                  0x08001880   Section        0  usart_printf.o(i.fputc)
    i.generate_file_stats                    0x080018a4   Section        0  httpd-cgi.o(i.generate_file_stats)
    generate_file_stats                      0x080018a5   Thumb Code    34  httpd-cgi.o(i.generate_file_stats)
    i.generate_net_stats                     0x080018d0   Section        0  httpd-cgi.o(i.generate_net_stats)
    generate_net_stats                       0x080018d1   Thumb Code    34  httpd-cgi.o(i.generate_net_stats)
    i.generate_part_of_file                  0x08001904   Section        0  httpd.o(i.generate_part_of_file)
    generate_part_of_file                    0x08001905   Thumb Code    62  httpd.o(i.generate_part_of_file)
    i.generate_tcp_stats                     0x0800194c   Section        0  httpd-cgi.o(i.generate_tcp_stats)
    generate_tcp_stats                       0x0800194d   Thumb Code   164  httpd-cgi.o(i.generate_tcp_stats)
    i.get_temperature                        0x08001a00   Section        0  httpd.o(i.get_temperature)
    i.get_time                               0x08001a1a   Section        0  httpd.o(i.get_time)
    i.handle_connection                      0x08001a30   Section        0  httpd.o(i.handle_connection)
    handle_connection                        0x08001a31   Thumb Code    26  httpd.o(i.handle_connection)
    i.handle_input                           0x08001a4c   Section        0  httpd.o(i.handle_input)
    handle_input                             0x08001a4d   Thumb Code   522  httpd.o(i.handle_input)
    i.handle_output                          0x08001cc4   Section        0  httpd.o(i.handle_output)
    handle_output                            0x08001cc5   Thumb Code   246  httpd.o(i.handle_output)
    i.handle_script                          0x08001dd0   Section        0  httpd.o(i.handle_script)
    handle_script                            0x08001dd1   Thumb Code   372  httpd.o(i.handle_script)
    i.htons                                  0x08001f48   Section        0  uip.o(i.htons)
    i.httpd_appcall                          0x08001f54   Section        0  httpd.o(i.httpd_appcall)
    i.httpd_cgi                              0x08001ff8   Section        0  httpd-cgi.o(i.httpd_cgi)
    i.httpd_fs_count                         0x08002034   Section        0  httpd-fs.o(i.httpd_fs_count)
    i.httpd_fs_open                          0x08002068   Section        0  httpd-fs.o(i.httpd_fs_open)
    i.httpd_fs_strcmp                        0x080020b4   Section        0  httpd-fs.o(i.httpd_fs_strcmp)
    httpd_fs_strcmp                          0x080020b5   Thumb Code    48  httpd-fs.o(i.httpd_fs_strcmp)
    i.low_level_input                        0x080020e4   Section        0  ethernetif.o(i.low_level_input)
    low_level_input                          0x080020e5   Thumb Code    12  ethernetif.o(i.low_level_input)
    i.lwip_htons                             0x080020f0   Section        0  def.o(i.lwip_htons)
    i.main                                   0x080020fc   Section        0  main.o(i.main)
    i.mem_free                               0x08002414   Section        0  mem.o(i.mem_free)
    i.mem_malloc                             0x08002524   Section        0  mem.o(i.mem_malloc)
    i.memp_free                              0x08002798   Section        0  memp.o(i.memp_free)
    i.memp_malloc                            0x08002808   Section        0  memp.o(i.memp_malloc)
    i.mymacinit                              0x080028ec   Section        0  enc28j60.o(i.mymacinit)
    i.net_stats                              0x08002908   Section        0  httpd-cgi.o(i.net_stats)
    net_stats                                0x08002909   Thumb Code    82  httpd-cgi.o(i.net_stats)
    i.next_scriptstate                       0x08002960   Section        0  httpd.o(i.next_scriptstate)
    next_scriptstate                         0x08002961   Thumb Code    34  httpd.o(i.next_scriptstate)
    i.nullfunction                           0x08002982   Section        0  httpd-cgi.o(i.nullfunction)
    nullfunction                             0x08002983   Thumb Code    18  httpd-cgi.o(i.nullfunction)
    i.pbuf_alloc                             0x08002994   Section        0  pbuf.o(i.pbuf_alloc)
    i.pbuf_free                              0x08002d1c   Section        0  pbuf.o(i.pbuf_free)
    i.pbuf_pool_is_empty                     0x08002e60   Section        0  pbuf.o(i.pbuf_pool_is_empty)
    pbuf_pool_is_empty                       0x08002e61   Thumb Code     8  pbuf.o(i.pbuf_pool_is_empty)
    i.plug_holes                             0x08002e6c   Section        0  mem.o(i.plug_holes)
    plug_holes                               0x08002e6d   Thumb Code   194  mem.o(i.plug_holes)
    i.process_mac                            0x08002fb8   Section        0  ethernetif.o(i.process_mac)
    i.psock_datalen                          0x08002fd0   Section        0  psock.o(i.psock_datalen)
    i.psock_generator_send                   0x08002fdc   Section        0  psock.o(i.psock_generator_send)
    i.psock_init                             0x08003060   Section        0  psock.o(i.psock_init)
    i.psock_newdata                          0x08003088   Section        0  psock.o(i.psock_newdata)
    i.psock_readto                           0x080030bc   Section        0  psock.o(i.psock_readto)
    i.psock_send                             0x08003150   Section        0  psock.o(i.psock_send)
    i.send_data                              0x080031b8   Section        0  psock.o(i.send_data)
    send_data                                0x080031b9   Thumb Code    70  psock.o(i.send_data)
    i.send_file                              0x08003208   Section        0  httpd.o(i.send_file)
    send_file                                0x08003209   Thumb Code    90  httpd.o(i.send_file)
    i.send_headers                           0x08003268   Section        0  httpd.o(i.send_headers)
    send_headers                             0x08003269   Thumb Code   446  httpd.o(i.send_headers)
    i.send_part_of_file                      0x0800345c   Section        0  httpd.o(i.send_part_of_file)
    send_part_of_file                        0x0800345d   Thumb Code    58  httpd.o(i.send_part_of_file)
    i.tapdev_init                            0x08003498   Section        0  tapdev.o(i.tapdev_init)
    i.tapdev_read                            0x080034a8   Section        0  tapdev.o(i.tapdev_read)
    i.tapdev_send                            0x080034bc   Section        0  tapdev.o(i.tapdev_send)
    i.tcp_client_aborted                     0x080034d4   Section        0  tcp_client_demo.o(i.tcp_client_aborted)
    i.tcp_client_acked                       0x0800350c   Section        0  tcp_client_demo.o(i.tcp_client_acked)
    i.tcp_client_closed                      0x0800353c   Section        0  tcp_client_demo.o(i.tcp_client_closed)
    i.tcp_client_connected                   0x08003574   Section        0  tcp_client_demo.o(i.tcp_client_connected)
    i.tcp_client_demo_appcall                0x080035f4   Section        0  tcp_client_demo.o(i.tcp_client_demo_appcall)
    i.tcp_client_reconnect                   0x080036f4   Section        0  tcp_client_demo.o(i.tcp_client_reconnect)
    i.tcp_client_senddata                    0x08003720   Section        0  tcp_client_demo.o(i.tcp_client_senddata)
    i.tcp_client_timedout                    0x08003740   Section        0  tcp_client_demo.o(i.tcp_client_timedout)
    i.tcp_demo_appcall                       0x08003774   Section        0  tcp_demo.o(i.tcp_demo_appcall)
    i.tcp_server_aborted                     0x080037bc   Section        0  tcp_server_demo.o(i.tcp_server_aborted)
    i.tcp_server_acked                       0x080037f0   Section        0  tcp_server_demo.o(i.tcp_server_acked)
    i.tcp_server_closed                      0x08003820   Section        0  tcp_server_demo.o(i.tcp_server_closed)
    i.tcp_server_connected                   0x08003854   Section        0  tcp_server_demo.o(i.tcp_server_connected)
    i.tcp_server_demo_appcall                0x080038d4   Section        0  tcp_server_demo.o(i.tcp_server_demo_appcall)
    i.tcp_server_senddata                    0x080039d4   Section        0  tcp_server_demo.o(i.tcp_server_senddata)
    i.tcp_server_timedout                    0x080039f4   Section        0  tcp_server_demo.o(i.tcp_server_timedout)
    i.tcp_stats                              0x08003a28   Section        0  httpd-cgi.o(i.tcp_stats)
    tcp_stats                                0x08003a29   Thumb Code   104  httpd-cgi.o(i.tcp_stats)
    i.timer_expired                          0x08003a98   Section        0  timer.o(i.timer_expired)
    i.timer_reset                            0x08003ab2   Section        0  timer.o(i.timer_reset)
    i.timer_set                              0x08003abc   Section        0  timer.o(i.timer_set)
    i.udp_demo_appcall                       0x08003acc   Section        0  udp_demo.o(i.udp_demo_appcall)
    i.uip_add32                              0x08003afc   Section        0  uip.o(i.uip_add32)
    i.uip_add_rcv_nxt                        0x08003b6c   Section        0  uip.o(i.uip_add_rcv_nxt)
    uip_add_rcv_nxt                          0x08003b6d   Thumb Code    58  uip.o(i.uip_add_rcv_nxt)
    i.uip_arp_arpin                          0x08003bb0   Section        0  uip_arp.o(i.uip_arp_arpin)
    i.uip_arp_out                            0x08003cd4   Section        0  uip_arp.o(i.uip_arp_out)
    i.uip_arp_timer                          0x08003ea0   Section        0  uip_arp.o(i.uip_arp_timer)
    i.uip_arp_update                         0x08003ef8   Section        0  uip_arp.o(i.uip_arp_update)
    uip_arp_update                           0x08003ef9   Thumb Code   272  uip_arp.o(i.uip_arp_update)
    i.uip_connect                            0x0800401c   Section        0  uip.o(i.uip_connect)
    i.uip_init                               0x0800412c   Section        0  uip.o(i.uip_init)
    i.uip_ipchksum                           0x080041c8   Section        0  uip.o(i.uip_ipchksum)
    i.uip_log                                0x080041ec   Section        0  tcp_demo.o(i.uip_log)
    i.uip_polling                            0x0800420c   Section        0  main.o(i.uip_polling)
    uip_polling                              0x0800420d   Thumb Code   262  main.o(i.uip_polling)
    i.uip_process                            0x08004338   Section        0  uip.o(i.uip_process)
    i.uip_send                               0x0800554c   Section        0  uip.o(i.uip_send)
    i.uip_tcpchksum                          0x0800557c   Section        0  uip.o(i.uip_tcpchksum)
    i.uip_udp_new                            0x08005588   Section        0  uip.o(i.uip_udp_new)
    i.uip_udpchksum                          0x08005660   Section        0  uip.o(i.uip_udpchksum)
    i.upper_layer_chksum                     0x0800566c   Section        0  uip.o(i.upper_layer_chksum)
    upper_layer_chksum                       0x0800566d   Thumb Code    66  uip.o(i.upper_layer_chksum)
    .constdata                               0x080056b4   Section        8  uip.o(.constdata)
    all_ones_addr                            0x080056b4   Data           4  uip.o(.constdata)
    all_zeroes_addr                          0x080056b8   Data           4  uip.o(.constdata)
    .constdata                               0x080056bc   Section       10  uip_arp.o(.constdata)
    broadcast_ethaddr                        0x080056bc   Data           6  uip_arp.o(.constdata)
    broadcast_ipaddr                         0x080056c2   Data           4  uip_arp.o(.constdata)
    .constdata                               0x080056c8   Section      110  httpd-cgi.o(.constdata)
    file                                     0x080056c8   Data           8  httpd-cgi.o(.constdata)
    tcp                                      0x080056d0   Data           8  httpd-cgi.o(.constdata)
    net                                      0x080056d8   Data           8  httpd-cgi.o(.constdata)
    closed                                   0x080056e0   Data           7  httpd-cgi.o(.constdata)
    syn_rcvd                                 0x080056e7   Data           9  httpd-cgi.o(.constdata)
    syn_sent                                 0x080056f0   Data           9  httpd-cgi.o(.constdata)
    established                              0x080056f9   Data          12  httpd-cgi.o(.constdata)
    fin_wait_1                               0x08005705   Data          11  httpd-cgi.o(.constdata)
    fin_wait_2                               0x08005710   Data          11  httpd-cgi.o(.constdata)
    closing                                  0x0800571b   Data           8  httpd-cgi.o(.constdata)
    time_wait                                0x08005723   Data          10  httpd-cgi.o(.constdata)
    last_ack                                 0x0800572d   Data           9  httpd-cgi.o(.constdata)
    .constdata                               0x08005738   Section     4828  httpd-fs.o(.constdata)
    data_processes_shtml                     0x08005738   Data         226  httpd-fs.o(.constdata)
    data_404_html                            0x0800581a   Data         171  httpd-fs.o(.constdata)
    data_files_shtml                         0x080058c5   Data        1267  httpd-fs.o(.constdata)
    data_footer_html                         0x08005db8   Data          31  httpd-fs.o(.constdata)
    data_header_html                         0x08005dd7   Data         642  httpd-fs.o(.constdata)
    data_style_css                           0x08006059   Data        1026  httpd-fs.o(.constdata)
    data_tcp_shtml                           0x0800645b   Data         222  httpd-fs.o(.constdata)
    data_fade_png                            0x08006539   Data         207  httpd-fs.o(.constdata)
    data_stats_shtml                         0x08006608   Data         835  httpd-fs.o(.constdata)
    .constdata                               0x08006a14   Section      586  http-strings.o(.constdata)
    .conststring                             0x08006c60   Section      249  httpd.o(.conststring)
    .conststring                             0x08006d5c   Section      134  httpd-cgi.o(.conststring)
    .data                                    0x20000000   Section       33  main.o(.data)
    ipaddr                                   0x20000004   Data           4  main.o(.data)
    periodic_timer                           0x20000010   Data           8  main.o(.data)
    arp_timer                                0x20000018   Data           8  main.o(.data)
    timer_ok                                 0x20000020   Data           1  main.o(.data)
    .data                                    0x20000024   Section        4  stm32f10x_it.o(.data)
    .data                                    0x20000028   Section       20  stm32f10x_rcc.o(.data)
    APBAHBPrescTable                         0x20000028   Data          16  stm32f10x_rcc.o(.data)
    ADCPrescTable                            0x20000038   Data           4  stm32f10x_rcc.o(.data)
    .data                                    0x2000003c   Section        8  enc28j60.o(.data)
    Enc28j60Bank                             0x2000003c   Data           1  enc28j60.o(.data)
    NextPacketPtr                            0x20000040   Data           4  enc28j60.o(.data)
    .data                                    0x20000044   Section       12  mem.o(.data)
    ram                                      0x20000044   Data           4  mem.o(.data)
    ram_end                                  0x20000048   Data           4  mem.o(.data)
    lfree                                    0x2000004c   Data           4  mem.o(.data)
    .data                                    0x20000050   Section        1  pbuf.o(.data)
    .data                                    0x20000054   Section       60  uip.o(.data)
    ipid                                     0x20000080   Data           2  uip.o(.data)
    iss                                      0x20000082   Data           4  uip.o(.data)
    lastport                                 0x20000086   Data           2  uip.o(.data)
    c                                        0x2000008c   Data           1  uip.o(.data)
    opt                                      0x2000008d   Data           1  uip.o(.data)
    tmp16                                    0x2000008e   Data           2  uip.o(.data)
    .data                                    0x20000090   Section       16  uip_arp.o(.data)
    ipaddr                                   0x20000090   Data           4  uip_arp.o(.data)
    i                                        0x20000094   Data           1  uip_arp.o(.data)
    c                                        0x20000095   Data           1  uip_arp.o(.data)
    arptime                                  0x20000096   Data           1  uip_arp.o(.data)
    tmpage                                   0x20000097   Data           1  uip_arp.o(.data)
    ii                                       0x2000009c   Data           2  uip_arp.o(.data)
    jj                                       0x2000009e   Data           2  uip_arp.o(.data)
    .data                                    0x200000a0   Section        6  tapdev.o(.data)
    .data                                    0x200000a6   Section        1  tcp_client_demo.o(.data)
    .data                                    0x200000a7   Section        1  tcp_server_demo.o(.data)
    .data                                    0x200000a8   Section       12  httpd.o(.data)
    .data                                    0x200000b4   Section       52  httpd-cgi.o(.data)
    calls                                    0x200000b4   Data          16  httpd-cgi.o(.data)
    states                                   0x200000c4   Data          36  httpd-cgi.o(.data)
    .data                                    0x200000e8   Section     1673  httpd-fs.o(.data)
    .data                                    0x20000774   Section        4  stdout.o(.data)
    .bss                                     0x20000778   Section       56  lwipdemo.o(.bss)
    .bss                                     0x200007b0   Section     3000  ethernetif.o(.bss)
    MySendbuf                                0x200007b0   Data        1500  ethernetif.o(.bss)
    MyRecvbuf                                0x20000d8c   Data        1500  ethernetif.o(.bss)
    .bss                                     0x20001368   Section    19563  memp.o(.bss)
    memp_tab                                 0x20001368   Data          40  memp.o(.bss)
    memp_memory                              0x20001390   Data       19523  memp.o(.bss)
    .bss                                     0x20005fd4   Section      344  stats.o(.bss)
    .bss                                     0x2000612c   Section     5932  uip.o(.bss)
    .bss                                     0x20007858   Section       96  uip_arp.o(.bss)
    arp_table                                0x20007858   Data          96  uip_arp.o(.bss)
    .bss                                     0x200078b8   Section      200  tcp_client_demo.o(.bss)
    .bss                                     0x20007980   Section      200  tcp_server_demo.o(.bss)
    .bss                                     0x20007a48   Section       20  httpd-fs.o(.bss)
    count                                    0x20007a48   Data          20  httpd-fs.o(.bss)
    STACK                                    0x20007a60   Section     1024  startup_stm32f10x_hd.o(STACK)

    Global Symbols

    Symbol Name                              Value     Ov Type        Size  Object(Section)

    BuildAttributes$$THM_ISAv4$P$D$K$B$S$PE$A:L22UL41UL21$X:L11$S22US41US21$IEEE1$IW$USESV6$~STKCKD$USESV7$~SHL$OSPACE$ROPI$EBA8$MICROLIB$REQ8$PRES8$EABIv2 0x00000000   Number         0  anon$$obj.o ABSOLUTE
    __ARM_use_no_argv                        0x00000000   Number         0  main.o ABSOLUTE
    _printf_a                                0x00000000   Number         0  stubs.o ABSOLUTE
    _printf_c                                0x00000000   Number         0  stubs.o ABSOLUTE
    _printf_charcount                        0x00000000   Number         0  stubs.o ABSOLUTE
    _printf_d                                0x00000000   Number         0  stubs.o ABSOLUTE
    _printf_e                                0x00000000   Number         0  stubs.o ABSOLUTE
    _printf_f                                0x00000000   Number         0  stubs.o ABSOLUTE
    _printf_flags                            0x00000000   Number         0  stubs.o ABSOLUTE
    _printf_fp_dec                           0x00000000   Number         0  stubs.o ABSOLUTE
    _printf_fp_hex                           0x00000000   Number         0  stubs.o ABSOLUTE
    _printf_g                                0x00000000   Number         0  stubs.o ABSOLUTE
    _printf_i                                0x00000000   Number         0  stubs.o ABSOLUTE
    _printf_int_dec                          0x00000000   Number         0  stubs.o ABSOLUTE
    _printf_l                                0x00000000   Number         0  stubs.o ABSOLUTE
    _printf_lc                               0x00000000   Number         0  stubs.o ABSOLUTE
    _printf_ll                               0x00000000   Number         0  stubs.o ABSOLUTE
    _printf_lld                              0x00000000   Number         0  stubs.o ABSOLUTE
    _printf_lli                              0x00000000   Number         0  stubs.o ABSOLUTE
    _printf_llo                              0x00000000   Number         0  stubs.o ABSOLUTE
    _printf_llu                              0x00000000   Number         0  stubs.o ABSOLUTE
    _printf_llx                              0x00000000   Number         0  stubs.o ABSOLUTE
    _printf_longlong_dec                     0x00000000   Number         0  stubs.o ABSOLUTE
    _printf_longlong_hex                     0x00000000   Number         0  stubs.o ABSOLUTE
    _printf_longlong_oct                     0x00000000   Number         0  stubs.o ABSOLUTE
    _printf_ls                               0x00000000   Number         0  stubs.o ABSOLUTE
    _printf_mbtowc                           0x00000000   Number         0  stubs.o ABSOLUTE
    _printf_n                                0x00000000   Number         0  stubs.o ABSOLUTE
    _printf_o                                0x00000000   Number         0  stubs.o ABSOLUTE
    _printf_p                                0x00000000   Number         0  stubs.o ABSOLUTE
    _printf_percent                          0x00000000   Number         0  stubs.o ABSOLUTE
    _printf_pre_padding                      0x00000000   Number         0  stubs.o ABSOLUTE
    _printf_return_value                     0x00000000   Number         0  stubs.o ABSOLUTE
    _printf_s                                0x00000000   Number         0  stubs.o ABSOLUTE
    _printf_sizespec                         0x00000000   Number         0  stubs.o ABSOLUTE
    _printf_str                              0x00000000   Number         0  stubs.o ABSOLUTE
    _printf_truncate_signed                  0x00000000   Number         0  stubs.o ABSOLUTE
    _printf_truncate_unsigned                0x00000000   Number         0  stubs.o ABSOLUTE
    _printf_u                                0x00000000   Number         0  stubs.o ABSOLUTE
    _printf_wc                               0x00000000   Number         0  stubs.o ABSOLUTE
    _printf_wctomb                           0x00000000   Number         0  stubs.o ABSOLUTE
    _printf_widthprec                        0x00000000   Number         0  stubs.o ABSOLUTE
    _printf_x                                0x00000000   Number         0  stubs.o ABSOLUTE
    __cpp_initialize__aeabi_                  - Undefined Weak Reference
    __cxa_finalize                            - Undefined Weak Reference
    _clock_init                               - Undefined Weak Reference
    _microlib_exit                            - Undefined Weak Reference
    __Vectors_Size                           0x00000130   Number         0  startup_stm32f10x_hd.o ABSOLUTE
    __Vectors                                0x08000000   Data           4  startup_stm32f10x_hd.o(RESET)
    __Vectors_End                            0x08000130   Data           0  startup_stm32f10x_hd.o(RESET)
    __main                                   0x08000131   Thumb Code     0  entry.o(.ARM.Collect$$$$00000000)
    _main_stk                                0x08000131   Thumb Code     0  entry2.o(.ARM.Collect$$$$00000001)
    _main_scatterload                        0x08000135   Thumb Code     0  entry5.o(.ARM.Collect$$$$00000004)
    __main_after_scatterload                 0x08000139   Thumb Code     0  entry5.o(.ARM.Collect$$$$00000004)
    _main_clock                              0x08000139   Thumb Code     0  entry7b.o(.ARM.Collect$$$$00000008)
    _main_cpp_init                           0x08000139   Thumb Code     0  entry8b.o(.ARM.Collect$$$$0000000A)
    _main_init                               0x08000139   Thumb Code     0  entry9a.o(.ARM.Collect$$$$0000000B)
    __rt_final_cpp                           0x08000141   Thumb Code     0  entry10a.o(.ARM.Collect$$$$0000000D)
    __rt_final_exit                          0x08000141   Thumb Code     0  entry11a.o(.ARM.Collect$$$$0000000F)
    Reset_Handler                            0x08000145   Thumb Code     8  startup_stm32f10x_hd.o(.text)
    ADC1_2_IRQHandler                        0x0800015f   Thumb Code     0  startup_stm32f10x_hd.o(.text)
    ADC3_IRQHandler                          0x0800015f   Thumb Code     0  startup_stm32f10x_hd.o(.text)
    CAN1_RX1_IRQHandler                      0x0800015f   Thumb Code     0  startup_stm32f10x_hd.o(.text)
    CAN1_SCE_IRQHandler                      0x0800015f   Thumb Code     0  startup_stm32f10x_hd.o(.text)
    DMA1_Channel1_IRQHandler                 0x0800015f   Thumb Code     0  startup_stm32f10x_hd.o(.text)
    DMA1_Channel2_IRQHandler                 0x0800015f   Thumb Code     0  startup_stm32f10x_hd.o(.text)
    DMA1_Channel3_IRQHandler                 0x0800015f   Thumb Code     0  startup_stm32f10x_hd.o(.text)
    DMA1_Channel4_IRQHandler                 0x0800015f   Thumb Code     0  startup_stm32f10x_hd.o(.text)
    DMA1_Channel5_IRQHandler                 0x0800015f   Thumb Code     0  startup_stm32f10x_hd.o(.text)
    DMA1_Channel6_IRQHandler                 0x0800015f   Thumb Code     0  startup_stm32f10x_hd.o(.text)
    DMA1_Channel7_IRQHandler                 0x0800015f   Thumb Code     0  startup_stm32f10x_hd.o(.text)
    DMA2_Channel1_IRQHandler                 0x0800015f   Thumb Code     0  startup_stm32f10x_hd.o(.text)
    DMA2_Channel2_IRQHandler                 0x0800015f   Thumb Code     0  startup_stm32f10x_hd.o(.text)
    DMA2_Channel3_IRQHandler                 0x0800015f   Thumb Code     0  startup_stm32f10x_hd.o(.text)
    DMA2_Channel4_5_IRQHandler               0x0800015f   Thumb Code     0  startup_stm32f10x_hd.o(.text)
    EXTI0_IRQHandler                         0x0800015f   Thumb Code     0  startup_stm32f10x_hd.o(.text)
    EXTI15_10_IRQHandler                     0x0800015f   Thumb Code     0  startup_stm32f10x_hd.o(.text)
    EXTI2_IRQHandler                         0x0800015f   Thumb Code     0  startup_stm32f10x_hd.o(.text)
    EXTI3_IRQHandler                         0x0800015f   Thumb Code     0  startup_stm32f10x_hd.o(.text)
    EXTI4_IRQHandler                         0x0800015f   Thumb Code     0  startup_stm32f10x_hd.o(.text)
    EXTI9_5_IRQHandler                       0x0800015f   Thumb Code     0  startup_stm32f10x_hd.o(.text)
    FLASH_IRQHandler                         0x0800015f   Thumb Code     0  startup_stm32f10x_hd.o(.text)
    FSMC_IRQHandler                          0x0800015f   Thumb Code     0  startup_stm32f10x_hd.o(.text)
    I2C1_ER_IRQHandler                       0x0800015f   Thumb Code     0  startup_stm32f10x_hd.o(.text)
    I2C1_EV_IRQHandler                       0x0800015f   Thumb Code     0  startup_stm32f10x_hd.o(.text)
    I2C2_ER_IRQHandler                       0x0800015f   Thumb Code     0  startup_stm32f10x_hd.o(.text)
    I2C2_EV_IRQHandler                       0x0800015f   Thumb Code     0  startup_stm32f10x_hd.o(.text)
    PVD_IRQHandler                           0x0800015f   Thumb Code     0  startup_stm32f10x_hd.o(.text)
    RCC_IRQHandler                           0x0800015f   Thumb Code     0  startup_stm32f10x_hd.o(.text)
    RTCAlarm_IRQHandler                      0x0800015f   Thumb Code     0  startup_stm32f10x_hd.o(.text)
    RTC_IRQHandler                           0x0800015f   Thumb Code     0  startup_stm32f10x_hd.o(.text)
    SDIO_IRQHandler                          0x0800015f   Thumb Code     0  startup_stm32f10x_hd.o(.text)
    SPI1_IRQHandler                          0x0800015f   Thumb Code     0  startup_stm32f10x_hd.o(.text)
    SPI2_IRQHandler                          0x0800015f   Thumb Code     0  startup_stm32f10x_hd.o(.text)
    SPI3_IRQHandler                          0x0800015f   Thumb Code     0  startup_stm32f10x_hd.o(.text)
    TAMPER_IRQHandler                        0x0800015f   Thumb Code     0  startup_stm32f10x_hd.o(.text)
    TIM1_BRK_IRQHandler                      0x0800015f   Thumb Code     0  startup_stm32f10x_hd.o(.text)
    TIM1_CC_IRQHandler                       0x0800015f   Thumb Code     0  startup_stm32f10x_hd.o(.text)
    TIM1_TRG_COM_IRQHandler                  0x0800015f   Thumb Code     0  startup_stm32f10x_hd.o(.text)
    TIM1_UP_IRQHandler                       0x0800015f   Thumb Code     0  startup_stm32f10x_hd.o(.text)
    TIM2_IRQHandler                          0x0800015f   Thumb Code     0  startup_stm32f10x_hd.o(.text)
    TIM3_IRQHandler                          0x0800015f   Thumb Code     0  startup_stm32f10x_hd.o(.text)
    TIM4_IRQHandler                          0x0800015f   Thumb Code     0  startup_stm32f10x_hd.o(.text)
    TIM5_IRQHandler                          0x0800015f   Thumb Code     0  startup_stm32f10x_hd.o(.text)
    TIM6_IRQHandler                          0x0800015f   Thumb Code     0  startup_stm32f10x_hd.o(.text)
    TIM7_IRQHandler                          0x0800015f   Thumb Code     0  startup_stm32f10x_hd.o(.text)
    TIM8_BRK_IRQHandler                      0x0800015f   Thumb Code     0  startup_stm32f10x_hd.o(.text)
    TIM8_CC_IRQHandler                       0x0800015f   Thumb Code     0  startup_stm32f10x_hd.o(.text)
    TIM8_TRG_COM_IRQHandler                  0x0800015f   Thumb Code     0  startup_stm32f10x_hd.o(.text)
    TIM8_UP_IRQHandler                       0x0800015f   Thumb Code     0  startup_stm32f10x_hd.o(.text)
    UART4_IRQHandler                         0x0800015f   Thumb Code     0  startup_stm32f10x_hd.o(.text)
    UART5_IRQHandler                         0x0800015f   Thumb Code     0  startup_stm32f10x_hd.o(.text)
    USART1_IRQHandler                        0x0800015f   Thumb Code     0  startup_stm32f10x_hd.o(.text)
    USART2_IRQHandler                        0x0800015f   Thumb Code     0  startup_stm32f10x_hd.o(.text)
    USART3_IRQHandler                        0x0800015f   Thumb Code     0  startup_stm32f10x_hd.o(.text)
    USBWakeUp_IRQHandler                     0x0800015f   Thumb Code     0  startup_stm32f10x_hd.o(.text)
    USB_HP_CAN1_TX_IRQHandler                0x0800015f   Thumb Code     0  startup_stm32f10x_hd.o(.text)
    USB_LP_CAN1_RX0_IRQHandler               0x0800015f   Thumb Code     0  startup_stm32f10x_hd.o(.text)
    WWDG_IRQHandler                          0x0800015f   Thumb Code     0  startup_stm32f10x_hd.o(.text)
    __aeabi_memcpy                           0x08000169   Thumb Code    36  memcpya.o(.text)
    __aeabi_memcpy4                          0x08000169   Thumb Code     0  memcpya.o(.text)
    __aeabi_memcpy8                          0x08000169   Thumb Code     0  memcpya.o(.text)
    __aeabi_memset                           0x0800018d   Thumb Code    14  memseta.o(.text)
    __aeabi_memset4                          0x0800018d   Thumb Code     0  memseta.o(.text)
    __aeabi_memset8                          0x0800018d   Thumb Code     0  memseta.o(.text)
    __aeabi_memclr                           0x0800019b   Thumb Code     4  memseta.o(.text)
    __aeabi_memclr4                          0x0800019b   Thumb Code     0  memseta.o(.text)
    __aeabi_memclr8                          0x0800019b   Thumb Code     0  memseta.o(.text)
    _memset$wrapper                          0x0800019f   Thumb Code    18  memseta.o(.text)
    strstr                                   0x080001b1   Thumb Code    36  strstr.o(.text)
    strncpy                                  0x080001d5   Thumb Code    24  strncpy.o(.text)
    strchr                                   0x080001ed   Thumb Code    20  strchr.o(.text)
    strlen                                   0x08000201   Thumb Code    14  strlen.o(.text)
    strcpy                                   0x0800020f   Thumb Code    18  strcpy.o(.text)
    strncmp                                  0x08000221   Thumb Code    30  strncmp.o(.text)
    strrchr                                  0x0800023f   Thumb Code    32  strrchr.o(.text)
    __aeabi_uldivmod                         0x0800025f   Thumb Code    98  uldiv.o(.text)
    __scatterload                            0x080002c1   Thumb Code    28  init.o(.text)
    __scatterload_rt2                        0x080002c1   Thumb Code     0  init.o(.text)
    __aeabi_llsl                             0x080002e5   Thumb Code    30  llshl.o(.text)
    _ll_shift_l                              0x080002e5   Thumb Code     0  llshl.o(.text)
    __aeabi_llsr                             0x08000303   Thumb Code    32  llushr.o(.text)
    _ll_ushift_r                             0x08000303   Thumb Code     0  llushr.o(.text)
    __decompress                             0x08000323   Thumb Code     0  __dclz77c.o(.text)
    __decompress2                            0x08000323   Thumb Code    94  __dclz77c.o(.text)
    BusFault_Handler                         0x08000381   Thumb Code     4  stm32f10x_it.o(i.BusFault_Handler)
    DebugMon_Handler                         0x08000385   Thumb Code     2  stm32f10x_it.o(i.DebugMon_Handler)
    EXTI1_IRQHandler                         0x08000387   Thumb Code    24  stm32f10x_it.o(i.EXTI1_IRQHandler)
    EXTI_ClearITPendingBit                   0x080003a1   Thumb Code     6  stm32f10x_exti.o(i.EXTI_ClearITPendingBit)
    EXTI_GetITStatus                         0x080003ad   Thumb Code    34  stm32f10x_exti.o(i.EXTI_GetITStatus)
    EXTI_Init                                0x080003d5   Thumb Code   142  stm32f10x_exti.o(i.EXTI_Init)
    GPIO_Configuration                       0x08000469   Thumb Code   130  main.o(i.GPIO_Configuration)
    GPIO_EXTILineConfig                      0x080004fd   Thumb Code    60  stm32f10x_gpio.o(i.GPIO_EXTILineConfig)
    GPIO_Init                                0x0800053d   Thumb Code   278  stm32f10x_gpio.o(i.GPIO_Init)
    GPIO_SetBits                             0x08000653   Thumb Code     4  stm32f10x_gpio.o(i.GPIO_SetBits)
    HardFault_Handler                        0x08000657   Thumb Code     4  stm32f10x_it.o(i.HardFault_Handler)
    MemManage_Handler                        0x0800065b   Thumb Code     4  stm32f10x_it.o(i.MemManage_Handler)
    NMI_Handler                              0x0800065f   Thumb Code     2  stm32f10x_it.o(i.NMI_Handler)
    NVIC_Configuration                       0x08000661   Thumb Code    70  main.o(i.NVIC_Configuration)
    NVIC_Init                                0x080006a9   Thumb Code   100  misc.o(i.NVIC_Init)
    NVIC_PriorityGroupConfig                 0x08000719   Thumb Code    10  misc.o(i.NVIC_PriorityGroupConfig)
    PacketReceive                            0x0800072d   Thumb Code    98  ethernetif.o(i.PacketReceive)
    PendSV_Handler                           0x080007c1   Thumb Code     2  stm32f10x_it.o(i.PendSV_Handler)
    RCC_APB2PeriphClockCmd                   0x080007c5   Thumb Code    26  stm32f10x_rcc.o(i.RCC_APB2PeriphClockCmd)
    RCC_Configuration                        0x080007e5   Thumb Code    16  main.o(i.RCC_Configuration)
    RCC_GetClocksFreq                        0x080007f5   Thumb Code   192  stm32f10x_rcc.o(i.RCC_GetClocksFreq)
    SPI1_Init                                0x080008c9   Thumb Code   146  spi.o(i.SPI1_Init)
    SPI1_ReadWrite                           0x08000965   Thumb Code    50  spi.o(i.SPI1_ReadWrite)
    SPI_Cmd                                  0x0800099d   Thumb Code    24  stm32f10x_spi.o(i.SPI_Cmd)
    SPI_I2S_GetFlagStatus                    0x080009b5   Thumb Code    18  stm32f10x_spi.o(i.SPI_I2S_GetFlagStatus)
    SPI_I2S_ReceiveData                      0x080009c7   Thumb Code     6  stm32f10x_spi.o(i.SPI_I2S_ReceiveData)
    SPI_I2S_SendData                         0x080009cd   Thumb Code     4  stm32f10x_spi.o(i.SPI_I2S_SendData)
    SPI_Init                                 0x080009d1   Thumb Code    60  stm32f10x_spi.o(i.SPI_Init)
    SVC_Handler                              0x08000a0d   Thumb Code     2  stm32f10x_it.o(i.SVC_Handler)
    SysTick_Handler                          0x08000af9   Thumb Code    22  stm32f10x_it.o(i.SysTick_Handler)
    SystemInit                               0x08000b19   Thumb Code    78  system_stm32f10x.o(i.SystemInit)
    USART_Cmd                                0x08000b79   Thumb Code    24  stm32f10x_usart.o(i.USART_Cmd)
    USART_GetFlagStatus                      0x08000b91   Thumb Code    26  stm32f10x_usart.o(i.USART_GetFlagStatus)
    USART_Init                               0x08000bad   Thumb Code   210  stm32f10x_usart.o(i.USART_Init)
    USART_SendData                           0x08000c85   Thumb Code     8  stm32f10x_usart.o(i.USART_SendData)
    UsageFault_Handler                       0x08000c8d   Thumb Code     4  stm32f10x_it.o(i.UsageFault_Handler)
    Usart1_Init                              0x08000c91   Thumb Code   112  main.o(i.Usart1_Init)
    __0printf$8                              0x08000d09   Thumb Code    22  printf8.o(i.__0printf$8)
    __1printf$8                              0x08000d09   Thumb Code     0  printf8.o(i.__0printf$8)
    __2printf                                0x08000d09   Thumb Code     0  printf8.o(i.__0printf$8)
    __0snprintf$8                            0x08000d29   Thumb Code    36  printf8.o(i.__0snprintf$8)
    __1snprintf$8                            0x08000d29   Thumb Code     0  printf8.o(i.__0snprintf$8)
    __2snprintf                              0x08000d29   Thumb Code     0  printf8.o(i.__0snprintf$8)
    __scatterload_copy                       0x08000d51   Thumb Code    14  handlers.o(i.__scatterload_copy)
    __scatterload_null                       0x08000d5f   Thumb Code     2  handlers.o(i.__scatterload_null)
    __scatterload_zeroinit                   0x08000d61   Thumb Code    14  handlers.o(i.__scatterload_zeroinit)
    clock_time                               0x0800129d   Thumb Code     6  clock-arch.o(i.clock_time)
    enc28j60Init                             0x08001305   Thumb Code   432  enc28j60.o(i.enc28j60Init)
    enc28j60PacketReceive                    0x0800151d   Thumb Code   188  enc28j60.o(i.enc28j60PacketReceive)
    enc28j60PacketSend                       0x080015dd   Thumb Code   124  enc28j60.o(i.enc28j60PacketSend)
    enc28j60PhyWrite                         0x08001659   Thumb Code    50  enc28j60.o(i.enc28j60PhyWrite)
    enc28j60Read                             0x0800168b   Thumb Code    20  enc28j60.o(i.enc28j60Read)
    enc28j60ReadBuffer                       0x080016a1   Thumb Code    50  enc28j60.o(i.enc28j60ReadBuffer)
    enc28j60ReadOp                           0x080016d9   Thumb Code    62  enc28j60.o(i.enc28j60ReadOp)
    enc28j60SetBank                          0x0800171d   Thumb Code    48  enc28j60.o(i.enc28j60SetBank)
    enc28j60Write                            0x08001751   Thumb Code    24  enc28j60.o(i.enc28j60Write)
    enc28j60WriteBuffer                      0x08001769   Thumb Code    44  enc28j60.o(i.enc28j60WriteBuffer)
    enc28j60WriteOp                          0x08001799   Thumb Code    52  enc28j60.o(i.enc28j60WriteOp)
    enc28j60clkout                           0x080017d1   Thumb Code    16  enc28j60.o(i.enc28j60clkout)
    fputc                                    0x08001881   Thumb Code    32  usart_printf.o(i.fputc)
    get_temperature                          0x08001a01   Thumb Code    26  httpd.o(i.get_temperature)
    get_time                                 0x08001a1b   Thumb Code    22  httpd.o(i.get_time)
    htons                                    0x08001f49   Thumb Code    12  uip.o(i.htons)
    httpd_appcall                            0x08001f55   Thumb Code   154  httpd.o(i.httpd_appcall)
    httpd_cgi                                0x08001ff9   Thumb Code    50  httpd-cgi.o(i.httpd_cgi)
    httpd_fs_count                           0x08002035   Thumb Code    42  httpd-fs.o(i.httpd_fs_count)
    httpd_fs_open                            0x08002069   Thumb Code    66  httpd-fs.o(i.httpd_fs_open)
    lwip_htons                               0x080020f1   Thumb Code    12  def.o(i.lwip_htons)
    main                                     0x080020fd   Thumb Code   362  main.o(i.main)
    mem_free                                 0x08002415   Thumb Code   174  mem.o(i.mem_free)
    mem_malloc                               0x08002525   Thumb Code   450  mem.o(i.mem_malloc)
    memp_free                                0x08002799   Thumb Code    70  memp.o(i.memp_free)
    memp_malloc                              0x08002809   Thumb Code   150  memp.o(i.memp_malloc)
    mymacinit                                0x080028ed   Thumb Code    28  enc28j60.o(i.mymacinit)
    pbuf_alloc                               0x08002995   Thumb Code   582  pbuf.o(i.pbuf_alloc)
    pbuf_free                                0x08002d1d   Thumb Code   226  pbuf.o(i.pbuf_free)
    process_mac                              0x08002fb9   Thumb Code    20  ethernetif.o(i.process_mac)
    psock_datalen                            0x08002fd1   Thumb Code    12  psock.o(i.psock_datalen)
    psock_generator_send                     0x08002fdd   Thumb Code   124  psock.o(i.psock_generator_send)
    psock_init                               0x08003061   Thumb Code    40  psock.o(i.psock_init)
    psock_newdata                            0x08003089   Thumb Code    48  psock.o(i.psock_newdata)
    psock_readto                             0x080030bd   Thumb Code   138  psock.o(i.psock_readto)
    psock_send                               0x08003151   Thumb Code   102  psock.o(i.psock_send)
    tapdev_init                              0x08003499   Thumb Code    12  tapdev.o(i.tapdev_init)
    tapdev_read                              0x080034a9   Thumb Code    16  tapdev.o(i.tapdev_read)
    tapdev_send                              0x080034bd   Thumb Code    14  tapdev.o(i.tapdev_send)
    tcp_client_aborted                       0x080034d5   Thumb Code    26  tcp_client_demo.o(i.tcp_client_aborted)
    tcp_client_acked                         0x0800350d   Thumb Code    22  tcp_client_demo.o(i.tcp_client_acked)
    tcp_client_closed                        0x0800353d   Thumb Code    26  tcp_client_demo.o(i.tcp_client_closed)
    tcp_client_connected                     0x08003575   Thumb Code    48  tcp_client_demo.o(i.tcp_client_connected)
    tcp_client_demo_appcall                  0x080035f5   Thumb Code   230  tcp_client_demo.o(i.tcp_client_demo_appcall)
    tcp_client_reconnect                     0x080036f5   Thumb Code    42  tcp_client_demo.o(i.tcp_client_reconnect)
    tcp_client_senddata                      0x08003721   Thumb Code    26  tcp_client_demo.o(i.tcp_client_senddata)
    tcp_client_timedout                      0x08003741   Thumb Code    22  tcp_client_demo.o(i.tcp_client_timedout)
    tcp_demo_appcall                         0x08003775   Thumb Code    66  tcp_demo.o(i.tcp_demo_appcall)
    tcp_server_aborted                       0x080037bd   Thumb Code    22  tcp_server_demo.o(i.tcp_server_aborted)
    tcp_server_acked                         0x080037f1   Thumb Code    22  tcp_server_demo.o(i.tcp_server_acked)
    tcp_server_closed                        0x08003821   Thumb Code    22  tcp_server_demo.o(i.tcp_server_closed)
    tcp_server_connected                     0x08003855   Thumb Code    48  tcp_server_demo.o(i.tcp_server_connected)
    tcp_server_demo_appcall                  0x080038d5   Thumb Code   230  tcp_server_demo.o(i.tcp_server_demo_appcall)
    tcp_server_senddata                      0x080039d5   Thumb Code    26  tcp_server_demo.o(i.tcp_server_senddata)
    tcp_server_timedout                      0x080039f5   Thumb Code    22  tcp_server_demo.o(i.tcp_server_timedout)
    timer_expired                            0x08003a99   Thumb Code    26  timer.o(i.timer_expired)
    timer_reset                              0x08003ab3   Thumb Code    10  timer.o(i.timer_reset)
    timer_set                                0x08003abd   Thumb Code    16  timer.o(i.timer_set)
    udp_demo_appcall                         0x08003acd   Thumb Code    32  udp_demo.o(i.udp_demo_appcall)
    uip_add32                                0x08003afd   Thumb Code   106  uip.o(i.uip_add32)
    uip_arp_arpin                            0x08003bb1   Thumb Code   274  uip_arp.o(i.uip_arp_arpin)
    uip_arp_out                              0x08003cd5   Thumb Code   408  uip_arp.o(i.uip_arp_out)
    uip_arp_timer                            0x08003ea1   Thumb Code    76  uip_arp.o(i.uip_arp_timer)
    uip_connect                              0x0800401d   Thumb Code   254  uip.o(i.uip_connect)
    uip_init                                 0x0800412d   Thumb Code   136  uip.o(i.uip_init)
    uip_ipchksum                             0x080041c9   Thumb Code    30  uip.o(i.uip_ipchksum)
    uip_log                                  0x080041ed   Thumb Code    14  tcp_demo.o(i.uip_log)
    uip_process                              0x08004339   Thumb Code  4618  uip.o(i.uip_process)
    uip_send                                 0x0800554d   Thumb Code    38  uip.o(i.uip_send)
    uip_tcpchksum                            0x0800557d   Thumb Code    10  uip.o(i.uip_tcpchksum)
    uip_udp_new                              0x08005589   Thumb Code   204  uip.o(i.uip_udp_new)
    uip_udpchksum                            0x08005661   Thumb Code    10  uip.o(i.uip_udpchksum)
    file_processes_shtml                     0x0800694c   Data          20  httpd-fs.o(.constdata)
    file_404_html                            0x08006960   Data          20  httpd-fs.o(.constdata)
    file_files_shtml                         0x08006974   Data          20  httpd-fs.o(.constdata)
    file_footer_html                         0x08006988   Data          20  httpd-fs.o(.constdata)
    file_header_html                         0x0800699c   Data          20  httpd-fs.o(.constdata)
    file_index_html                          0x080069b0   Data          20  httpd-fs.o(.constdata)
    file_style_css                           0x080069c4   Data          20  httpd-fs.o(.constdata)
    file_tcp_shtml                           0x080069d8   Data          20  httpd-fs.o(.constdata)
    file_fade_png                            0x080069ec   Data          20  httpd-fs.o(.constdata)
    file_stats_shtml                         0x08006a00   Data          20  httpd-fs.o(.constdata)
    http_http                                0x08006a14   Data           8  http-strings.o(.constdata)
    http_200                                 0x08006a1c   Data           5  http-strings.o(.constdata)
    http_301                                 0x08006a21   Data           5  http-strings.o(.constdata)
    http_302                                 0x08006a26   Data           5  http-strings.o(.constdata)
    http_get                                 0x08006a2b   Data           5  http-strings.o(.constdata)
    http_10                                  0x08006a30   Data           9  http-strings.o(.constdata)
    http_11                                  0x08006a39   Data           9  http-strings.o(.constdata)
    http_content_type                        0x08006a42   Data          15  http-strings.o(.constdata)
    http_texthtml                            0x08006a51   Data          10  http-strings.o(.constdata)
    http_location                            0x08006a5b   Data          11  http-strings.o(.constdata)
    http_host                                0x08006a66   Data           7  http-strings.o(.constdata)
    http_crnl                                0x08006a6d   Data           3  http-strings.o(.constdata)
    http_index_html                          0x08006a70   Data          12  http-strings.o(.constdata)
    http_404_html                            0x08006a7c   Data          10  http-strings.o(.constdata)
    http_referer                             0x08006a86   Data           9  http-strings.o(.constdata)
    http_header_200                          0x08006a8f   Data          84  http-strings.o(.constdata)
    http_header_404                          0x08006ae3   Data          91  http-strings.o(.constdata)
    http_content_type_plain                  0x08006b3e   Data          29  http-strings.o(.constdata)
    http_content_type_html                   0x08006b5b   Data          28  http-strings.o(.constdata)
    http_content_type_css                    0x08006b77   Data          27  http-strings.o(.constdata)
    http_content_type_text                   0x08006b92   Data          28  http-strings.o(.constdata)
    http_content_type_png                    0x08006bae   Data          28  http-strings.o(.constdata)
    http_content_type_gif                    0x08006bca   Data          28  http-strings.o(.constdata)
    http_content_type_jpg                    0x08006be6   Data          29  http-strings.o(.constdata)
    http_content_type_binary                 0x08006c03   Data          43  http-strings.o(.constdata)
    http_html                                0x08006c2e   Data           6  http-strings.o(.constdata)
    http_shtml                               0x08006c34   Data           7  http-strings.o(.constdata)
    http_htm                                 0x08006c3b   Data           5  http-strings.o(.constdata)
    http_css                                 0x08006c40   Data           5  http-strings.o(.constdata)
    http_png                                 0x08006c45   Data           5  http-strings.o(.constdata)
    http_gif                                 0x08006c4a   Data           5  http-strings.o(.constdata)
    http_jpg                                 0x08006c4f   Data           5  http-strings.o(.constdata)
    http_text                                0x08006c54   Data           5  http-strings.o(.constdata)
    http_txt                                 0x08006c59   Data           5  http-strings.o(.constdata)
    Region$$Table$$Base                      0x08006de4   Number         0  anon$$obj.o(Region$$Table)
    Region$$Table$$Limit                     0x08006e04   Number         0  anon$$obj.o(Region$$Table)
    system_tick_num                          0x20000000   Data           4  main.o(.data)
    tcnt                                     0x20000008   Data           2  main.o(.data)
    UIP_udp_conn                             0x2000000c   Data           4  main.o(.data)
    uip_timer                                0x20000024   Data           4  stm32f10x_it.o(.data)
    pbuf_free_ooseq_pending                  0x20000050   Data           1  pbuf.o(.data)
    uip_hostaddr                             0x20000054   Data           4  uip.o(.data)
    uip_draddr                               0x20000058   Data           4  uip.o(.data)
    uip_netmask                              0x2000005c   Data           4  uip.o(.data)
    uip_ethaddr                              0x20000060   Data           6  uip.o(.data)
    uip_appdata                              0x20000068   Data           4  uip.o(.data)
    uip_sappdata                             0x2000006c   Data           4  uip.o(.data)
    uip_len                                  0x20000070   Data           2  uip.o(.data)
    uip_slen                                 0x20000072   Data           2  uip.o(.data)
    uip_flags                                0x20000074   Data           1  uip.o(.data)
    uip_conn                                 0x20000078   Data           4  uip.o(.data)
    uip_udp_conn                             0x2000007c   Data           4  uip.o(.data)
    uip_acc32                                0x20000088   Data           4  uip.o(.data)
    ABUF                                     0x20000098   Data           4  uip_arp.o(.data)
    mymac                                    0x200000a0   Data           6  tapdev.o(.data)
    tcp_client_sta                           0x200000a6   Data           1  tcp_client_demo.o(.data)
    tcp_server_sta                           0x200000a7   Data           1  tcp_server_demo.o(.data)
    LED0_ON_PIC_ADDR                         0x200000a8   Data           4  httpd.o(.data)
    LED1_ON_PIC_ADDR                         0x200000ac   Data           4  httpd.o(.data)
    LED_OFF_PIC_ADDR                         0x200000b0   Data           4  httpd.o(.data)
    data_index_html                          0x200000e8   Data        1673  httpd-fs.o(.data)
    __stdout                                 0x20000774   Data           4  stdout.o(.data)
    enc28j60_netif                           0x20000778   Data          56  lwipdemo.o(.bss)
    lwip_stats                               0x20005fd4   Data         344  stats.o(.bss)
    uip_buf                                  0x2000612c   Data        4098  uip.o(.bss)
    uip_conns                                0x20007130   Data        1600  uip.o(.bss)
    uip_listenports                          0x20007770   Data          80  uip.o(.bss)
    uip_udp_conns                            0x200077c0   Data         100  uip.o(.bss)
    uip_stat                                 0x20007824   Data          52  uip.o(.bss)
    tcp_client_databuf                       0x200078b8   Data         200  tcp_client_demo.o(.bss)
    tcp_server_databuf                       0x20007980   Data         200  tcp_server_demo.o(.bss)
    __initial_sp                             0x20007e60   Data           0  startup_stm32f10x_hd.o(STACK)



==============================================================================

Memory Map of the image

  Image Entry point : 0x08000131

  Load Region LR_IROM1 (Base: 0x08000000, Size: 0x0000757c, Max: 0x00080000, ABSOLUTE, COMPRESSED[0x000071f8])

    Execution Region ER_IROM1 (Base: 0x08000000, Size: 0x00006e04, Max: 0x00080000, ABSOLUTE)

    Base Addr    Size         Type   Attr      Idx    E Section Name        Object

    0x08000000   0x00000130   Data   RO          393    RESET               startup_stm32f10x_hd.o
    0x08000130   0x00000000   Code   RO         3573  * .ARM.Collect$$$$00000000  mc_w.l(entry.o)
    0x08000130   0x00000004   Code   RO         3859    .ARM.Collect$$$$00000001  mc_w.l(entry2.o)
    0x08000134   0x00000004   Code   RO         3862    .ARM.Collect$$$$00000004  mc_w.l(entry5.o)
    0x08000138   0x00000000   Code   RO         3864    .ARM.Collect$$$$00000008  mc_w.l(entry7b.o)
    0x08000138   0x00000000   Code   RO         3866    .ARM.Collect$$$$0000000A  mc_w.l(entry8b.o)
    0x08000138   0x00000008   Code   RO         3867    .ARM.Collect$$$$0000000B  mc_w.l(entry9a.o)
    0x08000140   0x00000000   Code   RO         3869    .ARM.Collect$$$$0000000D  mc_w.l(entry10a.o)
    0x08000140   0x00000000   Code   RO         3871    .ARM.Collect$$$$0000000F  mc_w.l(entry11a.o)
    0x08000140   0x00000004   Code   RO         3860    .ARM.Collect$$$$00002712  mc_w.l(entry2.o)
    0x08000144   0x00000024   Code   RO          394    .text               startup_stm32f10x_hd.o
    0x08000168   0x00000024   Code   RO         3576    .text               mc_w.l(memcpya.o)
    0x0800018c   0x00000024   Code   RO         3578    .text               mc_w.l(memseta.o)
    0x080001b0   0x00000024   Code   RO         3580    .text               mc_w.l(strstr.o)
    0x080001d4   0x00000018   Code   RO         3582    .text               mc_w.l(strncpy.o)
    0x080001ec   0x00000014   Code   RO         3584    .text               mc_w.l(strchr.o)
    0x08000200   0x0000000e   Code   RO         3586    .text               mc_w.l(strlen.o)
    0x0800020e   0x00000012   Code   RO         3590    .text               mc_w.l(strcpy.o)
    0x08000220   0x0000001e   Code   RO         3592    .text               mc_w.l(strncmp.o)
    0x0800023e   0x00000020   Code   RO         3594    .text               mc_w.l(strrchr.o)
    0x0800025e   0x00000062   Code   RO         3876    .text               mc_w.l(uldiv.o)
    0x080002c0   0x00000024   Code   RO         3889    .text               mc_w.l(init.o)
    0x080002e4   0x0000001e   Code   RO         3891    .text               mc_w.l(llshl.o)
    0x08000302   0x00000020   Code   RO         3893    .text               mc_w.l(llushr.o)
    0x08000322   0x0000005e   Code   RO         3907    .text               mc_w.l(__dclz77c.o)
    0x08000380   0x00000004   Code   RO          141    i.BusFault_Handler  stm32f10x_it.o
    0x08000384   0x00000002   Code   RO          142    i.DebugMon_Handler  stm32f10x_it.o
    0x08000386   0x00000018   Code   RO          143    i.EXTI1_IRQHandler  stm32f10x_it.o
    0x0800039e   0x00000002   PAD
    0x080003a0   0x0000000c   Code   RO         1076    i.EXTI_ClearITPendingBit  stm32f10x_exti.o
    0x080003ac   0x00000028   Code   RO         1080    i.EXTI_GetITStatus  stm32f10x_exti.o
    0x080003d4   0x00000094   Code   RO         1081    i.EXTI_Init         stm32f10x_exti.o
    0x08000468   0x00000094   Code   RO            2    i.GPIO_Configuration  main.o
    0x080004fc   0x00000040   Code   RO          817    i.GPIO_EXTILineConfig  stm32f10x_gpio.o
    0x0800053c   0x00000116   Code   RO          820    i.GPIO_Init         stm32f10x_gpio.o
    0x08000652   0x00000004   Code   RO          828    i.GPIO_SetBits      stm32f10x_gpio.o
    0x08000656   0x00000004   Code   RO          144    i.HardFault_Handler  stm32f10x_it.o
    0x0800065a   0x00000004   Code   RO          145    i.MemManage_Handler  stm32f10x_it.o
    0x0800065e   0x00000002   Code   RO          146    i.NMI_Handler       stm32f10x_it.o
    0x08000660   0x00000046   Code   RO            3    i.NVIC_Configuration  main.o
    0x080006a6   0x00000002   PAD
    0x080006a8   0x00000070   Code   RO          398    i.NVIC_Init         misc.o
    0x08000718   0x00000014   Code   RO          399    i.NVIC_PriorityGroupConfig  misc.o
    0x0800072c   0x00000094   Code   RO         1289    i.PacketReceive     ethernetif.o
    0x080007c0   0x00000002   Code   RO          147    i.PendSV_Handler    stm32f10x_it.o
    0x080007c2   0x00000002   PAD
    0x080007c4   0x00000020   Code   RO          438    i.RCC_APB2PeriphClockCmd  stm32f10x_rcc.o
    0x080007e4   0x00000010   Code   RO            4    i.RCC_Configuration  main.o
    0x080007f4   0x000000d4   Code   RO          446    i.RCC_GetClocksFreq  stm32f10x_rcc.o
    0x080008c8   0x0000009c   Code   RO         1268    i.SPI1_Init         spi.o
    0x08000964   0x00000038   Code   RO         1269    i.SPI1_ReadWrite    spi.o
    0x0800099c   0x00000018   Code   RO          933    i.SPI_Cmd           stm32f10x_spi.o
    0x080009b4   0x00000012   Code   RO          941    i.SPI_I2S_GetFlagStatus  stm32f10x_spi.o
    0x080009c6   0x00000006   Code   RO          944    i.SPI_I2S_ReceiveData  stm32f10x_spi.o
    0x080009cc   0x00000004   Code   RO          945    i.SPI_I2S_SendData  stm32f10x_spi.o
    0x080009d0   0x0000003c   Code   RO          946    i.SPI_Init          stm32f10x_spi.o
    0x08000a0c   0x00000002   Code   RO          148    i.SVC_Handler       stm32f10x_it.o
    0x08000a0e   0x00000008   Code   RO         1139    i.SetSysClock       system_stm32f10x.o
    0x08000a16   0x00000002   PAD
    0x08000a18   0x000000e0   Code   RO         1140    i.SetSysClockTo72   system_stm32f10x.o
    0x08000af8   0x00000020   Code   RO          149    i.SysTick_Handler   stm32f10x_it.o
    0x08000b18   0x00000060   Code   RO         1142    i.SystemInit        system_stm32f10x.o
    0x08000b78   0x00000018   Code   RO          638    i.USART_Cmd         stm32f10x_usart.o
    0x08000b90   0x0000001a   Code   RO          641    i.USART_GetFlagStatus  stm32f10x_usart.o
    0x08000baa   0x00000002   PAD
    0x08000bac   0x000000d8   Code   RO          645    i.USART_Init        stm32f10x_usart.o
    0x08000c84   0x00000008   Code   RO          655    i.USART_SendData    stm32f10x_usart.o
    0x08000c8c   0x00000004   Code   RO          150    i.UsageFault_Handler  stm32f10x_it.o
    0x08000c90   0x00000078   Code   RO            5    i.Usart1_Init       main.o
    0x08000d08   0x00000020   Code   RO         3805    i.__0printf$8       mc_w.l(printf8.o)
    0x08000d28   0x00000028   Code   RO         3806    i.__0snprintf$8     mc_w.l(printf8.o)
    0x08000d50   0x0000000e   Code   RO         3901    i.__scatterload_copy  mc_w.l(handlers.o)
    0x08000d5e   0x00000002   Code   RO         3902    i.__scatterload_null  mc_w.l(handlers.o)
    0x08000d60   0x0000000e   Code   RO         3903    i.__scatterload_zeroinit  mc_w.l(handlers.o)
    0x08000d6e   0x00000002   PAD
    0x08000d70   0x00000410   Code   RO         3812    i._printf_core      mc_w.l(printf8.o)
    0x08001180   0x00000024   Code   RO         3813    i._printf_post_padding  mc_w.l(printf8.o)
    0x080011a4   0x0000002e   Code   RO         3814    i._printf_pre_padding  mc_w.l(printf8.o)
    0x080011d2   0x00000016   Code   RO         3815    i._snputc           mc_w.l(printf8.o)
    0x080011e8   0x00000066   Code   RO         2776    i.buf_bufto         psock.o
    0x0800124e   0x00000006   Code   RO         2777    i.buf_setup         psock.o
    0x08001254   0x00000046   Code   RO         2878    i.chksum            uip.o
    0x0800129a   0x00000002   PAD
    0x0800129c   0x0000000c   Code   RO         3185    i.clock_time        clock-arch.o
    0x080012a8   0x0000005c   Code   RO         2778    i.data_acked        psock.o
    0x08001304   0x00000218   Code   RO         1173    i.enc28j60Init      enc28j60.o
    0x0800151c   0x000000c0   Code   RO         1174    i.enc28j60PacketReceive  enc28j60.o
    0x080015dc   0x0000007c   Code   RO         1175    i.enc28j60PacketSend  enc28j60.o
    0x08001658   0x00000032   Code   RO         1176    i.enc28j60PhyWrite  enc28j60.o
    0x0800168a   0x00000014   Code   RO         1177    i.enc28j60Read      enc28j60.o
    0x0800169e   0x00000002   PAD
    0x080016a0   0x00000038   Code   RO         1178    i.enc28j60ReadBuffer  enc28j60.o
    0x080016d8   0x00000044   Code   RO         1179    i.enc28j60ReadOp    enc28j60.o
    0x0800171c   0x00000034   Code   RO         1180    i.enc28j60SetBank   enc28j60.o
    0x08001750   0x00000018   Code   RO         1181    i.enc28j60Write     enc28j60.o
    0x08001768   0x00000030   Code   RO         1182    i.enc28j60WriteBuffer  enc28j60.o
    0x08001798   0x00000038   Code   RO         1183    i.enc28j60WriteOp   enc28j60.o
    0x080017d0   0x00000010   Code   RO         1184    i.enc28j60clkout    enc28j60.o
    0x080017e0   0x00000058   Code   RO         1292    i.ethernetif_input  ethernetif.o
    0x08001838   0x00000048   Code   RO         3460    i.file_stats        httpd-cgi.o
    0x08001880   0x00000024   Code   RO          311    i.fputc             usart_printf.o
    0x080018a4   0x0000002c   Code   RO         3461    i.generate_file_stats  httpd-cgi.o
    0x080018d0   0x00000034   Code   RO         3462    i.generate_net_stats  httpd-cgi.o
    0x08001904   0x00000048   Code   RO         3375    i.generate_part_of_file  httpd.o
    0x0800194c   0x000000b4   Code   RO         3463    i.generate_tcp_stats  httpd-cgi.o
    0x08001a00   0x0000001a   Code   RO         3376    i.get_temperature   httpd.o
    0x08001a1a   0x00000016   Code   RO         3377    i.get_time          httpd.o
    0x08001a30   0x0000001a   Code   RO         3378    i.handle_connection  httpd.o
    0x08001a4a   0x00000002   PAD
    0x08001a4c   0x00000278   Code   RO         3379    i.handle_input      httpd.o
    0x08001cc4   0x0000010c   Code   RO         3380    i.handle_output     httpd.o
    0x08001dd0   0x00000178   Code   RO         3381    i.handle_script     httpd.o
    0x08001f48   0x0000000c   Code   RO         2879    i.htons             uip.o
    0x08001f54   0x000000a4   Code   RO         3382    i.httpd_appcall     httpd.o
    0x08001ff8   0x0000003c   Code   RO         3464    i.httpd_cgi         httpd-cgi.o
    0x08002034   0x00000034   Code   RO         3511    i.httpd_fs_count    httpd-fs.o
    0x08002068   0x0000004c   Code   RO         3513    i.httpd_fs_open     httpd-fs.o
    0x080020b4   0x00000030   Code   RO         3514    i.httpd_fs_strcmp   httpd-fs.o
    0x080020e4   0x0000000c   Code   RO         1294    i.low_level_input   ethernetif.o
    0x080020f0   0x0000000c   Code   RO         1472    i.lwip_htons        def.o
    0x080020fc   0x00000318   Code   RO            6    i.main              main.o
    0x08002414   0x00000110   Code   RO         1557    i.mem_free          mem.o
    0x08002524   0x00000274   Code   RO         1559    i.mem_malloc        mem.o
    0x08002798   0x00000070   Code   RO         1601    i.memp_free         memp.o
    0x08002808   0x000000e4   Code   RO         1603    i.memp_malloc       memp.o
    0x080028ec   0x0000001c   Code   RO         1186    i.mymacinit         enc28j60.o
    0x08002908   0x00000058   Code   RO         3465    i.net_stats         httpd-cgi.o
    0x08002960   0x00000022   Code   RO         3384    i.next_scriptstate  httpd.o
    0x08002982   0x00000012   Code   RO         3466    i.nullfunction      httpd-cgi.o
    0x08002994   0x00000388   Code   RO         1760    i.pbuf_alloc        pbuf.o
    0x08002d1c   0x00000144   Code   RO         1769    i.pbuf_free         pbuf.o
    0x08002e60   0x0000000c   Code   RO         1775    i.pbuf_pool_is_empty  pbuf.o
    0x08002e6c   0x0000014c   Code   RO         1561    i.plug_holes        mem.o
    0x08002fb8   0x00000018   Code   RO         1296    i.process_mac       ethernetif.o
    0x08002fd0   0x0000000c   Code   RO         2779    i.psock_datalen     psock.o
    0x08002fdc   0x00000084   Code   RO         2780    i.psock_generator_send  psock.o
    0x08003060   0x00000028   Code   RO         2781    i.psock_init        psock.o
    0x08003088   0x00000034   Code   RO         2782    i.psock_newdata     psock.o
    0x080030bc   0x00000094   Code   RO         2784    i.psock_readto      psock.o
    0x08003150   0x00000066   Code   RO         2785    i.psock_send        psock.o
    0x080031b6   0x00000002   PAD
    0x080031b8   0x00000050   Code   RO         2786    i.send_data         psock.o
    0x08003208   0x00000060   Code   RO         3385    i.send_file         httpd.o
    0x08003268   0x000001f4   Code   RO         3386    i.send_headers      httpd.o
    0x0800345c   0x0000003a   Code   RO         3387    i.send_part_of_file  httpd.o
    0x08003496   0x00000002   PAD
    0x08003498   0x00000010   Code   RO         3198    i.tapdev_init       tapdev.o
    0x080034a8   0x00000014   Code   RO         3199    i.tapdev_read       tapdev.o
    0x080034bc   0x00000018   Code   RO         3200    i.tapdev_send       tapdev.o
    0x080034d4   0x00000038   Code   RO         3225    i.tcp_client_aborted  tcp_client_demo.o
    0x0800350c   0x00000030   Code   RO         3226    i.tcp_client_acked  tcp_client_demo.o
    0x0800353c   0x00000038   Code   RO         3227    i.tcp_client_closed  tcp_client_demo.o
    0x08003574   0x00000080   Code   RO         3228    i.tcp_client_connected  tcp_client_demo.o
    0x080035f4   0x00000100   Code   RO         3229    i.tcp_client_demo_appcall  tcp_client_demo.o
    0x080036f4   0x0000002a   Code   RO         3230    i.tcp_client_reconnect  tcp_client_demo.o
    0x0800371e   0x00000002   PAD
    0x08003720   0x00000020   Code   RO         3231    i.tcp_client_senddata  tcp_client_demo.o
    0x08003740   0x00000034   Code   RO         3232    i.tcp_client_timedout  tcp_client_demo.o
    0x08003774   0x00000048   Code   RO         3291    i.tcp_demo_appcall  tcp_demo.o
    0x080037bc   0x00000034   Code   RO         3315    i.tcp_server_aborted  tcp_server_demo.o
    0x080037f0   0x00000030   Code   RO         3316    i.tcp_server_acked  tcp_server_demo.o
    0x08003820   0x00000034   Code   RO         3317    i.tcp_server_closed  tcp_server_demo.o
    0x08003854   0x00000080   Code   RO         3318    i.tcp_server_connected  tcp_server_demo.o
    0x080038d4   0x00000100   Code   RO         3319    i.tcp_server_demo_appcall  tcp_server_demo.o
    0x080039d4   0x00000020   Code   RO         3320    i.tcp_server_senddata  tcp_server_demo.o
    0x080039f4   0x00000034   Code   RO         3321    i.tcp_server_timedout  tcp_server_demo.o
    0x08003a28   0x00000070   Code   RO         3467    i.tcp_stats         httpd-cgi.o
    0x08003a98   0x0000001a   Code   RO         2848    i.timer_expired     timer.o
    0x08003ab2   0x0000000a   Code   RO         2849    i.timer_reset       timer.o
    0x08003abc   0x00000010   Code   RO         2851    i.timer_set         timer.o
    0x08003acc   0x00000030   Code   RO         3558    i.udp_demo_appcall  udp_demo.o
    0x08003afc   0x00000070   Code   RO         2880    i.uip_add32         uip.o
    0x08003b6c   0x00000044   Code   RO         2881    i.uip_add_rcv_nxt   uip.o
    0x08003bb0   0x00000124   Code   RO         3001    i.uip_arp_arpin     uip_arp.o
    0x08003cd4   0x000001cc   Code   RO         3003    i.uip_arp_out       uip_arp.o
    0x08003ea0   0x00000058   Code   RO         3004    i.uip_arp_timer     uip_arp.o
    0x08003ef8   0x00000124   Code   RO         3005    i.uip_arp_update    uip_arp.o
    0x0800401c   0x00000110   Code   RO         2883    i.uip_connect       uip.o
    0x0800412c   0x0000009c   Code   RO         2884    i.uip_init          uip.o
    0x080041c8   0x00000024   Code   RO         2885    i.uip_ipchksum      uip.o
    0x080041ec   0x00000020   Code   RO         3292    i.uip_log           tcp_demo.o
    0x0800420c   0x0000012c   Code   RO            8    i.uip_polling       main.o
    0x08004338   0x00001214   Code   RO         2887    i.uip_process       uip.o
    0x0800554c   0x00000030   Code   RO         2888    i.uip_send          uip.o
    0x0800557c   0x0000000a   Code   RO         2890    i.uip_tcpchksum     uip.o
    0x08005586   0x00000002   PAD
    0x08005588   0x000000d8   Code   RO         2891    i.uip_udp_new       uip.o
    0x08005660   0x0000000a   Code   RO         2892    i.uip_udpchksum     uip.o
    0x0800566a   0x00000002   PAD
    0x0800566c   0x00000048   Code   RO         2894    i.upper_layer_chksum  uip.o
    0x080056b4   0x00000008   Data   RO         2896    .constdata          uip.o
    0x080056bc   0x0000000a   Data   RO         3007    .constdata          uip_arp.o
    0x080056c6   0x00000002   PAD
    0x080056c8   0x0000006e   Data   RO         3468    .constdata          httpd-cgi.o
    0x08005736   0x00000002   PAD
    0x08005738   0x000012dc   Data   RO         3516    .constdata          httpd-fs.o
    0x08006a14   0x0000024a   Data   RO         3551    .constdata          http-strings.o
    0x08006c5e   0x00000002   PAD
    0x08006c60   0x000000f9   Data   RO         3388    .conststring        httpd.o
    0x08006d59   0x00000003   PAD
    0x08006d5c   0x00000086   Data   RO         3469    .conststring        httpd-cgi.o
    0x08006de2   0x00000002   PAD
    0x08006de4   0x00000020   Data   RO         3899    Region$$Table       anon$$obj.o


    Execution Region RW_IRAM1 (Base: 0x20000000, Size: 0x00007e60, Max: 0x00010000, ABSOLUTE, COMPRESSED[0x000003f4])

    Base Addr    Size         Type   Attr      Idx    E Section Name        Object

    0x20000000   0x00000021   Data   RW            9    .data               main.o
    0x20000021   0x00000003   PAD
    0x20000024   0x00000004   Data   RW          151    .data               stm32f10x_it.o
    0x20000028   0x00000014   Data   RW          466    .data               stm32f10x_rcc.o
    0x2000003c   0x00000008   Data   RW         1187    .data               enc28j60.o
    0x20000044   0x0000000c   Data   RW         1563    .data               mem.o
    0x20000050   0x00000001   Data   RW         1780    .data               pbuf.o
    0x20000051   0x00000003   PAD
    0x20000054   0x0000003c   Data   RW         2897    .data               uip.o
    0x20000090   0x00000010   Data   RW         3008    .data               uip_arp.o
    0x200000a0   0x00000006   Data   RW         3201    .data               tapdev.o
    0x200000a6   0x00000001   Data   RW         3234    .data               tcp_client_demo.o
    0x200000a7   0x00000001   Data   RW         3323    .data               tcp_server_demo.o
    0x200000a8   0x0000000c   Data   RW         3389    .data               httpd.o
    0x200000b4   0x00000034   Data   RW         3470    .data               httpd-cgi.o
    0x200000e8   0x00000689   Data   RW         3517    .data               httpd-fs.o
    0x20000771   0x00000003   PAD
    0x20000774   0x00000004   Data   RW         3873    .data               mc_w.l(stdout.o)
    0x20000778   0x00000038   Zero   RW          223    .bss                lwipdemo.o
    0x200007b0   0x00000bb8   Zero   RW         1297    .bss                ethernetif.o
    0x20001368   0x00004c6b   Zero   RW         1604    .bss                memp.o
    0x20005fd3   0x00000001   PAD
    0x20005fd4   0x00000158   Zero   RW         1966    .bss                stats.o
    0x2000612c   0x0000172c   Zero   RW         2895    .bss                uip.o
    0x20007858   0x00000060   Zero   RW         3006    .bss                uip_arp.o
    0x200078b8   0x000000c8   Zero   RW         3233    .bss                tcp_client_demo.o
    0x20007980   0x000000c8   Zero   RW         3322    .bss                tcp_server_demo.o
    0x20007a48   0x00000014   Zero   RW         3515    .bss                httpd-fs.o
    0x20007a5c   0x00000004   PAD
    0x20007a60   0x00000400   Zero   RW          391    STACK               startup_stm32f10x_hd.o


==============================================================================

Image component sizes


      Code (inc. data)   RO Data    RW Data    ZI Data      Debug   Object Name

        12          6          0          0          0        429   clock-arch.o
        12          0          0          0          0        461   def.o
      1270        132          0          8          0       7895   enc28j60.o
       272         54          0          0       3000       3855   ethernetif.o
         0          0        586          0          0       2185   http-strings.o
       626         74        244         52          0       5784   httpd-cgi.o
       176         20       4828       1673         20       4570   httpd-fs.o
      2274        216        249         12          0       8996   httpd.o
         0          0          0          0          0       1623   loopback.o
         0          0          0          0         56      11509   lwipdemo.o
      1446        494          0         33          0     266601   main.o
      1232        414          0         12          0       3347   mem.o
       340        120          0          0      19563       2610   memp.o
       132         22          0          0          0       1575   misc.o
      1240        424          0          1          0       4587   pbuf.o
       766         42          0          0          0       6700   psock.o
       212         16          0          0          0       8041   spi.o
        36          8        304          0       1024        788   startup_stm32f10x_hd.o
         0          0          0          0        344       3169   stats.o
       200         18          0          0          0       2160   stm32f10x_exti.o
       346          4          0          0          0       3169   stm32f10x_gpio.o
        80         10          0          4          0       4353   stm32f10x_it.o
       244         26          0         20          0       3893   stm32f10x_rcc.o
       112          0          0          0          0      10842   stm32f10x_spi.o
       274          6          0          0          0       4076   stm32f10x_usart.o
       328         28          0          0          0       1837   system_stm32f10x.o
        60         18          0          6          0       1938   tapdev.o
       670        228          0          1        200      12217   tcp_client_demo.o
       104         24          0          0          0       1933   tcp_demo.o
       620        228          0          1        200       4785   tcp_server_demo.o
        52          0          0          0          0       1798   timer.o
        48         16          0          0          0        439   udp_demo.o
      5710        666          8         60       5932      18578   uip.o
      1132        102         10         16         96       3769   uip_arp.o
        36          4          0          0          0        536   usart_printf.o

    ----------------------------------------------------------------------
     20088       3420       6272       1908      30440     421048   Object Totals
         0          0         32          0          0          0   (incl. Generated)
        26          0         11          9          5          0   (incl. Padding)

    ----------------------------------------------------------------------

      Code (inc. data)   RO Data    RW Data    ZI Data      Debug   Library Member Name

        94          0          0          0          0          0   __dclz77c.o
         0          0          0          0          0          0   entry.o
         0          0          0          0          0          0   entry10a.o
         0          0          0          0          0          0   entry11a.o
         8          4          0          0          0          0   entry2.o
         4          0          0          0          0          0   entry5.o
         0          0          0          0          0          0   entry7b.o
         0          0          0          0          0          0   entry8b.o
         8          4          0          0          0          0   entry9a.o
        30          0          0          0          0          0   handlers.o
        36          8          0          0          0         68   init.o
        30          0          0          0          0         68   llshl.o
        32          0          0          0          0         68   llushr.o
        36          0          0          0          0         68   memcpya.o
        36          0          0          0          0        108   memseta.o
      1216         58          0          0          0        504   printf8.o
         0          0          0          4          0          0   stdout.o
        20          0          0          0          0         68   strchr.o
        18          0          0          0          0         68   strcpy.o
        14          0          0          0          0         68   strlen.o
        30          0          0          0          0         80   strncmp.o
        24          0          0          0          0         76   strncpy.o
        32          0          0          0          0         68   strrchr.o
        36          0          0          0          0         80   strstr.o
        98          0          0          0          0         92   uldiv.o

    ----------------------------------------------------------------------
      1804         74          0          4          0       1484   Library Totals
         2          0          0          0          0          0   (incl. Padding)

    ----------------------------------------------------------------------

      Code (inc. data)   RO Data    RW Data    ZI Data      Debug   Library Name

      1802         74          0          4          0       1484   mc_w.l

    ----------------------------------------------------------------------
      1804         74          0          4          0       1484   Library Totals

    ----------------------------------------------------------------------

==============================================================================


      Code (inc. data)   RO Data    RW Data    ZI Data      Debug   

     21892       3494       6272       1912      30440     414808   Grand Totals
     21892       3494       6272       1012      30440     414808   ELF Image Totals (compressed)
     21892       3494       6272       1012          0          0   ROM Totals

==============================================================================

    Total RO  Size (Code + RO Data)                28164 (  27.50kB)
    Total RW  Size (RW Data + ZI Data)             32352 (  31.59kB)
    Total ROM Size (Code + RO Data + RW Data)      29176 (  28.49kB)

==============================================================================

