Component: ARM Compiler 5.06 update 1 (build 61) Tool: armlink [4d35a8]

==============================================================================

Section Cross References

    main.o(.text) refers to _printf_percent.o(.ARM.Collect$$_printf_percent$$00000000) for _printf_percent
    main.o(.text) refers to _printf_s.o(.ARM.Collect$$_printf_percent$$00000014) for _printf_s
    main.o(.text) refers to _printf_str.o(.text) for _printf_str
    main.o(.text) refers to _printf_d.o(.ARM.Collect$$_printf_percent$$00000009) for _printf_d
    main.o(.text) refers to _printf_dec.o(.text) for _printf_int_dec
    main.o(.text) refers to lcd.o(.text) for LCD_Pow
    main.o(.text) refers to adc.o(.text) for Get_Adc_Average
    main.o(.text) refers to fflt_clz.o(x$fpl$ffltu) for __aeabi_ui2f
    main.o(.text) refers to f2d.o(x$fpl$f2d) for __aeabi_f2d
    main.o(.text) refers to dmul.o(x$fpl$dmul) for __aeabi_dmul
    main.o(.text) refers to d2f.o(x$fpl$d2f) for __aeabi_d2f
    main.o(.text) refers to daddsub_clz.o(x$fpl$drsb) for __aeabi_drsub
    main.o(.text) refers to ddiv.o(x$fpl$ddiv) for __aeabi_ddiv
    main.o(.text) refers to daddsub_clz.o(x$fpl$dadd) for __aeabi_dadd
    main.o(.text) refers to fmul.o(x$fpl$fmul) for __aeabi_fmul
    main.o(.text) refers to ffixu.o(x$fpl$ffixu) for __aeabi_f2uiz
    main.o(.text) refers to rtc.o(.text) for RTC_Get
    main.o(.text) refers to timer.o(.text) for timer_set
    main.o(.text) refers to tapdev.o(.text) for tapdev_read
    main.o(.text) refers to uip.o(.text) for htons
    main.o(.text) refers to uip_arp.o(.text) for uip_arp_out
    main.o(.text) refers to delay.o(.text) for delay_init
    main.o(.text) refers to sys.o(.text) for NVIC_Configuration
    main.o(.text) refers to usart.o(.text) for uart_init
    main.o(.text) refers to led.o(.text) for LED_Init
    main.o(.text) refers to key.o(.text) for KEY_Init
    main.o(.text) refers to tcp_client_demo.o(.text) for tcp_client_reconnect
    main.o(.text) refers to rtc.o(.bss) for calendar
    main.o(.text) refers to main.o(.data) for timer_ok
    main.o(.text) refers to uip.o(.data) for uip_len
    main.o(.text) refers to uip.o(.bss) for uip_buf
    main.o(.text) refers to lcd.o(.data) for POINT_COLOR
    main.o(.text) refers to tcp_server_demo.o(.data) for tcp_server_sta
    main.o(.text) refers to __2printf.o(.text) for __2printf
    main.o(.text) refers to __2sprintf.o(.text) for __2sprintf
    main.o(.text) refers to tcp_server_demo.o(.bss) for tcp_server_databuf
    main.o(.text) refers to tcp_client_demo.o(.data) for tcp_client_sta
    main.o(.text) refers to tcp_client_demo.o(.bss) for tcp_client_databuf
    system_stm32f10x.o(.text) refers to system_stm32f10x.o(.data) for SystemCoreClock
    led.o(.text) refers to stm32f10x_rcc.o(.text) for RCC_APB2PeriphClockCmd
    led.o(.text) refers to stm32f10x_gpio.o(.text) for GPIO_Init
    key.o(.text) refers to stm32f10x_rcc.o(.text) for RCC_APB2PeriphClockCmd
    key.o(.text) refers to stm32f10x_gpio.o(.text) for GPIO_Init
    key.o(.text) refers to delay.o(.text) for delay_ms
    key.o(.text) refers to key.o(.data) for key_up
    lcd.o(.text) refers to _printf_percent.o(.ARM.Collect$$_printf_percent$$00000000) for _printf_percent
    lcd.o(.text) refers to _printf_x.o(.ARM.Collect$$_printf_percent$$0000000C) for _printf_x
    lcd.o(.text) refers to _printf_hex_int.o(.text) for _printf_longlong_hex
    lcd.o(.text) refers to delay.o(.text) for delay_us
    lcd.o(.text) refers to lcd.o(.bss) for lcddev
    lcd.o(.text) refers to stm32f10x_rcc.o(.text) for RCC_AHBPeriphClockCmd
    lcd.o(.text) refers to stm32f10x_gpio.o(.text) for GPIO_Init
    lcd.o(.text) refers to stm32f10x_fsmc.o(.text) for FSMC_NORSRAMInit
    lcd.o(.text) refers to __2printf.o(.text) for __2printf
    lcd.o(.text) refers to lcd.o(.data) for POINT_COLOR
    lcd.o(.text) refers to lcd.o(.constdata) for asc2_1206
    rtc.o(.text) refers to misc.o(.text) for NVIC_Init
    rtc.o(.text) refers to stm32f10x_rcc.o(.text) for RCC_APB1PeriphClockCmd
    rtc.o(.text) refers to stm32f10x_pwr.o(.text) for PWR_BackupAccessCmd
    rtc.o(.text) refers to stm32f10x_rtc.o(.text) for RTC_SetCounter
    rtc.o(.text) refers to stm32f10x_bkp.o(.text) for BKP_ReadBackupRegister
    rtc.o(.text) refers to delay.o(.text) for delay_ms
    rtc.o(.text) refers to rtc.o(.constdata) for table_week
    rtc.o(.text) refers to rtc.o(.data) for daycnt
    rtc.o(.text) refers to rtc.o(.bss) for calendar
    tsensor.o(.text) refers to stm32f10x_rcc.o(.text) for RCC_APB2PeriphClockCmd
    tsensor.o(.text) refers to stm32f10x_adc.o(.text) for ADC_DeInit
    tsensor.o(.text) refers to delay.o(.text) for delay_ms
    adc.o(.text) refers to stm32f10x_rcc.o(.text) for RCC_APB2PeriphClockCmd
    adc.o(.text) refers to stm32f10x_gpio.o(.text) for GPIO_Init
    adc.o(.text) refers to stm32f10x_adc.o(.text) for ADC_DeInit
[...]
    KEY_Init                                 0x08000c09   Thumb Code    52  key.o(.text)
    KEY_Scan                                 0x08000c3d   Thumb Code   188  key.o(.text)
    LCD_WR_REG                               0x08000d05   Thumb Code     6  lcd.o(.text)
    LCD_WR_DATA                              0x08000d0b   Thumb Code     8  lcd.o(.text)
    LCD_RD_DATA                              0x08000d13   Thumb Code     8  lcd.o(.text)
    LCD_WriteReg                             0x08000d1b   Thumb Code    10  lcd.o(.text)
    LCD_ReadReg                              0x08000d25   Thumb Code    22  lcd.o(.text)
    LCD_WriteRAM_Prepare                     0x08000d3b   Thumb Code    10  lcd.o(.text)
    LCD_WriteRAM                             0x08000d45   Thumb Code     8  lcd.o(.text)
    LCD_BGR2RGB                              0x08000d4d   Thumb Code    26  lcd.o(.text)
    opt_delay                                0x08000d67   Thumb Code    14  lcd.o(.text)
    LCD_SetCursor                            0x08000d75   Thumb Code   112  lcd.o(.text)
    LCD_ReadPoint                            0x08000de5   Thumb Code   276  lcd.o(.text)
    LCD_DisplayOn                            0x08000ef9   Thumb Code    46  lcd.o(.text)
    LCD_DisplayOff                           0x08000f27   Thumb Code    44  lcd.o(.text)
    LCD_Scan_Dir                             0x08000f53   Thumb Code   462  lcd.o(.text)
    LCD_DrawPoint                            0x08001121   Thumb Code    28  lcd.o(.text)
    LCD_Fast_DrawPoint                       0x0800113d   Thumb Code   128  lcd.o(.text)
    LCD_Display_Dir                          0x080011bd   Thumb Code   238  lcd.o(.text)
    LCD_Clear                                0x080012ab   Thumb Code    42  lcd.o(.text)
    LCD_Init                                 0x080012d5   Thumb Code  6268  lcd.o(.text)
    LCD_Fill                                 0x08002b51   Thumb Code    80  lcd.o(.text)
    LCD_Color_Fill                           0x08002ba1   Thumb Code    92  lcd.o(.text)
    LCD_DrawLine                             0x08002bfd   Thumb Code   176  lcd.o(.text)
    LCD_DrawRectangle                        0x08002cad   Thumb Code    60  lcd.o(.text)
    Draw_Circle                              0x08002ce9   Thumb Code   152  lcd.o(.text)
    LCD_ShowChar                             0x08002d81   Thumb Code   362  lcd.o(.text)
    LCD_Pow                                  0x08002eeb   Thumb Code    22  lcd.o(.text)
    LCD_ShowNum                              0x08002f01   Thumb Code   148  lcd.o(.text)
    LCD_ShowxNum                             0x08002f95   Thumb Code   190  lcd.o(.text)
    LCD_ShowString                           0x08003053   Thumb Code   102  lcd.o(.text)
    RTC_Get_Week                             0x080030ed   Thumb Code   116  rtc.o(.text)
    Is_Leap_Year                             0x08003161   Thumb Code    58  rtc.o(.text)
    RTC_Get                                  0x0800319b   Thumb Code   246  rtc.o(.text)
    RTC_Set                                  0x08003291   Thumb Code   184  rtc.o(.text)
    RTC_Init                                 0x08003349   Thumb Code   190  rtc.o(.text)
    RTC_IRQHandler                           0x08003407   Thumb Code    40  rtc.o(.text)
    Adc_Init                                 0x08003451   Thumb Code   158  adc.o(.text)
    Get_Adc                                  0x080034ef   Thumb Code    46  adc.o(.text)
    Get_Adc_Average                          0x0800351d   Thumb Code    46  adc.o(.text)
    TIM6_IRQHandler                          0x08003555   Thumb Code    32  timerx.o(.text)
    TIM6_Int_Init                            0x08003575   Thumb Code    90  timerx.o(.text)
    SPI2_ReadWriteByte                       0x080035d9   Thumb Code    78  spi.o(.text)
    SPI2_Init                                0x08003627   Thumb Code   140  spi.o(.text)
    SPI2_SetSpeed                            0x080036b3   Thumb Code    36  spi.o(.text)
    ENC28J60_Reset                           0x080037c3   Thumb Code    52  enc28j60.o(.text)
    ENC28J60_Read_Op                         0x080037f7   Thumb Code    64  enc28j60.o(.text)
    ENC28J60_Write_Op                        0x08003837   Thumb Code    52  enc28j60.o(.text)
    ENC28J60_Read_Buf                        0x0800386b   Thumb Code    52  enc28j60.o(.text)
    ENC28J60_Write_Buf                       0x0800389f   Thumb Code    46  enc28j60.o(.text)
    ENC28J60_Set_Bank                        0x080038cd   Thumb Code    48  enc28j60.o(.text)
    ENC28J60_Read                            0x080038fd   Thumb Code    20  enc28j60.o(.text)
    ENC28J60_Write                           0x08003911   Thumb Code    24  enc28j60.o(.text)
    ENC28J60_PHY_Write                       0x08003929   Thumb Code    62  enc28j60.o(.text)
    ENC28J60_Init                            0x08003967   Thumb Code   366  enc28j60.o(.text)
    ENC28J60_Get_EREVID                      0x08003ad5   Thumb Code    10  enc28j60.o(.text)
    ENC28J60_Packet_Send                     0x08003adf   Thumb Code   138  enc28j60.o(.text)
    ENC28J60_Packet_Receive                  0x08003b69   Thumb Code   188  enc28j60.o(.text)
    delay_init                               0x08003c29   Thumb Code    50  delay.o(.text)
    delay_us                                 0x08003c5b   Thumb Code    72  delay.o(.text)
    delay_ms                                 0x08003ca3   Thumb Code    72  delay.o(.text)
    NVIC_Configuration                       0x08003cfd   Thumb Code    12  sys.o(.text)
    _sys_exit                                0x08003d09   Thumb Code     6  usart.o(.text)
    fputc                                    0x08003d0f   Thumb Code    24  usart.o(.text)
    uart_init                                0x08003d27   Thumb Code   152  usart.o(.text)
    USART1_IRQHandler                        0x08003dbf   Thumb Code   122  usart.o(.text)
    Reset_Handler                            0x08003e49   Thumb Code     8  startup_stm32f10x_hd.o(.text)
    ADC1_2_IRQHandler                        0x08003e63   Thumb Code     0  startup_stm32f10x_hd.o(.text)
    ADC3_IRQHandler                          0x08003e63   Thumb Code     0  startup_stm32f10x_hd.o(.text)
    CAN1_RX1_IRQHandler                      0x08003e63   Thumb Code     0  startup_stm32f10x_hd.o(.text)
    CAN1_SCE_IRQHandler                      0x08003e63   Thumb Code     0  startup_stm32f10x_hd.o(.text)
    DMA1_Channel1_IRQHandler                 0x08003e63   Thumb Code     0  startup_stm32f10x_hd.o(.text)
    DMA1_Channel2_IRQHandler                 0x08003e63   Thumb Code     0  startup_stm32f10x_hd.o(.text)
    DMA1_Channel3_IRQHandler                 0x08003e63   Thumb Code     0  startup_stm32f10x_hd.o(.text)
    DMA1_Channel4_IRQHandler                 0x08003e63   Thumb Code     0  startup_stm32f10x_hd.o(.text)
    DMA1_Channel5_IRQHandler                 0x08003e63   Thumb Code     0  startup_stm32f10x_hd.o(.text)
    DMA1_Channel6_IRQHandler                 0x08003e63   Thumb Code     0  startup_stm32f10x_hd.o(.text)
    DMA1_Channel7_IRQHandler                 0x08003e63   Thumb Code     0  startup_stm32f10x_hd.o(.text)
    DMA2_Channel1_IRQHandler                 0x08003e63   Thumb Code     0  startup_stm32f10x_hd.o(.text)
    DMA2_Channel2_IRQHandler                 0x08003e63   Thumb Code     0  startup_stm32f10x_hd.o(.text)
    DMA2_Channel3_IRQHandler                 0x08003e63   Thumb Code     0  startup_stm32f10x_hd.o(.text)
    DMA2_Channel4_5_IRQHandler               0x08003e63   Thumb Code     0  startup_stm32f10x_hd.o(.text)
    EXTI0_IRQHandler                         0x08003e63   Thumb Code     0  startup_stm32f10x_hd.o(.text)
    EXTI15_10_IRQHandler                     0x08003e63   Thumb Code     0  startup_stm32f10x_hd.o(.text)
    EXTI1_IRQHandler                         0x08003e63   Thumb Code     0  startup_stm32f10x_hd.o(.text)
    EXTI2_IRQHandler                         0x08003e63   Thumb Code     0  startup_stm32f10x_hd.o(.text)
    EXTI3_IRQHandler                         0x08003e63   Thumb Code     0  startup_stm32f10x_hd.o(.text)
    EXTI4_IRQHandler                         0x08003e63   Thumb Code     0  startup_stm32f10x_hd.o(.text)
    EXTI9_5_IRQHandler                       0x08003e63   Thumb Code     0  startup_stm32f10x_hd.o(.text)
    FLASH_IRQHandler                         0x08003e63   Thumb Code     0  startup_stm32f10x_hd.o(.text)
    FSMC_IRQHandler                          0x08003e63   Thumb Code     0  startup_stm32f10x_hd.o(.text)
    I2C1_ER_IRQHandler                       0x08003e63   Thumb Code     0  startup_stm32f10x_hd.o(.text)
    I2C1_EV_IRQHandler                       0x08003e63   Thumb Code     0  startup_stm32f10x_hd.o(.text)
    I2C2_ER_IRQHandler                       0x08003e63   Thumb Code     0  startup_stm32f10x_hd.o(.text)
    I2C2_EV_IRQHandler                       0x08003e63   Thumb Code     0  startup_stm32f10x_hd.o(.text)
    PVD_IRQHandler                           0x08003e63   Thumb Code     0  startup_stm32f10x_hd.o(.text)
    RCC_IRQHandler                           0x08003e63   Thumb Code     0  startup_stm32f10x_hd.o(.text)
    RTCAlarm_IRQHandler                      0x08003e63   Thumb Code     0  startup_stm32f10x_hd.o(.text)
    SDIO_IRQHandler                          0x08003e63   Thumb Code     0  startup_stm32f10x_hd.o(.text)
    SPI1_IRQHandler                          0x08003e63   Thumb Code     0  startup_stm32f10x_hd.o(.text)
    SPI2_IRQHandler                          0x08003e63   Thumb Code     0  startup_stm32f10x_hd.o(.text)
    SPI3_IRQHandler                          0x08003e63   Thumb Code     0  startup_stm32f10x_hd.o(.text)
    TAMPER_IRQHandler                        0x08003e63   Thumb Code     0  startup_stm32f10x_hd.o(.text)
    TIM1_BRK_IRQHandler                      0x08003e63   Thumb Code     0  startup_stm32f10x_hd.o(.text)
    TIM1_CC_IRQHandler                       0x08003e63   Thumb Code     0  startup_stm32f10x_hd.o(.text)
    TIM1_TRG_COM_IRQHandler                  0x08003e63   Thumb Code     0  startup_stm32f10x_hd.o(.text)
    TIM1_UP_IRQHandler                       0x08003e63   Thumb Code     0  startup_stm32f10x_hd.o(.text)
    TIM3_IRQHandler                          0x08003e63   Thumb Code     0  startup_stm32f10x_hd.o(.text)
    TIM4_IRQHandler                          0x08003e63   Thumb Code     0  startup_stm32f10x_hd.o(.text)
    TIM5_IRQHandler                          0x08003e63   Thumb Code     0  startup_stm32f10x_hd.o(.text)
    TIM7_IRQHandler                          0x08003e63   Thumb Code     0  startup_stm32f10x_hd.o(.text)
    TIM8_BRK_IRQHandler                      0x08003e63   Thumb Code     0  startup_stm32f10x_hd.o(.text)
    TIM8_CC_IRQHandler                       0x08003e63   Thumb Code     0  startup_stm32f10x_hd.o(.text)
    TIM8_TRG_COM_IRQHandler                  0x08003e63   Thumb Code     0  startup_stm32f10x_hd.o(.text)
    TIM8_UP_IRQHandler                       0x08003e63   Thumb Code     0  startup_stm32f10x_hd.o(.text)
    UART4_IRQHandler                         0x08003e63   Thumb Code     0  startup_stm32f10x_hd.o(.text)
    UART5_IRQHandler                         0x08003e63   Thumb Code     0  startup_stm32f10x_hd.o(.text)
    USART2_IRQHandler                        0x08003e63   Thumb Code     0  startup_stm32f10x_hd.o(.text)
    USART3_IRQHandler                        0x08003e63   Thumb Code     0  startup_stm32f10x_hd.o(.text)
    USBWakeUp_IRQHandler                     0x08003e63   Thumb Code     0  startup_stm32f10x_hd.o(.text)
    USB_HP_CAN1_TX_IRQHandler                0x08003e63   Thumb Code     0  startup_stm32f10x_hd.o(.text)
    USB_LP_CAN1_RX0_IRQHandler               0x08003e63   Thumb Code     0  startup_stm32f10x_hd.o(.text)
    WWDG_IRQHandler                          0x08003e63   Thumb Code     0  startup_stm32f10x_hd.o(.text)
    __user_initial_stackheap                 0x08003e65   Thumb Code     0  startup_stm32f10x_hd.o(.text)
    NVIC_PriorityGroupConfig                 0x08003e89   Thumb Code    10  misc.o(.text)
    NVIC_Init                                0x08003e93   Thumb Code   100  misc.o(.text)
    NVIC_SetVectorTable                      0x08003ef7   Thumb Code    14  misc.o(.text)
    NVIC_SystemLPConfig                      0x08003f05   Thumb Code    34  misc.o(.text)
    SysTick_CLKSourceConfig                  0x08003f27   Thumb Code    40  misc.o(.text)
    BKP_DeInit                               0x08003f65   Thumb Code    16  stm32f10x_bkp.o(.text)
    BKP_TamperPinLevelConfig                 0x08003f75   Thumb Code     6  stm32f10x_bkp.o(.text)
    BKP_TamperPinCmd                         0x08003f7b   Thumb Code     8  stm32f10x_bkp.o(.text)
    BKP_ITConfig                             0x08003f83   Thumb Code     8  stm32f10x_bkp.o(.text)
    BKP_RTCOutputConfig                      0x08003f8b   Thumb Code    22  stm32f10x_bkp.o(.text)
    BKP_SetRTCCalibrationValue               0x08003fa1   Thumb Code    22  stm32f10x_bkp.o(.text)
    BKP_WriteBackupRegister                  0x08003fb7   Thumb Code    24  stm32f10x_bkp.o(.text)
    BKP_ReadBackupRegister                   0x08003fcf   Thumb Code    26  stm32f10x_bkp.o(.text)
    BKP_GetFlagStatus                        0x08003fe9   Thumb Code    10  stm32f10x_bkp.o(.text)
    BKP_ClearFlag                            0x08003ff3   Thumb Code    18  stm32f10x_bkp.o(.text)
    BKP_GetITStatus                          0x08004005   Thumb Code    10  stm32f10x_bkp.o(.text)
    BKP_ClearITPendingBit                    0x0800400f   Thumb Code    18  stm32f10x_bkp.o(.text)
    FSMC_NORSRAMDeInit                       0x08004029   Thumb Code    54  stm32f10x_fsmc.o(.text)
    FSMC_NANDDeInit                          0x0800405f   Thumb Code    62  stm32f10x_fsmc.o(.text)
    FSMC_PCCARDDeInit                        0x0800409d   Thumb Code    36  stm32f10x_fsmc.o(.text)
    FSMC_NORSRAMInit                         0x080040c1   Thumb Code   230  stm32f10x_fsmc.o(.text)
    FSMC_NANDInit                            0x080041a7   Thumb Code   132  stm32f10x_fsmc.o(.text)
    FSMC_PCCARDInit                          0x0800422b   Thumb Code   130  stm32f10x_fsmc.o(.text)
    FSMC_NORSRAMStructInit                   0x080042ad   Thumb Code   114  stm32f10x_fsmc.o(.text)
    FSMC_NANDStructInit                      0x0800431f   Thumb Code    54  stm32f10x_fsmc.o(.text)
    FSMC_PCCARDStructInit                    0x08004355   Thumb Code    60  stm32f10x_fsmc.o(.text)
    FSMC_NORSRAMCmd                          0x08004391   Thumb Code    46  stm32f10x_fsmc.o(.text)
    FSMC_NANDCmd                             0x080043bf   Thumb Code    86  stm32f10x_fsmc.o(.text)
    FSMC_PCCARDCmd                           0x08004415   Thumb Code    44  stm32f10x_fsmc.o(.text)
    FSMC_NANDECCCmd                          0x08004441   Thumb Code    90  stm32f10x_fsmc.o(.text)
    FSMC_GetECC                              0x0800449b   Thumb Code    24  stm32f10x_fsmc.o(.text)
    FSMC_ITConfig                            0x080044b3   Thumb Code   128  stm32f10x_fsmc.o(.text)
    FSMC_GetFlagStatus                       0x08004533   Thumb Code    54  stm32f10x_fsmc.o(.text)
    FSMC_ClearFlag                           0x08004569   Thumb Code    62  stm32f10x_fsmc.o(.text)
    FSMC_GetITStatus                         0x080045a7   Thumb Code    64  stm32f10x_fsmc.o(.text)
    FSMC_ClearITPendingBit                   0x080045e7   Thumb Code    68  stm32f10x_fsmc.o(.text)
    GPIO_DeInit                              0x08004635   Thumb Code   172  stm32f10x_gpio.o(.text)
    GPIO_AFIODeInit                          0x080046e1   Thumb Code    20  stm32f10x_gpio.o(.text)
    GPIO_Init                                0x080046f5   Thumb Code   278  stm32f10x_gpio.o(.text)
    GPIO_StructInit                          0x0800480b   Thumb Code    16  stm32f10x_gpio.o(.text)
    GPIO_ReadInputDataBit                    0x0800481b   Thumb Code    18  stm32f10x_gpio.o(.text)
    GPIO_ReadInputData                       0x0800482d   Thumb Code     8  stm32f10x_gpio.o(.text)
    GPIO_ReadOutputDataBit                   0x08004835   Thumb Code    18  stm32f10x_gpio.o(.text)
    GPIO_ReadOutputData                      0x08004847   Thumb Code     8  stm32f10x_gpio.o(.text)
    GPIO_SetBits                             0x0800484f   Thumb Code     4  stm32f10x_gpio.o(.text)
    GPIO_ResetBits                           0x08004853   Thumb Code     4  stm32f10x_gpio.o(.text)
    GPIO_WriteBit                            0x08004857   Thumb Code    10  stm32f10x_gpio.o(.text)
    GPIO_Write                               0x08004861   Thumb Code     4  stm32f10x_gpio.o(.text)
    GPIO_PinLockConfig                       0x08004865   Thumb Code    18  stm32f10x_gpio.o(.text)
    GPIO_EventOutputConfig                   0x08004877   Thumb Code    26  stm32f10x_gpio.o(.text)
    GPIO_EventOutputCmd                      0x08004891   Thumb Code     6  stm32f10x_gpio.o(.text)
    GPIO_PinRemapConfig                      0x08004897   Thumb Code   138  stm32f10x_gpio.o(.text)
    GPIO_EXTILineConfig                      0x08004921   Thumb Code    66  stm32f10x_gpio.o(.text)
    GPIO_ETH_MediaInterfaceConfig            0x08004963   Thumb Code     8  stm32f10x_gpio.o(.text)
    PWR_DeInit                               0x08004991   Thumb Code    22  stm32f10x_pwr.o(.text)
    PWR_BackupAccessCmd                      0x080049a7   Thumb Code     6  stm32f10x_pwr.o(.text)
    PWR_PVDCmd                               0x080049ad   Thumb Code     6  stm32f10x_pwr.o(.text)
    PWR_PVDLevelConfig                       0x080049b3   Thumb Code    18  stm32f10x_pwr.o(.text)
    PWR_WakeUpPinCmd                         0x080049c5   Thumb Code     8  stm32f10x_pwr.o(.text)
    PWR_EnterSTOPMode                        0x080049cd   Thumb Code    54  stm32f10x_pwr.o(.text)
    PWR_EnterSTANDBYMode                     0x08004a03   Thumb Code    42  stm32f10x_pwr.o(.text)
    PWR_GetFlagStatus                        0x08004a2d   Thumb Code    20  stm32f10x_pwr.o(.text)
    PWR_ClearFlag                            0x08004a41   Thumb Code    14  stm32f10x_pwr.o(.text)
    RCC_DeInit                               0x08004a5d   Thumb Code    64  stm32f10x_rcc.o(.text)
    RCC_HSEConfig                            0x08004a9d   Thumb Code    70  stm32f10x_rcc.o(.text)
    RCC_GetFlagStatus                        0x08004ae3   Thumb Code    56  stm32f10x_rcc.o(.text)
    RCC_WaitForHSEStartUp                    0x08004b1b   Thumb Code    56  stm32f10x_rcc.o(.text)
    RCC_AdjustHSICalibrationValue            0x08004b53   Thumb Code    20  stm32f10x_rcc.o(.text)
    RCC_HSICmd                               0x08004b67   Thumb Code     6  stm32f10x_rcc.o(.text)
    RCC_PLLConfig                            0x08004b6d   Thumb Code    24  stm32f10x_rcc.o(.text)
    RCC_PLLCmd                               0x08004b85   Thumb Code     6  stm32f10x_rcc.o(.text)
    RCC_SYSCLKConfig                         0x08004b8b   Thumb Code    18  stm32f10x_rcc.o(.text)
    RCC_GetSYSCLKSource                      0x08004b9d   Thumb Code    10  stm32f10x_rcc.o(.text)
    RCC_HCLKConfig                           0x08004ba7   Thumb Code    18  stm32f10x_rcc.o(.text)
    RCC_PCLK1Config                          0x08004bb9   Thumb Code    18  stm32f10x_rcc.o(.text)
    RCC_PCLK2Config                          0x08004bcb   Thumb Code    20  stm32f10x_rcc.o(.text)
    RCC_ITConfig                             0x08004bdf   Thumb Code    26  stm32f10x_rcc.o(.text)
    RCC_USBCLKConfig                         0x08004bf9   Thumb Code     8  stm32f10x_rcc.o(.text)
    RCC_ADCCLKConfig                         0x08004c01   Thumb Code    18  stm32f10x_rcc.o(.text)
    RCC_LSEConfig                            0x08004c13   Thumb Code    50  stm32f10x_rcc.o(.text)
    RCC_LSICmd                               0x08004c45   Thumb Code     6  stm32f10x_rcc.o(.text)
    RCC_RTCCLKConfig                         0x08004c4b   Thumb Code    12  stm32f10x_rcc.o(.text)
    RCC_RTCCLKCmd                            0x08004c57   Thumb Code     8  stm32f10x_rcc.o(.text)
    RCC_GetClocksFreq                        0x08004c5f   Thumb Code   192  stm32f10x_rcc.o(.text)
    RCC_AHBPeriphClockCmd                    0x08004d1f   Thumb Code    26  stm32f10x_rcc.o(.text)
    RCC_APB2PeriphClockCmd                   0x08004d39   Thumb Code    26  stm32f10x_rcc.o(.text)
    RCC_APB1PeriphClockCmd                   0x08004d53   Thumb Code    26  stm32f10x_rcc.o(.text)
    RCC_APB2PeriphResetCmd                   0x08004d6d   Thumb Code    26  stm32f10x_rcc.o(.text)
    RCC_APB1PeriphResetCmd                   0x08004d87   Thumb Code    26  stm32f10x_rcc.o(.text)
    RCC_BackupResetCmd                       0x08004da1   Thumb Code     8  stm32f10x_rcc.o(.text)
    RCC_ClockSecuritySystemCmd               0x08004da9   Thumb Code     6  stm32f10x_rcc.o(.text)
    RCC_MCOConfig                            0x08004daf   Thumb Code     6  stm32f10x_rcc.o(.text)
    RCC_ClearFlag                            0x08004db5   Thumb Code    14  stm32f10x_rcc.o(.text)
    RCC_GetITStatus                          0x08004dc3   Thumb Code    20  stm32f10x_rcc.o(.text)
    RCC_ClearITPendingBit                    0x08004dd7   Thumb Code     6  stm32f10x_rcc.o(.text)
    USART_DeInit                             0x08004e01   Thumb Code   134  stm32f10x_usart.o(.text)
    USART_Init                               0x08004e87   Thumb Code   210  stm32f10x_usart.o(.text)
    USART_StructInit                         0x08004f59   Thumb Code    24  stm32f10x_usart.o(.text)
    USART_ClockInit                          0x08004f71   Thumb Code    34  stm32f10x_usart.o(.text)
    USART_ClockStructInit                    0x08004f93   Thumb Code    12  stm32f10x_usart.o(.text)
    USART_Cmd                                0x08004f9f   Thumb Code    24  stm32f10x_usart.o(.text)
    USART_ITConfig                           0x08004fb7   Thumb Code    74  stm32f10x_usart.o(.text)
    USART_DMACmd                             0x08005001   Thumb Code    18  stm32f10x_usart.o(.text)
    USART_SetAddress                         0x08005013   Thumb Code    18  stm32f10x_usart.o(.text)
    USART_WakeUpConfig                       0x08005025   Thumb Code    18  stm32f10x_usart.o(.text)
    USART_ReceiverWakeUpCmd                  0x08005037   Thumb Code    24  stm32f10x_usart.o(.text)
    USART_LINBreakDetectLengthConfig         0x0800504f   Thumb Code    18  stm32f10x_usart.o(.text)
    USART_LINCmd                             0x08005061   Thumb Code    24  stm32f10x_usart.o(.text)
    USART_SendData                           0x08005079   Thumb Code     8  stm32f10x_usart.o(.text)
    USART_ReceiveData                        0x08005081   Thumb Code    10  stm32f10x_usart.o(.text)
    USART_SendBreak                          0x0800508b   Thumb Code    10  stm32f10x_usart.o(.text)
    USART_SetGuardTime                       0x08005095   Thumb Code    16  stm32f10x_usart.o(.text)
    USART_SetPrescaler                       0x080050a5   Thumb Code    16  stm32f10x_usart.o(.text)
    USART_SmartCardCmd                       0x080050b5   Thumb Code    24  stm32f10x_usart.o(.text)
    USART_SmartCardNACKCmd                   0x080050cd   Thumb Code    24  stm32f10x_usart.o(.text)
    USART_HalfDuplexCmd                      0x080050e5   Thumb Code    24  stm32f10x_usart.o(.text)
    USART_OverSampling8Cmd                   0x080050fd   Thumb Code    22  stm32f10x_usart.o(.text)
    USART_OneBitMethodCmd                    0x08005113   Thumb Code    24  stm32f10x_usart.o(.text)
    USART_IrDAConfig                         0x0800512b   Thumb Code    18  stm32f10x_usart.o(.text)
    USART_IrDACmd                            0x0800513d   Thumb Code    24  stm32f10x_usart.o(.text)
    USART_GetFlagStatus                      0x08005155   Thumb Code    26  stm32f10x_usart.o(.text)
    USART_ClearFlag                          0x0800516f   Thumb Code    18  stm32f10x_usart.o(.text)
    USART_GetITStatus                        0x08005181   Thumb Code    84  stm32f10x_usart.o(.text)
    USART_ClearITPendingBit                  0x080051d5   Thumb Code    52  stm32f10x_usart.o(.text)
    RTC_ITConfig                             0x08005209   Thumb Code    26  stm32f10x_rtc.o(.text)
    RTC_EnterConfigMode                      0x08005223   Thumb Code    18  stm32f10x_rtc.o(.text)
    RTC_ExitConfigMode                       0x08005235   Thumb Code    20  stm32f10x_rtc.o(.text)
    RTC_GetCounter                           0x08005249   Thumb Code    18  stm32f10x_rtc.o(.text)
    RTC_SetCounter                           0x0800525b   Thumb Code    26  stm32f10x_rtc.o(.text)
    RTC_SetPrescaler                         0x08005275   Thumb Code    28  stm32f10x_rtc.o(.text)
    RTC_SetAlarm                             0x08005291   Thumb Code    26  stm32f10x_rtc.o(.text)
    RTC_GetDivider                           0x080052ab   Thumb Code    22  stm32f10x_rtc.o(.text)
    RTC_WaitForLastTask                      0x080052c1   Thumb Code    18  stm32f10x_rtc.o(.text)
    RTC_WaitForSynchro                       0x080052d3   Thumb Code    36  stm32f10x_rtc.o(.text)
    RTC_GetFlagStatus                        0x080052f7   Thumb Code    22  stm32f10x_rtc.o(.text)
    RTC_ClearFlag                            0x0800530d   Thumb Code    16  stm32f10x_rtc.o(.text)
    RTC_GetITStatus                          0x0800531d   Thumb Code    32  stm32f10x_rtc.o(.text)
    RTC_ClearITPendingBit                    0x0800533d   Thumb Code    16  stm32f10x_rtc.o(.text)
    TIM_DeInit                               0x08005351   Thumb Code   424  stm32f10x_tim.o(.text)
    TIM_TimeBaseInit                         0x080054f9   Thumb Code   122  stm32f10x_tim.o(.text)
    TIM_OC1Init                              0x08005573   Thumb Code   132  stm32f10x_tim.o(.text)
    TIM_OC2Init                              0x080055f7   Thumb Code   154  stm32f10x_tim.o(.text)
    TIM_OC3Init                              0x08005691   Thumb Code   150  stm32f10x_tim.o(.text)
    TIM_OC4Init                              0x08005727   Thumb Code   182  stm32f10x_tim.o(.text)
    TIM_SetIC4Prescaler                      0x080057dd   Thumb Code    26  stm32f10x_tim.o(.text)
    TIM_SetIC3Prescaler                      0x08005879   Thumb Code    18  stm32f10x_tim.o(.text)
    TIM_SetIC2Prescaler                      0x08005905   Thumb Code    26  stm32f10x_tim.o(.text)
    TIM_SetIC1Prescaler                      0x080059a1   Thumb Code    18  stm32f10x_tim.o(.text)
    TIM_ICInit                               0x08005a1f   Thumb Code   150  stm32f10x_tim.o(.text)
    TIM_PWMIConfig                           0x08005ab5   Thumb Code   124  stm32f10x_tim.o(.text)
    TIM_BDTRConfig                           0x08005b31   Thumb Code    32  stm32f10x_tim.o(.text)
    TIM_TimeBaseStructInit                   0x08005b51   Thumb Code    18  stm32f10x_tim.o(.text)
    TIM_OCStructInit                         0x08005b63   Thumb Code    20  stm32f10x_tim.o(.text)
    TIM_ICStructInit                         0x08005b77   Thumb Code    18  stm32f10x_tim.o(.text)
    TIM_BDTRStructInit                       0x08005b89   Thumb Code    40  stm32f10x_tim.o(.text)
    TIM_Cmd                                  0x08005bb1   Thumb Code    24  stm32f10x_tim.o(.text)
    TIM_CtrlPWMOutputs                       0x08005bc9   Thumb Code    30  stm32f10x_tim.o(.text)
    TIM_ITConfig                             0x08005be7   Thumb Code    18  stm32f10x_tim.o(.text)
    TIM_GenerateEvent                        0x08005bf9   Thumb Code     4  stm32f10x_tim.o(.text)
    TIM_DMAConfig                            0x08005bfd   Thumb Code    10  stm32f10x_tim.o(.text)
    TIM_DMACmd                               0x08005c07   Thumb Code    18  stm32f10x_tim.o(.text)
    TIM_InternalClockConfig                  0x08005c19   Thumb Code    12  stm32f10x_tim.o(.text)
    TIM_SelectInputTrigger                   0x08005c25   Thumb Code    18  stm32f10x_tim.o(.text)
    TIM_ITRxExternalClockConfig              0x08005c37   Thumb Code    24  stm32f10x_tim.o(.text)
    TIM_TIxExternalClockConfig               0x08005c4f   Thumb Code    62  stm32f10x_tim.o(.text)
    TIM_ETRConfig                            0x08005c8d   Thumb Code    28  stm32f10x_tim.o(.text)
    TIM_ETRClockMode1Config                  0x08005ca9   Thumb Code    54  stm32f10x_tim.o(.text)
    TIM_ETRClockMode2Config                  0x08005cdf   Thumb Code    32  stm32f10x_tim.o(.text)
    TIM_PrescalerConfig                      0x08005cff   Thumb Code     6  stm32f10x_tim.o(.text)
    TIM_CounterModeConfig                    0x08005d05   Thumb Code    18  stm32f10x_tim.o(.text)
    TIM_EncoderInterfaceConfig               0x08005d17   Thumb Code    66  stm32f10x_tim.o(.text)
    TIM_ForcedOC1Config                      0x08005d59   Thumb Code    18  stm32f10x_tim.o(.text)
    TIM_ForcedOC2Config                      0x08005d6b   Thumb Code    26  stm32f10x_tim.o(.text)
    TIM_ForcedOC3Config                      0x08005d85   Thumb Code    18  stm32f10x_tim.o(.text)
    TIM_ForcedOC4Config                      0x08005d97   Thumb Code    26  stm32f10x_tim.o(.text)
    TIM_ARRPreloadConfig                     0x08005db1   Thumb Code    24  stm32f10x_tim.o(.text)
    TIM_SelectCOM                            0x08005dc9   Thumb Code    24  stm32f10x_tim.o(.text)
    TIM_SelectCCDMA                          0x08005de1   Thumb Code    24  stm32f10x_tim.o(.text)
    TIM_CCPreloadControl                     0x08005df9   Thumb Code    24  stm32f10x_tim.o(.text)
    TIM_OC1PreloadConfig                     0x08005e11   Thumb Code    18  stm32f10x_tim.o(.text)
    TIM_OC2PreloadConfig                     0x08005e23   Thumb Code    26  stm32f10x_tim.o(.text)
    TIM_OC3PreloadConfig                     0x08005e3d   Thumb Code    18  stm32f10x_tim.o(.text)
    TIM_OC4PreloadConfig                     0x08005e4f   Thumb Code    26  stm32f10x_tim.o(.text)
    TIM_OC1FastConfig                        0x08005e69   Thumb Code    18  stm32f10x_tim.o(.text)
    TIM_OC2FastConfig                        0x08005e7b   Thumb Code    26  stm32f10x_tim.o(.text)
    TIM_OC3FastConfig                        0x08005e95   Thumb Code    18  stm32f10x_tim.o(.text)
    TIM_OC4FastConfig                        0x08005ea7   Thumb Code    26  stm32f10x_tim.o(.text)
    TIM_ClearOC1Ref                          0x08005ec1   Thumb Code    18  stm32f10x_tim.o(.text)
    TIM_ClearOC2Ref                          0x08005ed3   Thumb Code    24  stm32f10x_tim.o(.text)
    TIM_ClearOC3Ref                          0x08005eeb   Thumb Code    18  stm32f10x_tim.o(.text)
    TIM_ClearOC4Ref                          0x08005efd   Thumb Code    24  stm32f10x_tim.o(.text)
    TIM_OC1PolarityConfig                    0x08005f15   Thumb Code    18  stm32f10x_tim.o(.text)
    TIM_OC1NPolarityConfig                   0x08005f27   Thumb Code    18  stm32f10x_tim.o(.text)
    TIM_OC2PolarityConfig                    0x08005f39   Thumb Code    26  stm32f10x_tim.o(.text)
    TIM_OC2NPolarityConfig                   0x08005f53   Thumb Code    26  stm32f10x_tim.o(.text)
    TIM_OC3PolarityConfig                    0x08005f6d   Thumb Code    26  stm32f10x_tim.o(.text)
    TIM_OC3NPolarityConfig                   0x08005f87   Thumb Code    26  stm32f10x_tim.o(.text)
    TIM_OC4PolarityConfig                    0x08005fa1   Thumb Code    26  stm32f10x_tim.o(.text)
    TIM_CCxCmd                               0x08005fbb   Thumb Code    30  stm32f10x_tim.o(.text)
    TIM_CCxNCmd                              0x08005fd9   Thumb Code    30  stm32f10x_tim.o(.text)
    TIM_SelectOCxM                           0x08005ff7   Thumb Code    82  stm32f10x_tim.o(.text)
    TIM_UpdateDisableConfig                  0x08006049   Thumb Code    24  stm32f10x_tim.o(.text)
    TIM_UpdateRequestConfig                  0x08006061   Thumb Code    24  stm32f10x_tim.o(.text)
    TIM_SelectHallSensor                     0x08006079   Thumb Code    24  stm32f10x_tim.o(.text)
    TIM_SelectOnePulseMode                   0x08006091   Thumb Code    18  stm32f10x_tim.o(.text)
    TIM_SelectOutputTrigger                  0x080060a3   Thumb Code    18  stm32f10x_tim.o(.text)
    TIM_SelectSlaveMode                      0x080060b5   Thumb Code    18  stm32f10x_tim.o(.text)
    TIM_SelectMasterSlaveMode                0x080060c7   Thumb Code    18  stm32f10x_tim.o(.text)
    TIM_SetCounter                           0x080060d9   Thumb Code     4  stm32f10x_tim.o(.text)
    TIM_SetAutoreload                        0x080060dd   Thumb Code     4  stm32f10x_tim.o(.text)
    TIM_SetCompare1                          0x080060e1   Thumb Code     4  stm32f10x_tim.o(.text)
    TIM_SetCompare2                          0x080060e5   Thumb Code     4  stm32f10x_tim.o(.text)
    TIM_SetCompare3                          0x080060e9   Thumb Code     4  stm32f10x_tim.o(.text)
    TIM_SetCompare4                          0x080060ed   Thumb Code     6  stm32f10x_tim.o(.text)
    TIM_SetClockDivision                     0x080060f3   Thumb Code    18  stm32f10x_tim.o(.text)
    TIM_GetCapture1                          0x08006105   Thumb Code     6  stm32f10x_tim.o(.text)
    TIM_GetCapture2                          0x0800610b   Thumb Code     6  stm32f10x_tim.o(.text)
    TIM_GetCapture3                          0x08006111   Thumb Code     6  stm32f10x_tim.o(.text)
    TIM_GetCapture4                          0x08006117   Thumb Code     8  stm32f10x_tim.o(.text)
    TIM_GetCounter                           0x0800611f   Thumb Code     6  stm32f10x_tim.o(.text)
    TIM_GetPrescaler                         0x08006125   Thumb Code     6  stm32f10x_tim.o(.text)
    TIM_GetFlagStatus                        0x0800612b   Thumb Code    18  stm32f10x_tim.o(.text)
    TIM_ClearFlag                            0x0800613d   Thumb Code     6  stm32f10x_tim.o(.text)
    TIM_GetITStatus                          0x08006143   Thumb Code    34  stm32f10x_tim.o(.text)
    TIM_ClearITPendingBit                    0x08006165   Thumb Code     6  stm32f10x_tim.o(.text)
    SPI_I2S_DeInit                           0x0800616d   Thumb Code    76  stm32f10x_spi.o(.text)
    SPI_Init                                 0x080061b9   Thumb Code    60  stm32f10x_spi.o(.text)
    I2S_Init                                 0x080061f5   Thumb Code   226  stm32f10x_spi.o(.text)
    SPI_StructInit                           0x080062d7   Thumb Code    24  stm32f10x_spi.o(.text)
    I2S_StructInit                           0x080062ef   Thumb Code    20  stm32f10x_spi.o(.text)
    SPI_Cmd                                  0x08006303   Thumb Code    24  stm32f10x_spi.o(.text)
    I2S_Cmd                                  0x0800631b   Thumb Code    24  stm32f10x_spi.o(.text)
    SPI_I2S_ITConfig                         0x08006333   Thumb Code    32  stm32f10x_spi.o(.text)
    SPI_I2S_DMACmd                           0x08006353   Thumb Code    18  stm32f10x_spi.o(.text)
    SPI_I2S_SendData                         0x08006365   Thumb Code     4  stm32f10x_spi.o(.text)
    SPI_I2S_ReceiveData                      0x08006369   Thumb Code     6  stm32f10x_spi.o(.text)
    SPI_NSSInternalSoftwareConfig            0x0800636f   Thumb Code    30  stm32f10x_spi.o(.text)
    SPI_SSOutputCmd                          0x0800638d   Thumb Code    24  stm32f10x_spi.o(.text)
    SPI_DataSizeConfig                       0x080063a5   Thumb Code    18  stm32f10x_spi.o(.text)
    SPI_TransmitCRC                          0x080063b7   Thumb Code    10  stm32f10x_spi.o(.text)
    SPI_CalculateCRC                         0x080063c1   Thumb Code    24  stm32f10x_spi.o(.text)
    SPI_GetCRC                               0x080063d9   Thumb Code    16  stm32f10x_spi.o(.text)
    SPI_GetCRCPolynomial                     0x080063e9   Thumb Code     6  stm32f10x_spi.o(.text)
    SPI_BiDirectionalLineConfig              0x080063ef   Thumb Code    28  stm32f10x_spi.o(.text)
    SPI_I2S_GetFlagStatus                    0x0800640b   Thumb Code    18  stm32f10x_spi.o(.text)
    SPI_I2S_ClearFlag                        0x0800641d   Thumb Code     6  stm32f10x_spi.o(.text)
    SPI_I2S_GetITStatus                      0x08006423   Thumb Code    52  stm32f10x_spi.o(.text)
    SPI_I2S_ClearITPendingBit                0x08006457   Thumb Code    20  stm32f10x_spi.o(.text)
    ADC_DeInit                               0x08006479   Thumb Code    78  stm32f10x_adc.o(.text)
    ADC_Init                                 0x080064c7   Thumb Code    70  stm32f10x_adc.o(.text)
    ADC_StructInit                           0x0800650d   Thumb Code    18  stm32f10x_adc.o(.text)
    ADC_Cmd                                  0x0800651f   Thumb Code    22  stm32f10x_adc.o(.text)
    ADC_DMACmd                               0x08006535   Thumb Code    22  stm32f10x_adc.o(.text)
    ADC_ITConfig                             0x0800654b   Thumb Code    24  stm32f10x_adc.o(.text)
    ADC_ResetCalibration                     0x08006563   Thumb Code    10  stm32f10x_adc.o(.text)
    ADC_GetResetCalibrationStatus            0x0800656d   Thumb Code    20  stm32f10x_adc.o(.text)
    ADC_StartCalibration                     0x08006581   Thumb Code    10  stm32f10x_adc.o(.text)
    ADC_GetCalibrationStatus                 0x0800658b   Thumb Code    20  stm32f10x_adc.o(.text)
    ADC_SoftwareStartConvCmd                 0x0800659f   Thumb Code    22  stm32f10x_adc.o(.text)
    ADC_GetSoftwareStartConvStatus           0x080065b5   Thumb Code    20  stm32f10x_adc.o(.text)
    ADC_DiscModeChannelCountConfig           0x080065c9   Thumb Code    24  stm32f10x_adc.o(.text)
    ADC_DiscModeCmd                          0x080065e1   Thumb Code    22  stm32f10x_adc.o(.text)
    ADC_RegularChannelConfig                 0x080065f7   Thumb Code   184  stm32f10x_adc.o(.text)
    ADC_ExternalTrigConvCmd                  0x080066af   Thumb Code    22  stm32f10x_adc.o(.text)
    ADC_GetConversionValue                   0x080066c5   Thumb Code     8  stm32f10x_adc.o(.text)
    ADC_GetDualModeConversionValue           0x080066cd   Thumb Code     8  stm32f10x_adc.o(.text)
    ADC_AutoInjectedConvCmd                  0x080066d5   Thumb Code    22  stm32f10x_adc.o(.text)
    ADC_InjectedDiscModeCmd                  0x080066eb   Thumb Code    22  stm32f10x_adc.o(.text)
    ADC_ExternalTrigInjectedConvConfig       0x08006701   Thumb Code    16  stm32f10x_adc.o(.text)
    ADC_ExternalTrigInjectedConvCmd          0x08006711   Thumb Code    22  stm32f10x_adc.o(.text)
    ADC_SoftwareStartInjectedConvCmd         0x08006727   Thumb Code    22  stm32f10x_adc.o(.text)
    ADC_GetSoftwareStartInjectedConvCmdStatus 0x0800673d   Thumb Code    20  stm32f10x_adc.o(.text)
    ADC_InjectedChannelConfig                0x08006751   Thumb Code   130  stm32f10x_adc.o(.text)
    ADC_InjectedSequencerLengthConfig        0x080067d3   Thumb Code    24  stm32f10x_adc.o(.text)
    ADC_SetInjectedOffset                    0x080067eb   Thumb Code    20  stm32f10x_adc.o(.text)
    ADC_GetInjectedConversionValue           0x080067ff   Thumb Code    28  stm32f10x_adc.o(.text)
    ADC_AnalogWatchdogCmd                    0x0800681b   Thumb Code    16  stm32f10x_adc.o(.text)
    ADC_AnalogWatchdogThresholdsConfig       0x0800682b   Thumb Code     6  stm32f10x_adc.o(.text)
    ADC_AnalogWatchdogSingleChannelConfig    0x08006831   Thumb Code    16  stm32f10x_adc.o(.text)
    ADC_TempSensorVrefintCmd                 0x08006841   Thumb Code    64  stm32f10x_adc.o(.text)
    ADC_GetFlagStatus                        0x08006881   Thumb Code    18  stm32f10x_adc.o(.text)
    ADC_ClearFlag                            0x08006893   Thumb Code     6  stm32f10x_adc.o(.text)
    ADC_GetITStatus                          0x08006899   Thumb Code    36  stm32f10x_adc.o(.text)
    ADC_ClearITPendingBit                    0x080068bd   Thumb Code    10  stm32f10x_adc.o(.text)
    usmart_sys_cmd_exe                       0x080068c9   Thumb Code  1570  usmart.o(.text)
    TIM2_IRQHandler                          0x08006eeb   Thumb Code    28  usmart.o(.text)
    Timer2_Init                              0x08006f07   Thumb Code    98  usmart.o(.text)
    usmart_init                              0x08006f69   Thumb Code    36  usmart.o(.text)
    usmart_cmd_rec                           0x08006f8d   Thumb Code   170  usmart.o(.text)
    usmart_exe                               0x08007037   Thumb Code   708  usmart.o(.text)
    usmart_scan                              0x080072fb   Thumb Code   120  usmart.o(.text)
    read_addr                                0x08007373   Thumb Code     6  usmart.o(.text)
    write_addr                               0x08007379   Thumb Code     4  usmart.o(.text)
    usmart_strcmp                            0x080073d5   Thumb Code    34  usmart_str.o(.text)
    usmart_strcopy                           0x080073f7   Thumb Code    22  usmart_str.o(.text)
    usmart_strlen                            0x0800740d   Thumb Code    24  usmart_str.o(.text)
    usmart_pow                               0x08007425   Thumb Code    22  usmart_str.o(.text)
    usmart_str2num                           0x0800743b   Thumb Code   202  usmart_str.o(.text)
    usmart_get_cmdname                       0x08007505   Thumb Code    54  usmart_str.o(.text)
    usmart_search_nextc                      0x0800753b   Thumb Code    20  usmart_str.o(.text)
    usmart_get_fname                         0x0800754f   Thumb Code   430  usmart_str.o(.text)
    usmart_get_aparm                         0x080076fd   Thumb Code   188  usmart_str.o(.text)
    usmart_get_parmpos                       0x080077b9   Thumb Code    26  usmart_str.o(.text)
    usmart_get_fparam                        0x080077d3   Thumb Code   262  usmart_str.o(.text)
    psock_send                               0x08007a7f   Thumb Code   102  psock.o(.text)
    psock_generator_send                     0x08007ae5   Thumb Code   124  psock.o(.text)
    psock_datalen                            0x08007b61   Thumb Code    12  psock.o(.text)
    psock_newdata                            0x08007b6d   Thumb Code    48  psock.o(.text)
    psock_readto                             0x08007b9d   Thumb Code   138  psock.o(.text)
    psock_readbuf                            0x08007c27   Thumb Code   138  psock.o(.text)
    psock_init                               0x08007cb1   Thumb Code    40  psock.o(.text)
    timer_set                                0x08007cfd   Thumb Code    16  timer.o(.text)
    timer_reset                              0x08007d0d   Thumb Code    10  timer.o(.text)
    timer_restart                            0x08007d17   Thumb Code    12  timer.o(.text)
    timer_expired                            0x08007d23   Thumb Code    26  timer.o(.text)
    uip_setipid                              0x08007d3d   Thumb Code     6  uip.o(.text)
    uip_add32                                0x08007d43   Thumb Code   106  uip.o(.text)
    htons                                    0x08007df3   Thumb Code    12  uip.o(.text)
    uip_chksum                               0x08007dff   Thumb Code    24  uip.o(.text)
    uip_ipchksum                             0x08007e17   Thumb Code    30  uip.o(.text)
    uip_tcpchksum                            0x08007e79   Thumb Code    10  uip.o(.text)
    uip_udpchksum                            0x08007e83   Thumb Code    10  uip.o(.text)
    uip_init                                 0x08007e8d   Thumb Code    92  uip.o(.text)
    uip_connect                              0x08007ee9   Thumb Code   254  uip.o(.text)
    uip_unlisten                             0x08007fe7   Thumb Code    58  uip.o(.text)
    uip_listen                               0x08008021   Thumb Code    54  uip.o(.text)
    uip_process                              0x08008091   Thumb Code  3974  uip.o(.text)
    uip_send                                 0x08009017   Thumb Code    38  uip.o(.text)
    uip_arp_init                             0x0800905d   Thumb Code    46  uip_arp.o(.text)
    uip_arp_timer                            0x0800908b   Thumb Code    76  uip_arp.o(.text)
    uip_arp_arpin                            0x080091e7   Thumb Code   216  uip_arp.o(.text)
    uip_arp_out                              0x080092bf   Thumb Code   366  uip_arp.o(.text)
    clock_time                               0x08009469   Thumb Code     6  clock-arch.o(.text)
    tapdev_init                              0x08009475   Thumb Code    46  tapdev.o(.text)
    tapdev_read                              0x080094a3   Thumb Code    16  tapdev.o(.text)
    tapdev_send                              0x080094b3   Thumb Code    14  tapdev.o(.text)
    tcp_client_senddata                      0x080094d1   Thumb Code    26  tcp_client_demo.o(.text)
    tcp_client_acked                         0x080094eb   Thumb Code    22  tcp_client_demo.o(.text)
    tcp_client_connected                     0x08009501   Thumb Code    48  tcp_client_demo.o(.text)
    tcp_client_reconnect                     0x08009531   Thumb Code    42  tcp_client_demo.o(.text)
    tcp_client_closed                        0x0800955b   Thumb Code    26  tcp_client_demo.o(.text)
    tcp_client_timedout                      0x08009575   Thumb Code    22  tcp_client_demo.o(.text)
    tcp_client_aborted                       0x0800958b   Thumb Code    26  tcp_client_demo.o(.text)
    tcp_client_demo_appcall                  0x080095a5   Thumb Code   230  tcp_client_demo.o(.text)
    tcp_demo_appcall                         0x08009749   Thumb Code    66  tcp_demo.o(.text)
    uip_log                                  0x0800978b   Thumb Code    14  tcp_demo.o(.text)
    tcp_server_senddata                      0x080097ad   Thumb Code    26  tcp_server_demo.o(.text)
    tcp_server_acked                         0x080097c7   Thumb Code    22  tcp_server_demo.o(.text)
    tcp_server_connected                     0x080097dd   Thumb Code    48  tcp_server_demo.o(.text)
    tcp_server_closed                        0x0800980d   Thumb Code    22  tcp_server_demo.o(.text)
    tcp_server_timedout                      0x08009823   Thumb Code    22  tcp_server_demo.o(.text)
    tcp_server_aborted                       0x08009839   Thumb Code    22  tcp_server_demo.o(.text)
    tcp_server_demo_appcall                  0x0800984f   Thumb Code   230  tcp_server_demo.o(.text)
    httpd_appcall                            0x0800a2a5   Thumb Code   154  httpd.o(.text)
    httpd_init                               0x0800a33f   Thumb Code    12  httpd.o(.text)
    httpd_cgi                                0x0800a367   Thumb Code    50  httpd-cgi.o(.text)
    httpd_fs_open                            0x0800a5e1   Thumb Code    66  httpd-fs.o(.text)
    httpd_fs_init                            0x0800a623   Thumb Code    22  httpd-fs.o(.text)
    httpd_fs_count                           0x0800a639   Thumb Code    42  httpd-fs.o(.text)
    __use_no_semihosting                     0x0800a66d   Thumb Code     2  use_no_semi_2.o(.text)
    __2printf                                0x0800a671   Thumb Code    20  __2printf.o(.text)
    __2sprintf                               0x0800a689   Thumb Code    38  __2sprintf.o(.text)
    __2snprintf                              0x0800a6b5   Thumb Code    50  __2snprintf.o(.text)
    _printf_pre_padding                      0x0800a6ed   Thumb Code    44  _printf_pad.o(.text)
    _printf_post_padding                     0x0800a719   Thumb Code    34  _printf_pad.o(.text)
    _printf_str                              0x0800a73b   Thumb Code    82  _printf_str.o(.text)
    _printf_int_dec                          0x0800a78d   Thumb Code   104  _printf_dec.o(.text)
    _printf_int_hex                          0x0800a805   Thumb Code    84  _printf_hex_int.o(.text)
    _printf_longlong_hex                     0x0800a805   Thumb Code     0  _printf_hex_int.o(.text)
    __printf                                 0x0800a85d   Thumb Code   388  __printf_flags_ss_wp.o(.text)
    strchr                                   0x0800a9e5   Thumb Code    20  strchr.o(.text)
    strstr                                   0x0800a9f9   Thumb Code    36  strstr.o(.text)
    strcpy                                   0x0800aa1d   Thumb Code    72  strcpy.o(.text)
    strrchr                                  0x0800aa65   Thumb Code    22  strrchr.o(.text)
    strlen                                   0x0800aa7b   Thumb Code    62  strlen.o(.text)
    strncmp                                  0x0800aab9   Thumb Code   150  strncmp.o(.text)
    __aeabi_memcpy                           0x0800ab4f   Thumb Code     0  rt_memcpy_v6.o(.text)
    __rt_memcpy                              0x0800ab4f   Thumb Code   138  rt_memcpy_v6.o(.text)
    _memcpy_lastbytes                        0x0800abb5   Thumb Code     0  rt_memcpy_v6.o(.text)
    __aeabi_memset                           0x0800abd9   Thumb Code    16  aeabi_memset.o(.text)
    strncpy                                  0x0800abe9   Thumb Code    86  strncpy.o(.text)
    __use_two_region_memory                  0x0800ac3f   Thumb Code     2  heapauxi.o(.text)
    __rt_heap_escrow$2region                 0x0800ac41   Thumb Code     2  heapauxi.o(.text)
    __rt_heap_expand$2region                 0x0800ac43   Thumb Code     2  heapauxi.o(.text)
    __I$use$semihosting                      0x0800ac45   Thumb Code     0  use_no_semi.o(.text)
    __use_no_semihosting_swi                 0x0800ac45   Thumb Code     2  use_no_semi.o(.text)
    _printf_int_common                       0x0800ac47   Thumb Code   178  _printf_intcommon.o(.text)
    _printf_char_common                      0x0800ad03   Thumb Code    32  _printf_char_common.o(.text)
    _sputc                                   0x0800ad29   Thumb Code    10  _sputc.o(.text)
    _snputc                                  0x0800ad33   Thumb Code    16  _snputc.o(.text)
    _printf_cs_common                        0x0800ad43   Thumb Code    20  _printf_char.o(.text)
    _printf_char                             0x0800ad57   Thumb Code    16  _printf_char.o(.text)
    _printf_string                           0x0800ad67   Thumb Code     8  _printf_char.o(.text)
    _printf_char_file                        0x0800ad71   Thumb Code    32  _printf_char_file.o(.text)
    __aeabi_memcpy4                          0x0800ad95   Thumb Code     0  rt_memcpy_w.o(.text)
    __aeabi_memcpy8                          0x0800ad95   Thumb Code     0  rt_memcpy_w.o(.text)
    __rt_memcpy_w                            0x0800ad95   Thumb Code   100  rt_memcpy_w.o(.text)
    _memcpy_lastbytes_aligned                0x0800addd   Thumb Code     0  rt_memcpy_w.o(.text)
    __aeabi_memclr                           0x0800adf9   Thumb Code     0  rt_memclr.o(.text)
    __rt_memclr                              0x0800adf9   Thumb Code    68  rt_memclr.o(.text)
    _memset                                  0x0800adfd   Thumb Code     0  rt_memclr.o(.text)
    ferror                                   0x0800ae3d   Thumb Code     8  ferror.o(.text)
    __aeabi_memclr4                          0x0800ae45   Thumb Code     0  rt_memclr_w.o(.text)
    __aeabi_memclr8                          0x0800ae45   Thumb Code     0  rt_memclr_w.o(.text)
    __rt_memclr_w                            0x0800ae45   Thumb Code    78  rt_memclr_w.o(.text)
    _memset_w                                0x0800ae49   Thumb Code     0  rt_memclr_w.o(.text)
    __user_setup_stackheap                   0x0800ae93   Thumb Code    74  sys_stackheap_outer.o(.text)
    exit                                     0x0800aedd   Thumb Code    18  exit.o(.text)
    __user_libspace                          0x0800aef1   Thumb Code     8  libspace.o(.text)
    __user_perproc_libspace                  0x0800aef1   Thumb Code     0  libspace.o(.text)
    __user_perthread_libspace                0x0800aef1   Thumb Code     0  libspace.o(.text)
    _is_digit                                0x0800aef9   Thumb Code    14  __printf_wp.o(i._is_digit)
    __aeabi_d2f                              0x0800af09   Thumb Code     0  d2f.o(x$fpl$d2f)
    _d2f                                     0x0800af09   Thumb Code    98  d2f.o(x$fpl$d2f)
    __aeabi_dadd                             0x0800af6d   Thumb Code     0  daddsub_clz.o(x$fpl$dadd)
    _dadd                                    0x0800af6d   Thumb Code   332  daddsub_clz.o(x$fpl$dadd)
    __aeabi_ddiv                             0x0800b0bd   Thumb Code     0  ddiv.o(x$fpl$ddiv)
    _ddiv                                    0x0800b0bd   Thumb Code   552  ddiv.o(x$fpl$ddiv)
    __aeabi_dmul                             0x0800b36d   Thumb Code     0  dmul.o(x$fpl$dmul)
    _dmul                                    0x0800b36d   Thumb Code   332  dmul.o(x$fpl$dmul)
    __fpl_dnaninf                            0x0800b4c1   Thumb Code   156  dnaninf.o(x$fpl$dnaninf)
    __fpl_dretinf                            0x0800b55d   Thumb Code    12  dretinf.o(x$fpl$dretinf)
    __aeabi_drsub                            0x0800b569   Thumb Code     0  daddsub_clz.o(x$fpl$drsb)
    _drsb                                    0x0800b569   Thumb Code    22  daddsub_clz.o(x$fpl$drsb)
    __aeabi_dsub                             0x0800b581   Thumb Code     0  daddsub_clz.o(x$fpl$dsub)
    _dsub                                    0x0800b581   Thumb Code   464  daddsub_clz.o(x$fpl$dsub)
    __aeabi_f2d                              0x0800b755   Thumb Code     0  f2d.o(x$fpl$f2d)
    _f2d                                     0x0800b755   Thumb Code    86  f2d.o(x$fpl$f2d)
    __aeabi_f2uiz                            0x0800b7ad   Thumb Code     0  ffixu.o(x$fpl$ffixu)
    _ffixu                                   0x0800b7ad   Thumb Code    62  ffixu.o(x$fpl$ffixu)
    __aeabi_ui2f                             0x0800b7ed   Thumb Code     0  fflt_clz.o(x$fpl$ffltu)
    _ffltu                                   0x0800b7ed   Thumb Code    38  fflt_clz.o(x$fpl$ffltu)
    __aeabi_fmul                             0x0800b815   Thumb Code     0  fmul.o(x$fpl$fmul)
    _fmul                                    0x0800b815   Thumb Code   258  fmul.o(x$fpl$fmul)
    __fpl_fnaninf                            0x0800b917   Thumb Code   140  fnaninf.o(x$fpl$fnaninf)
    __fpl_fretinf                            0x0800b9a3   Thumb Code    10  fretinf.o(x$fpl$fretinf)
    __I$use$fp                               0x0800b9ac   Number         0  usenofp.o(x$fpl$usenofp)
    asc2_1206                                0x0800b9ac   Data        1140  lcd.o(.constdata)
    asc2_1608                                0x0800be20   Data        1520  lcd.o(.constdata)
    table_week                               0x0800c410   Data          12  rtc.o(.constdata)
    mon_table                                0x0800c41c   Data          12  rtc.o(.constdata)
    mymac                                    0x0800c436   Data           6  tapdev.o(.constdata)
    file_processes_shtml                     0x0800d6c0   Data          20  httpd-fs.o(.constdata)
    file_404_html                            0x0800d6d4   Data          20  httpd-fs.o(.constdata)
    file_files_shtml                         0x0800d6e8   Data          20  httpd-fs.o(.constdata)
    file_footer_html                         0x0800d6fc   Data          20  httpd-fs.o(.constdata)
    file_header_html                         0x0800d710   Data          20  httpd-fs.o(.constdata)
    file_index_html                          0x0800d724   Data          20  httpd-fs.o(.constdata)
    file_style_css                           0x0800d738   Data          20  httpd-fs.o(.constdata)
    file_tcp_shtml                           0x0800d74c   Data          20  httpd-fs.o(.constdata)
    file_fade_png                            0x0800d760   Data          20  httpd-fs.o(.constdata)
    file_stats_shtml                         0x0800d774   Data          20  httpd-fs.o(.constdata)
    http_http                                0x0800d788   Data           8  http-strings.o(.constdata)
    http_200                                 0x0800d790   Data           5  http-strings.o(.constdata)
    http_301                                 0x0800d795   Data           5  http-strings.o(.constdata)
    http_302                                 0x0800d79a   Data           5  http-strings.o(.constdata)
    http_get                                 0x0800d79f   Data           5  http-strings.o(.constdata)
    http_10                                  0x0800d7a4   Data           9  http-strings.o(.constdata)
    http_11                                  0x0800d7ad   Data           9  http-strings.o(.constdata)
    http_content_type                        0x0800d7b6   Data          15  http-strings.o(.constdata)
    http_texthtml                            0x0800d7c5   Data          10  http-strings.o(.constdata)
    http_location                            0x0800d7cf   Data          11  http-strings.o(.constdata)
    http_host                                0x0800d7da   Data           7  http-strings.o(.constdata)
    http_crnl                                0x0800d7e1   Data           3  http-strings.o(.constdata)
    http_index_html                          0x0800d7e4   Data          12  http-strings.o(.constdata)
    http_404_html                            0x0800d7f0   Data          10  http-strings.o(.constdata)
    http_referer                             0x0800d7fa   Data           9  http-strings.o(.constdata)
    http_header_200                          0x0800d803   Data          84  http-strings.o(.constdata)
    http_header_404                          0x0800d857   Data          91  http-strings.o(.constdata)
    http_content_type_plain                  0x0800d8b2   Data          29  http-strings.o(.constdata)
    http_content_type_html                   0x0800d8cf   Data          28  http-strings.o(.constdata)
    http_content_type_css                    0x0800d8eb   Data          27  http-strings.o(.constdata)
    http_content_type_text                   0x0800d906   Data          28  http-strings.o(.constdata)
    http_content_type_png                    0x0800d922   Data          28  http-strings.o(.constdata)
    http_content_type_gif                    0x0800d93e   Data          28  http-strings.o(.constdata)
    http_content_type_jpg                    0x0800d95a   Data          29  http-strings.o(.constdata)
    http_content_type_binary                 0x0800d977   Data          43  http-strings.o(.constdata)
    http_html                                0x0800d9a2   Data           6  http-strings.o(.constdata)
    http_shtml                               0x0800d9a8   Data           7  http-strings.o(.constdata)
    http_htm                                 0x0800d9af   Data           5  http-strings.o(.constdata)
    http_css                                 0x0800d9b4   Data           5  http-strings.o(.constdata)
    http_png                                 0x0800d9b9   Data           5  http-strings.o(.constdata)
    http_gif                                 0x0800d9be   Data           5  http-strings.o(.constdata)
    http_jpg                                 0x0800d9c3   Data           5  http-strings.o(.constdata)
    http_text                                0x0800d9c8   Data           5  http-strings.o(.constdata)
    http_txt                                 0x0800d9cd   Data           5  http-strings.o(.constdata)
    Region$$Table$$Base                      0x0800dde0   Number         0  anon$$obj.o(Region$$Table)
    Region$$Table$$Limit                     0x0800de00   Number         0  anon$$obj.o(Region$$Table)
    SystemCoreClock                          0x20000014   Data           4  system_stm32f10x.o(.data)
    AHBPrescTable                            0x20000018   Data          16  system_stm32f10x.o(.data)
    POINT_COLOR                              0x2000002a   Data           2  lcd.o(.data)
    BACK_COLOR                               0x2000002c   Data           2  lcd.o(.data)
    uip_timer                                0x20000030   Data           4  timerx.o(.data)
    __stdout                                 0x20000040   Data           4  usart.o(.data)
    USART_RX_STA                             0x20000044   Data           2  usart.o(.data)
    sys_cmd_tab                              0x2000005c   Data          24  usmart.o(.data)
    usmart_nametab                           0x20000074   Data         120  usmart_config.o(.data)
    usmart_dev                               0x200000ec   Data         236  usmart_config.o(.data)
    uip_hostaddr                             0x200001d8   Data           4  uip.o(.data)
    uip_draddr                               0x200001dc   Data           4  uip.o(.data)
    uip_netmask                              0x200001e0   Data           4  uip.o(.data)
    uip_ethaddr                              0x200001e4   Data           6  uip.o(.data)
    uip_appdata                              0x200001ec   Data           4  uip.o(.data)
    uip_sappdata                             0x200001f0   Data           4  uip.o(.data)
    uip_len                                  0x200001f4   Data           2  uip.o(.data)
    uip_slen                                 0x200001f6   Data           2  uip.o(.data)
    uip_flags                                0x200001f8   Data           1  uip.o(.data)
    uip_conn                                 0x200001fc   Data           4  uip.o(.data)
    uip_acc32                                0x20000208   Data           4  uip.o(.data)
    tcp_client_sta                           0x20000218   Data           1  tcp_client_demo.o(.data)
    tcp_server_sta                           0x20000219   Data           1  tcp_server_demo.o(.data)
    LED0_ON_PIC_ADDR                         0x2000021c   Data           4  httpd.o(.data)
    LED1_ON_PIC_ADDR                         0x20000220   Data           4  httpd.o(.data)
    LED_OFF_PIC_ADDR                         0x20000224   Data           4  httpd.o(.data)
    data_index_html                          0x2000025c   Data        1673  httpd-fs.o(.data)
    lcddev                                   0x200008e8   Data          10  lcd.o(.bss)
    calendar                                 0x200008f2   Data          10  rtc.o(.bss)
    USART_RX_BUF                             0x200008fc   Data         200  usart.o(.bss)
    uip_buf                                  0x200009c4   Data        4098  uip.o(.bss)
    uip_conns                                0x200019c8   Data        1600  uip.o(.bss)
    uip_listenports                          0x20002008   Data          80  uip.o(.bss)
    uip_stat                                 0x20002058   Data          44  uip.o(.bss)
    tcp_client_databuf                       0x200020e4   Data         200  tcp_client_demo.o(.bss)
    tcp_server_databuf                       0x200021ac   Data         200  tcp_server_demo.o(.bss)
    __libspace_start                         0x20002288   Data          96  libspace.o(.bss)
    __temporary_stack_top$libspace           0x200022e8   Data           0  libspace.o(.bss)



==============================================================================

Memory Map of the image

  Image Entry point : 0x08000131

  Load Region LR_IROM1 (Base: 0x08000000, Size: 0x0000e6e8, Max: 0x00080000, ABSOLUTE, COMPRESSED[0x0000e284])

    Execution Region ER_IROM1 (Base: 0x08000000, Size: 0x0000de00, Max: 0x00080000, ABSOLUTE)

    Base Addr    Size         Type   Attr      Idx    E Section Name        Object

    0x08000000   0x00000130   Data   RO          418    RESET               startup_stm32f10x_hd.o
    0x08000130   0x00000008   Code   RO         1014  * !!!main             c_w.l(__main.o)
    0x08000138   0x00000034   Code   RO         1233    !!!scatter          c_w.l(__scatter.o)
    0x0800016c   0x00000064   Code   RO         1231    !!dclz77c           c_w.l(__dclz77c.o)
    0x080001d0   0x0000001c   Code   RO         1235    !!handler_zi        c_w.l(__scatter_zi.o)
    0x080001ec   0x00000000   Code   RO          993    .ARM.Collect$$_printf_percent$$00000000  c_w.l(_printf_percent.o)
    0x080001ec   0x00000006   Code   RO          991    .ARM.Collect$$_printf_percent$$00000009  c_w.l(_printf_d.o)
    0x080001f2   0x00000006   Code   RO          992    .ARM.Collect$$_printf_percent$$0000000A  c_w.l(_printf_u.o)
    0x080001f8   0x00000006   Code   RO          990    .ARM.Collect$$_printf_percent$$0000000C  c_w.l(_printf_x.o)
    0x080001fe   0x00000006   Code   RO          988    .ARM.Collect$$_printf_percent$$00000013  c_w.l(_printf_c.o)
    0x08000204   0x00000006   Code   RO          989    .ARM.Collect$$_printf_percent$$00000014  c_w.l(_printf_s.o)
    0x0800020a   0x00000004   Code   RO         1059    .ARM.Collect$$_printf_percent$$00000017  c_w.l(_printf_percent_end.o)
    0x0800020e   0x00000002   Code   RO         1105    .ARM.Collect$$libinit$$00000000  c_w.l(libinit.o)
    0x08000210   0x00000000   Code   RO         1112    .ARM.Collect$$libinit$$00000002  c_w.l(libinit2.o)
    0x08000210   0x00000000   Code   RO         1114    .ARM.Collect$$libinit$$00000004  c_w.l(libinit2.o)
    0x08000210   0x00000000   Code   RO         1117    .ARM.Collect$$libinit$$0000000A  c_w.l(libinit2.o)
    0x08000210   0x00000000   Code   RO         1119    .ARM.Collect$$libinit$$0000000C  c_w.l(libinit2.o)
    0x08000210   0x00000000   Code   RO         1121    .ARM.Collect$$libinit$$0000000E  c_w.l(libinit2.o)
    0x08000210   0x00000000   Code   RO         1124    .ARM.Collect$$libinit$$00000011  c_w.l(libinit2.o)
    0x08000210   0x00000000   Code   RO         1126    .ARM.Collect$$libinit$$00000013  c_w.l(libinit2.o)
    0x08000210   0x00000000   Code   RO         1128    .ARM.Collect$$libinit$$00000015  c_w.l(libinit2.o)
    0x08000210   0x00000000   Code   RO         1130    .ARM.Collect$$libinit$$00000017  c_w.l(libinit2.o)
    0x08000210   0x00000000   Code   RO         1132    .ARM.Collect$$libinit$$00000019  c_w.l(libinit2.o)
    0x08000210   0x00000000   Code   RO         1134    .ARM.Collect$$libinit$$0000001B  c_w.l(libinit2.o)
    0x08000210   0x00000000   Code   RO         1136    .ARM.Collect$$libinit$$0000001D  c_w.l(libinit2.o)
    0x08000210   0x00000000   Code   RO         1138    .ARM.Collect$$libinit$$0000001F  c_w.l(libinit2.o)
    0x08000210   0x00000000   Code   RO         1140    .ARM.Collect$$libinit$$00000021  c_w.l(libinit2.o)
    0x08000210   0x00000000   Code   RO         1142    .ARM.Collect$$libinit$$00000023  c_w.l(libinit2.o)
    0x08000210   0x00000000   Code   RO         1144    .ARM.Collect$$libinit$$00000025  c_w.l(libinit2.o)
    0x08000210   0x00000000   Code   RO         1148    .ARM.Collect$$libinit$$0000002C  c_w.l(libinit2.o)
    0x08000210   0x00000000   Code   RO         1150    .ARM.Collect$$libinit$$0000002E  c_w.l(libinit2.o)
    0x08000210   0x00000000   Code   RO         1152    .ARM.Collect$$libinit$$00000030  c_w.l(libinit2.o)
    0x08000210   0x00000000   Code   RO         1154    .ARM.Collect$$libinit$$00000032  c_w.l(libinit2.o)
    0x08000210   0x00000002   Code   RO         1155    .ARM.Collect$$libinit$$00000033  c_w.l(libinit2.o)
    0x08000212   0x00000002   Code   RO         1173    .ARM.Collect$$libshutdown$$00000000  c_w.l(libshutdown.o)
    0x08000214   0x00000000   Code   RO         1183    .ARM.Collect$$libshutdown$$00000002  c_w.l(libshutdown2.o)
    0x08000214   0x00000000   Code   RO         1185    .ARM.Collect$$libshutdown$$00000004  c_w.l(libshutdown2.o)
    0x08000214   0x00000000   Code   RO         1188    .ARM.Collect$$libshutdown$$00000007  c_w.l(libshutdown2.o)
    0x08000214   0x00000000   Code   RO         1191    .ARM.Collect$$libshutdown$$0000000A  c_w.l(libshutdown2.o)
    0x08000214   0x00000000   Code   RO         1193    .ARM.Collect$$libshutdown$$0000000C  c_w.l(libshutdown2.o)
    0x08000214   0x00000000   Code   RO         1196    .ARM.Collect$$libshutdown$$0000000F  c_w.l(libshutdown2.o)
    0x08000214   0x00000002   Code   RO         1197    .ARM.Collect$$libshutdown$$00000010  c_w.l(libshutdown2.o)
    0x08000216   0x00000000   Code   RO         1046    .ARM.Collect$$rtentry$$00000000  c_w.l(__rtentry.o)
    0x08000216   0x00000000   Code   RO         1074    .ARM.Collect$$rtentry$$00000002  c_w.l(__rtentry2.o)
    0x08000216   0x00000006   Code   RO         1086    .ARM.Collect$$rtentry$$00000004  c_w.l(__rtentry4.o)
    0x0800021c   0x00000000   Code   RO         1076    .ARM.Collect$$rtentry$$00000009  c_w.l(__rtentry2.o)
    0x0800021c   0x00000004   Code   RO         1077    .ARM.Collect$$rtentry$$0000000A  c_w.l(__rtentry2.o)
    0x08000220   0x00000000   Code   RO         1079    .ARM.Collect$$rtentry$$0000000C  c_w.l(__rtentry2.o)
    0x08000220   0x00000008   Code   RO         1080    .ARM.Collect$$rtentry$$0000000D  c_w.l(__rtentry2.o)
    0x08000228   0x00000002   Code   RO         1109    .ARM.Collect$$rtexit$$00000000  c_w.l(rtexit.o)
    0x0800022a   0x00000000   Code   RO         1157    .ARM.Collect$$rtexit$$00000002  c_w.l(rtexit2.o)
    0x0800022a   0x00000004   Code   RO         1158    .ARM.Collect$$rtexit$$00000003  c_w.l(rtexit2.o)
    0x0800022e   0x00000006   Code   RO         1159    .ARM.Collect$$rtexit$$00000004  c_w.l(rtexit2.o)
    0x08000234   0x0000078c   Code   RO            1    .text               main.o
    0x080009c0   0x0000001a   Code   RO          157    .text               stm32f10x_it.o
    0x080009da   0x00000002   PAD
    0x080009dc   0x000001e0   Code   RO          192    .text               system_stm32f10x.o
    0x08000bbc   0x0000004c   Code   RO          210    .text               led.o
    0x08000c08   0x000000fc   Code   RO          222    .text               key.o
    0x08000d04   0x000023c8   Code   RO          235    .text               lcd.o
    0x080030cc   0x00000384   Code   RO          258    .text               rtc.o
    0x08003450   0x00000104   Code   RO          294    .text               adc.o
    0x08003554   0x00000084   Code   RO          306    .text               timerx.o
    0x080035d8   0x00000108   Code   RO          324    .text               spi.o
    0x080036e0   0x00000548   Code   RO          339    .text               enc28j60.o
    0x08003c28   0x000000d4   Code   RO          356    .text               delay.o
    0x08003cfc   0x0000000c   Code   RO          370    .text               sys.o
    0x08003d08   0x00000140   Code   RO          382    .text               usart.o
    0x08003e48   0x00000040   Code   RO          419    .text               startup_stm32f10x_hd.o
    0x08003e88   0x000000dc   Code   RO          423    .text               misc.o
    0x08003f64   0x000000c4   Code   RO          435    .text               stm32f10x_bkp.o
    0x08004028   0x0000060c   Code   RO          462    .text               stm32f10x_fsmc.o
    0x08004634   0x0000035c   Code   RO          474    .text               stm32f10x_gpio.o
    0x08004990   0x000000cc   Code   RO          486    .text               stm32f10x_pwr.o
    0x08004a5c   0x000003a4   Code   RO          498    .text               stm32f10x_rcc.o
    0x08004e00   0x00000408   Code   RO          512    .text               stm32f10x_usart.o
    0x08005208   0x00000148   Code   RO          524    .text               stm32f10x_rtc.o
    0x08005350   0x00000e1a   Code   RO          536    .text               stm32f10x_tim.o
    0x0800616a   0x00000002   PAD
    0x0800616c   0x0000030c   Code   RO          548    .text               stm32f10x_spi.o
    0x08006478   0x0000044e   Code   RO          560    .text               stm32f10x_adc.o
    0x080068c6   0x00000002   PAD
    0x080068c8   0x00000b0c   Code   RO          572    .text               usmart.o
    0x080073d4   0x00000510   Code   RO          611    .text               usmart_str.o
    0x080078e4   0x00000418   Code   RO          623    .text               psock.o
    0x08007cfc   0x00000040   Code   RO          638    .text               timer.o
    0x08007d3c   0x00001320   Code   RO          650    .text               uip.o
    0x0800905c   0x0000040c   Code   RO          680    .text               uip_arp.o
    0x08009468   0x0000000c   Code   RO          761    .text               clock-arch.o
    0x08009474   0x0000005c   Code   RO          774    .text               tapdev.o
    0x080094d0   0x00000278   Code   RO          789    .text               tcp_client_demo.o
    0x08009748   0x00000064   Code   RO          813    .text               tcp_demo.o
    0x080097ac   0x00000244   Code   RO          831    .text               tcp_server_demo.o
    0x080099f0   0x00000964   Code   RO          855    .text               httpd.o
    0x0800a354   0x0000025c   Code   RO          877    .text               httpd-cgi.o
    0x0800a5b0   0x000000bc   Code   RO          893    .text               httpd-fs.o
    0x0800a66c   0x00000002   Code   RO          925    .text               c_w.l(use_no_semi_2.o)
    0x0800a66e   0x00000002   PAD
    0x0800a670   0x00000018   Code   RO          927    .text               c_w.l(__2printf.o)
    0x0800a688   0x0000002c   Code   RO          929    .text               c_w.l(__2sprintf.o)
    0x0800a6b4   0x00000038   Code   RO          931    .text               c_w.l(__2snprintf.o)
    0x0800a6ec   0x0000004e   Code   RO          941    .text               c_w.l(_printf_pad.o)
    0x0800a73a   0x00000052   Code   RO          943    .text               c_w.l(_printf_str.o)
    0x0800a78c   0x00000078   Code   RO          945    .text               c_w.l(_printf_dec.o)
    0x0800a804   0x00000058   Code   RO          950    .text               c_w.l(_printf_hex_int.o)
    0x0800a85c   0x00000188   Code   RO          985    .text               c_w.l(__printf_flags_ss_wp.o)
    0x0800a9e4   0x00000014   Code   RO          994    .text               c_w.l(strchr.o)
    0x0800a9f8   0x00000024   Code   RO          996    .text               c_w.l(strstr.o)
    0x0800aa1c   0x00000048   Code   RO          998    .text               c_w.l(strcpy.o)
    0x0800aa64   0x00000016   Code   RO         1000    .text               c_w.l(strrchr.o)
    0x0800aa7a   0x0000003e   Code   RO         1002    .text               c_w.l(strlen.o)
    0x0800aab8   0x00000096   Code   RO         1004    .text               c_w.l(strncmp.o)
    0x0800ab4e   0x0000008a   Code   RO         1006    .text               c_w.l(rt_memcpy_v6.o)
    0x0800abd8   0x00000010   Code   RO         1008    .text               c_w.l(aeabi_memset.o)
    0x0800abe8   0x00000056   Code   RO         1010    .text               c_w.l(strncpy.o)
    0x0800ac3e   0x00000006   Code   RO         1012    .text               c_w.l(heapauxi.o)
    0x0800ac44   0x00000002   Code   RO         1044    .text               c_w.l(use_no_semi.o)
    0x0800ac46   0x000000b2   Code   RO         1047    .text               c_w.l(_printf_intcommon.o)
    0x0800acf8   0x00000030   Code   RO         1049    .text               c_w.l(_printf_char_common.o)
    0x0800ad28   0x0000000a   Code   RO         1051    .text               c_w.l(_sputc.o)
    0x0800ad32   0x00000010   Code   RO         1053    .text               c_w.l(_snputc.o)
    0x0800ad42   0x0000002c   Code   RO         1055    .text               c_w.l(_printf_char.o)
    0x0800ad6e   0x00000002   PAD
    0x0800ad70   0x00000024   Code   RO         1057    .text               c_w.l(_printf_char_file.o)
    0x0800ad94   0x00000064   Code   RO         1060    .text               c_w.l(rt_memcpy_w.o)
    0x0800adf8   0x00000044   Code   RO         1062    .text               c_w.l(rt_memclr.o)
    0x0800ae3c   0x00000008   Code   RO         1090    .text               c_w.l(ferror.o)
    0x0800ae44   0x0000004e   Code   RO         1094    .text               c_w.l(rt_memclr_w.o)
    0x0800ae92   0x0000004a   Code   RO         1096    .text               c_w.l(sys_stackheap_outer.o)
    0x0800aedc   0x00000012   Code   RO         1098    .text               c_w.l(exit.o)
    0x0800aeee   0x00000002   PAD
    0x0800aef0   0x00000008   Code   RO         1106    .text               c_w.l(libspace.o)
    0x0800aef8   0x0000000e   Code   RO          978    i._is_digit         c_w.l(__printf_wp.o)
    0x0800af06   0x00000002   PAD
    0x0800af08   0x00000062   Code   RO         1016    x$fpl$d2f           fz_ws.l(d2f.o)
    0x0800af6a   0x00000002   PAD
    0x0800af6c   0x00000150   Code   RO         1018    x$fpl$dadd          fz_ws.l(daddsub_clz.o)
    0x0800b0bc   0x000002b0   Code   RO         1025    x$fpl$ddiv          fz_ws.l(ddiv.o)
    0x0800b36c   0x00000154   Code   RO         1028    x$fpl$dmul          fz_ws.l(dmul.o)
    0x0800b4c0   0x0000009c   Code   RO         1064    x$fpl$dnaninf       fz_ws.l(dnaninf.o)
    0x0800b55c   0x0000000c   Code   RO         1066    x$fpl$dretinf       fz_ws.l(dretinf.o)
    0x0800b568   0x00000016   Code   RO         1019    x$fpl$drsb          fz_ws.l(daddsub_clz.o)
    0x0800b57e   0x00000002   PAD
    0x0800b580   0x000001d4   Code   RO         1020    x$fpl$dsub          fz_ws.l(daddsub_clz.o)
    0x0800b754   0x00000056   Code   RO         1030    x$fpl$f2d           fz_ws.l(f2d.o)
    0x0800b7aa   0x00000002   PAD
    0x0800b7ac   0x0000003e   Code   RO         1032    x$fpl$ffixu         fz_ws.l(ffixu.o)
    0x0800b7ea   0x00000002   PAD
    0x0800b7ec   0x00000026   Code   RO         1036    x$fpl$ffltu         fz_ws.l(fflt_clz.o)
    0x0800b812   0x00000002   PAD
    0x0800b814   0x00000102   Code   RO         1042    x$fpl$fmul          fz_ws.l(fmul.o)
    0x0800b916   0x0000008c   Code   RO         1068    x$fpl$fnaninf       fz_ws.l(fnaninf.o)
    0x0800b9a2   0x0000000a   Code   RO         1070    x$fpl$fretinf       fz_ws.l(fretinf.o)
    0x0800b9ac   0x00000000   Code   RO         1072    x$fpl$usenofp       fz_ws.l(usenofp.o)
    0x0800b9ac   0x00000a64   Data   RO          237    .constdata          lcd.o
    0x0800c410   0x00000018   Data   RO          260    .constdata          rtc.o
    0x0800c428   0x00000004   Data   RO          652    .constdata          uip.o
    0x0800c42c   0x0000000a   Data   RO          682    .constdata          uip_arp.o
    0x0800c436   0x00000006   Data   RO          775    .constdata          tapdev.o
    0x0800c43c   0x0000006e   Data   RO          878    .constdata          httpd-cgi.o
    0x0800c4aa   0x00000002   PAD
    0x0800c4ac   0x000012dc   Data   RO          895    .constdata          httpd-fs.o
    0x0800d788   0x0000024a   Data   RO          916    .constdata          http-strings.o
    0x0800d9d2   0x00000028   Data   RO          951    .constdata          c_w.l(_printf_hex_int.o)
    0x0800d9fa   0x00000011   Data   RO          986    .constdata          c_w.l(__printf_flags_ss_wp.o)
    0x0800da0b   0x00000001   PAD
    0x0800da0c   0x00000020   Data   RO          573    .conststring        usmart.o
    0x0800da2c   0x0000022f   Data   RO          595    .conststring        usmart_config.o
    0x0800dc5b   0x00000001   PAD
    0x0800dc5c   0x000000f9   Data   RO          856    .conststring        httpd.o
    0x0800dd55   0x00000003   PAD
    0x0800dd58   0x00000086   Data   RO          879    .conststring        httpd-cgi.o
    0x0800ddde   0x00000002   PAD
    0x0800dde0   0x00000020   Data   RO         1229    Region$$Table       anon$$obj.o


    Execution Region RW_IRAM1 (Base: 0x20000000, Size: 0x000028e8, Max: 0x00010000, ABSOLUTE, COMPRESSED[0x00000484])

    Base Addr    Size         Type   Attr      Idx    E Section Name        Object

    0x20000000   0x00000011   Data   RW            2    .data               main.o
    0x20000011   0x00000003   PAD
    0x20000014   0x00000014   Data   RW          193    .data               system_stm32f10x.o
    0x20000028   0x00000001   Data   RW          223    .data               key.o
    0x20000029   0x00000001   PAD
    0x2000002a   0x00000004   Data   RW          238    .data               lcd.o
    0x2000002e   0x00000002   Data   RW          261    .data               rtc.o
    0x20000030   0x00000004   Data   RW          307    .data               timerx.o
    0x20000034   0x00000008   Data   RW          340    .data               enc28j60.o
    0x2000003c   0x00000004   Data   RW          357    .data               delay.o
    0x20000040   0x00000006   Data   RW          384    .data               usart.o
    0x20000046   0x00000014   Data   RW          499    .data               stm32f10x_rcc.o
    0x2000005a   0x00000002   PAD
    0x2000005c   0x00000018   Data   RW          574    .data               usmart.o
    0x20000074   0x00000164   Data   RW          596    .data               usmart_config.o
    0x200001d8   0x00000038   Data   RW          653    .data               uip.o
    0x20000210   0x00000008   Data   RW          683    .data               uip_arp.o
    0x20000218   0x00000001   Data   RW          791    .data               tcp_client_demo.o
    0x20000219   0x00000001   Data   RW          833    .data               tcp_server_demo.o
    0x2000021a   0x00000002   PAD
    0x2000021c   0x0000000c   Data   RW          857    .data               httpd.o
    0x20000228   0x00000034   Data   RW          880    .data               httpd-cgi.o
    0x2000025c   0x00000689   Data   RW          896    .data               httpd-fs.o
    0x200008e5   0x00000003   PAD
    0x200008e8   0x0000000a   Zero   RW          236    .bss                lcd.o
    0x200008f2   0x0000000a   Zero   RW          259    .bss                rtc.o
    0x200008fc   0x000000c8   Zero   RW          383    .bss                usart.o
    0x200009c4   0x000016c0   Zero   RW          651    .bss                uip.o
    0x20002084   0x00000060   Zero   RW          681    .bss                uip_arp.o
    0x200020e4   0x000000c8   Zero   RW          790    .bss                tcp_client_demo.o
    0x200021ac   0x000000c8   Zero   RW          832    .bss                tcp_server_demo.o
    0x20002274   0x00000014   Zero   RW          894    .bss                httpd-fs.o
    0x20002288   0x00000060   Zero   RW         1107    .bss                c_w.l(libspace.o)
    0x200022e8   0x00000200   Zero   RW          417    HEAP                startup_stm32f10x_hd.o
    0x200024e8   0x00000400   Zero   RW          416    STACK               startup_stm32f10x_hd.o


==============================================================================

Image component sizes


      Code (inc. data)   RO Data    RW Data    ZI Data      Debug   Object Name

       260         10          0          0          0       1211   adc.o
        12          6          0          0          0        541   clock-arch.o
         0          0          0          0          0         32   core_cm3.o
       212         18          0          4          0       1227   delay.o
      1352         38          0          8          0       5214   enc28j60.o
         0          0        586          0          0       2429   http-strings.o
       604         52        244         52          0       3724   httpd-cgi.o
       188         10       4828       1673         20       4614   httpd-fs.o
      2404        218        249         12          0       5782   httpd.o
       252         12          0          1          0        936   key.o
      9160        140       2660          4         10      17016   lcd.o
        76          8          0          0          0        591   led.o
      1932        466          0         17          0     293912   main.o
       220         22          0          0          0       1993   misc.o
      1048         36          0          0          0       4916   psock.o
       900         34         24          2         10       4100   rtc.o
       264         10          0          0          0       1217   spi.o
        64         26        304          0       1536        868   startup_stm32f10x_hd.o
      1102         26          0          0          0      11233   stm32f10x_adc.o
       196          8          0          0          0       3688   stm32f10x_bkp.o
      1548         18          0          0          0       5567   stm32f10x_fsmc.o
       860         38          0          0          0       5925   stm32f10x_gpio.o
        26          0          0          0          0       1274   stm32f10x_it.o
       204         14          0          0          0       2051   stm32f10x_pwr.o
       932         36          0         20          0       9196   stm32f10x_rcc.o
       328          4          0          0          0       2818   stm32f10x_rtc.o
       780         14          0          0          0       6806   stm32f10x_spi.o
      3610         88          0          0          0      23032   stm32f10x_tim.o
      1032         22          0          0          0       8648   stm32f10x_usart.o
        12          0          0          0          0        545   sys.o
       480         38          0         20          0       2027   system_stm32f10x.o
        92         16          6          0          0       1710   tapdev.o
       632        190          0          1        200      10104   tcp_client_demo.o
       100         20          0          0          0       1951   tcp_demo.o
       580        188          0          1        200       3365   tcp_server_demo.o
        64          0          0          0          0       1608   timer.o
       132         10          0          4          0       1220   timerx.o
      4896        522          4         56       5824      14904   uip.o
      1036         60         10          8         96       3363   uip_arp.o
       320         16          0          6        200       3462   usart.o
      2828       1156         32         24          0       4306   usmart.o
         0          0        559        356          0       1916   usmart_config.o
      1296         12          0          0          0       5389   usmart_str.o

    ----------------------------------------------------------------------
     42040       3602       9546       2280       8096     486431   Object Totals
         0          0         32          0          0          0   (incl. Generated)
         6          0          8         11          0          0   (incl. Padding)

    ----------------------------------------------------------------------

      Code (inc. data)   RO Data    RW Data    ZI Data      Debug   Library Member Name

        24          4          0          0          0         84   __2printf.o
        56          6          0          0          0         88   __2snprintf.o
        44          6          0          0          0         84   __2sprintf.o
       100          0          0          0          0          0   __dclz77c.o
         8          0          0          0          0         68   __main.o
       392          4         17          0          0         92   __printf_flags_ss_wp.o
        14          0          0          0          0         68   __printf_wp.o
         0          0          0          0          0          0   __rtentry.o
        12          0          0          0          0          0   __rtentry2.o
         6          0          0          0          0          0   __rtentry4.o
        52          8          0          0          0          0   __scatter.o
        28          0          0          0          0          0   __scatter_zi.o
         6          0          0          0          0          0   _printf_c.o
        44          0          0          0          0        108   _printf_char.o
        48          6          0          0          0         96   _printf_char_common.o
        36          4          0          0          0         80   _printf_char_file.o
         6          0          0          0          0          0   _printf_d.o
       120         16          0          0          0         92   _printf_dec.o
        88          4         40          0          0         88   _printf_hex_int.o
       178          0          0          0          0         88   _printf_intcommon.o
        78          0          0          0          0        108   _printf_pad.o
         0          0          0          0          0          0   _printf_percent.o
         4          0          0          0          0          0   _printf_percent_end.o
         6          0          0          0          0          0   _printf_s.o
        82          0          0          0          0         80   _printf_str.o
         6          0          0          0          0          0   _printf_u.o
         6          0          0          0          0          0   _printf_x.o
        16          0          0          0          0         68   _snputc.o
        10          0          0          0          0         68   _sputc.o
        16          0          0          0          0         68   aeabi_memset.o
        18          0          0          0          0         80   exit.o
         8          0          0          0          0         68   ferror.o
         6          0          0          0          0        152   heapauxi.o
         2          0          0          0          0          0   libinit.o
         2          0          0          0          0          0   libinit2.o
         2          0          0          0          0          0   libshutdown.o
         2          0          0          0          0          0   libshutdown2.o
         8          4          0          0         96         68   libspace.o
        68          0          0          0          0         68   rt_memclr.o
        78          0          0          0          0         80   rt_memclr_w.o
       138          0          0          0          0         68   rt_memcpy_v6.o
       100          0          0          0          0         80   rt_memcpy_w.o
         2          0          0          0          0          0   rtexit.o
        10          0          0          0          0          0   rtexit2.o
        20          0          0          0          0         68   strchr.o
        72          0          0          0          0         80   strcpy.o
        62          0          0          0          0         76   strlen.o
       150          0          0          0          0         80   strncmp.o
        86          0          0          0          0         76   strncpy.o
        22          0          0          0          0         68   strrchr.o
        36          0          0          0          0         80   strstr.o
        74          0          0          0          0         80   sys_stackheap_outer.o
         2          0          0          0          0         68   use_no_semi.o
         2          0          0          0          0         68   use_no_semi_2.o
        98          4          0          0          0         92   d2f.o
       826         16          0          0          0        348   daddsub_clz.o
       688        140          0          0          0        208   ddiv.o
       340         12          0          0          0        104   dmul.o
       156          4          0          0          0         92   dnaninf.o
        12          0          0          0          0         68   dretinf.o
        86          4          0          0          0         84   f2d.o
        62          4          0          0          0         84   ffixu.o
        38          0          0          0          0         68   fflt_clz.o
       258          4          0          0          0         84   fmul.o
       140          4          0          0          0         84   fnaninf.o
        10          0          0          0          0         68   fretinf.o
         0          0          0          0          0          0   usenofp.o

    ----------------------------------------------------------------------
      5188        254         58          0         96       4220   Library Totals
        18          0          1          0          0          0   (incl. Padding)

    ----------------------------------------------------------------------

      Code (inc. data)   RO Data    RW Data    ZI Data      Debug   Library Name

      2456         62         57          0         96       2836   c_w.l
      2714        192          0          0          0       1384   fz_ws.l

    ----------------------------------------------------------------------
      5188        254         58          0         96       4220   Library Totals

    ----------------------------------------------------------------------

==============================================================================


      Code (inc. data)   RO Data    RW Data    ZI Data      Debug   

     47228       3856       9604       2280       8192     484407   Grand Totals
     47228       3856       9604       1156       8192     484407   ELF Image Totals (compressed)
     47228       3856       9604       1156          0          0   ROM Totals

==============================================================================

    Total RO  Size (Code + RO Data)                56832 (  55.50kB)
    Total RW  Size (RW Data + ZI Data)             10472 (  10.23kB)
    Total ROM Size (Code + RO Data + RW Data)      57988 (  56.63kB)

==============================================================================

